<html>
<body>
<pre>
<h1>µVision Build Log</h1>
<h2>Tool Versions:</h2>
IDE-Version: µVision V5.38.0.0
Copyright (C) 2022 ARM Ltd and ARM Germany GmbH. All rights reserved.
License Information: Brandon Sjarif, National University of Singapore, LIC=----
 
Tool Versions:
Toolchain:       MDK-Lite  Version: 5.38.0.0
Toolchain Path:  C:\Keil_v5\ARM\ARMCLANG\Bin
C Compiler:      ArmClang.exe V6.19
Assembler:       Armasm.exe V6.19
Linker/Locator:  ArmLink.exe V6.19
Library Manager: ArmAr.exe V6.19
Hex Converter:   FromElf.exe V6.19
CPU DLL:         SARMCM3.DLL V5.38.0.0
Dialog DLL:      DARMCM1.DLL V1.19.6.0
Target DLL:      CMSIS_AGDI.dll V1.33.15.0
Dialog DLL:      TARMCM1.DLL V1.14.6.0
 
<h2>Project:</h2>
D:\C. University\Year 3 Semester 1\CG2271\newRTX\myRTX.uvprojx
Project File Date:  10/20/2023

<h2>Output:</h2>
*** Using Compiler 'V6.19', folder: 'C:\Keil_v5\ARM\ARMCLANG\Bin'
Rebuild target 'Target 1'
Serial.c(1): warning: // comments are not allowed in this language [-Wcomment]
#include "MKL25Z4.h" // Device header
                     ^
Serial.c(40): warning: no newline at end of file [-Wnewline-eof]
}
 ^
Serial.c(10): warning: no previous prototype for function 'initUART2' [-Wmissing-prototypes]
void initUART2 (uint32_t baud_rate) {
     ^
Serial.c(10): note: declare 'static' if the function is not intended to be used outside of this translation unit
void initUART2 (uint32_t baud_rate) {
^
static 
3 warnings generated.
compiling Serial.c...
assembling startup_MKL25Z4.s...
C:/Users/Brandon OS/AppData/Local/Arm/Packs/ARM/CMSIS/5.6.0/CMSIS/RTOS2/RTX/Source/rtx_lib.c(27): warning: In file included from...
./RTE/CMSIS\RTX_Config.h(38): warning: // comments are not allowed in this language [-Wcomment]
//-------- <<< Use Configuration Wizard in Context Menu >>> --------------------
^
C:/Users/Brandon OS/AppData/Local/Arm/Packs/ARM/CMSIS/5.6.0/CMSIS/RTOS2/RTX/Source/rtx_lib.c(28): warning: In file included from...
C:/Users/Brandon OS/AppData/Local/Arm/Packs/ARM/CMSIS/5.6.0/CMSIS/RTOS2/RTX/Include\rtx_os.h(31): warning: In file included from...
C:/Users/Brandon OS/AppData/Local/Arm/Packs/ARM/CMSIS/5.6.0/CMSIS/RTOS2/Include\cmsis_os2.h(73): warning: // comments are not allowed in this language [-Wcomment]
//  ==== Enumerations, structures, defines ====
^
C:/Users/Brandon OS/AppData/Local/Arm/Packs/ARM/CMSIS/5.6.0/CMSIS/RTOS2/RTX/Source/rtx_lib.c(28): warning: In file included from...
C:/Users/Brandon OS/AppData/Local/Arm/Packs/ARM/CMSIS/5.6.0/CMSIS/RTOS2/RTX/Include\rtx_os.h(39): warning: // comments are not allowed in this language [-Wcomment]
/// Kernel Information
^
C:/Users/Brandon OS/AppData/Local/Arm/Packs/ARM/CMSIS/5.6.0/CMSIS/RTOS2/RTX/Source/rtx_lib.c(34): warning: In file included from...
C:/Users/Brandon OS/AppData/Local/Arm/Packs/ARM/CMSIS/5.6.0/CMSIS/RTOS2/RTX/Include\rtx_evr.h(29): warning: // comments are not allowed in this language [-Wcomment]
#include "cmsis_os2.h"                  // CMSIS RTOS API
                                        ^
C:/Users/Brandon OS/AppData/Local/Arm/Packs/ARM/CMSIS/5.6.0/CMSIS/RTOS2/RTX/Source/rtx_lib.c(37): warning: // comments are not allowed in this language [-Wcomment]
// System Configuration
^
5 warnings generated.
compiling rtx_lib.c...
Audio.c(2): warning: In file included from...
./MotorControl.h(8): warning: // comments are not allowed in this language [-Wcomment]
// Function prototypes
^
Audio.c(3): warning: In file included from...
./Audio.h(100): warning: // comments are not allowed in this language [-Wcomment]
// Function prototypes
^
./Audio.h(102): warning: a function declaration without a prototype is deprecated in all versions of C [-Wstrict-prototypes]
void playEndAudio();
                 ^
                  void
Audio.c(4): warning: In file included from...
C:/Users/Brandon OS/AppData/Local/Arm/Packs/ARM/CMSIS/5.6.0/CMSIS/RTOS2/Include\cmsis_os2.h(73): warning: // comments are not allowed in this language [-Wcomment]
//  ==== Enumerations, structures, defines ====
^
Audio.c(9): warning: // comments are not allowed in this language [-Wcomment]
        return ((48000000 / 128) / freq) - 1;  // assume 48 MHz and 128 prescaler (PS)
                                               ^
Audio.c(13): warning: implicit conversion turns floating-point number into integer: 'float' to 'int' [-Wfloat-conversion]
        return (((48000000 / 128) / freq) - 1) * duty_cycle;
        ~~~~~~ ~~~~~~~~~~~~~~~~~~~~~~~~~~~~~~~~^~~~~~~~~~~~
Audio.c(16): warning: no previous extern declaration for non-static variable 'end_song' [-Wmissing-variable-declarations]
int end_song[] = {
    ^
Audio.c(16): note: declare 'static' if the variable is not intended to be used outside of this translation unit
int end_song[] = {
^
Audio.c(41): warning: a function declaration without a prototype is deprecated in all versions of C [-Wstrict-prototypes]
void playEndAudio() {
                 ^
                  void
Audio.c(43): warning: variable declaration in for loop is a C99-specific feature [-Wc99-extensions]
        for (int i = 0; i < size; ++i) {
             ^
Audio.c(43): warning: GCC does not allow variable declarations in for loop initializers before C99 [-Wgcc-compat]
Audio.c(45): warning: variable declaration in for loop is a C99-specific feature [-Wc99-extensions]
                        for (int j = 0; j < 16/end_song[2*i+1]; j++) {
                             ^
Audio.c(45): warning: GCC does not allow variable declarations in for loop initializers before C99 [-Wgcc-compat]
Audio.c(47): warning: implicit conversion changes signedness: 'int' to 'uint32_t' (aka 'unsigned int') [-Wsign-conversion]
                                TPM0->MOD = freq;
                                          ~ ^~~~
Audio.c(48): warning: implicit conversion changes signedness: 'int' to 'uint32_t' (aka 'unsigned int') [-Wsign-conversion]
                                TPM0_C3V = duty_cycle_calc(freq, (float) 0.1);  
                                         ~ ^~~~~~~~~~~~~~~~~~~~~~~~~~~~~~~~~~
Audio.c(41): warning: no previous prototype for function 'playEndAudio' [-Wmissing-prototypes]
void playEndAudio() {
     ^
./Audio.h(102): note: this declaration is not a prototype; add 'void' to make it a prototype for a zero-parameter function
void playEndAudio();
     ^
                  void
15 warnings generated.
compiling Audio.c...
MotorControl.c(3): warning: // comments are not allowed in this language [-Wcomment]
#define PTB0_Pin 0 //FRONT RIGHT
                   ^
MotorControl.c(11): warning: implicit conversion turns floating-point number into integer: 'float' to 'int' [-Wfloat-conversion]
        return 6000*(duty_cycle/100);
        ~~~~~~ ~~~~^~~~~~~~~~~~~~~~~
MotorControl.c(10): warning: no previous prototype for function 'pwm_cal' [-Wmissing-prototypes]
int pwm_cal(float duty_cycle) {
    ^
MotorControl.c(10): note: declare 'static' if the function is not intended to be used outside of this translation unit
int pwm_cal(float duty_cycle) {
^
static 
MotorControl.c(13): warning: no previous prototype for function 'parseMove' [-Wmissing-prototypes]
char parseMove(uint8_t data) {
     ^
MotorControl.c(13): note: declare 'static' if the function is not intended to be used outside of this translation unit
char parseMove(uint8_t data) {
^
static 
MotorControl.c(26): warning: non-void function does not return a value in all control paths [-Wreturn-type]
}
^
MotorControl.c(28): warning: no previous prototype for function 'initMotor' [-Wmissing-prototypes]
void initMotor (void) {
     ^
MotorControl.c(28): note: declare 'static' if the function is not intended to be used outside of this translation unit
void initMotor (void) {
^
static 
MotorControl.c(72): warning: implicit conversion changes signedness: 'int' to 'uint32_t' (aka 'unsigned int') [-Wsign-conversion]
        uint32_t pwm = pwm_cal(val);
                 ~~~   ^~~~~~~~~~~~
MotorControl.c(71): warning: no previous prototype for function 'rightMotorMove' [-Wmissing-prototypes]
void rightMotorMove(int dir, float val) {
     ^
MotorControl.c(71): note: declare 'static' if the function is not intended to be used outside of this translation unit
void rightMotorMove(int dir, float val) {
^
static 
MotorControl.c(86): warning: implicit conversion changes signedness: 'int' to 'uint32_t' (aka 'unsigned int') [-Wsign-conversion]
        uint32_t pwm = pwm_cal(val);
                 ~~~   ^~~~~~~~~~~~
MotorControl.c(85): warning: no previous prototype for function 'leftMotorMove' [-Wmissing-prototypes]
void leftMotorMove(int dir, float val) {
     ^
MotorControl.c(85): note: declare 'static' if the function is not intended to be used outside of this translation unit
void leftMotorMove(int dir, float val) {
^
static 
MotorControl.c(99): warning: no previous prototype for function 'forward' [-Wmissing-prototypes]
void forward(void) {
     ^
MotorControl.c(99): note: declare 'static' if the function is not intended to be used outside of this translation unit
void forward(void) {
^
static 
MotorControl.c(104): warning: no previous prototype for function 'backward' [-Wmissing-prototypes]
void backward(void) {
     ^
MotorControl.c(104): note: declare 'static' if the function is not intended to be used outside of this translation unit
void backward(void) {
^
static 
MotorControl.c(109): warning: no previous prototype for function 'left' [-Wmissing-prototypes]
void left(void) {
     ^
MotorControl.c(109): note: declare 'static' if the function is not intended to be used outside of this translation unit
void left(void) {
^
static 
MotorControl.c(114): warning: no previous prototype for function 'right' [-Wmissing-prototypes]
void right(void) {
     ^
MotorControl.c(114): note: declare 'static' if the function is not intended to be used outside of this translation unit
void right(void) {
^
static 
MotorControl.c(119): warning: no previous prototype for function 'stop' [-Wmissing-prototypes]
void stop(void) {
     ^
MotorControl.c(119): note: declare 'static' if the function is not intended to be used outside of this translation unit
void stop(void) {
^
static 
MotorControl.c(124): warning: no previous prototype for function 'rightForward' [-Wmissing-prototypes]
void rightForward(void) {
     ^
MotorControl.c(124): note: declare 'static' if the function is not intended to be used outside of this translation unit
void rightForward(void) {
^
static 
MotorControl.c(129): warning: no previous prototype for function 'rightBackward' [-Wmissing-prototypes]
void rightBackward(void) {
     ^
MotorControl.c(129): note: declare 'static' if the function is not intended to be used outside of this translation unit
void rightBackward(void) {
^
static 
MotorControl.c(134): warning: no previous prototype for function 'leftForward' [-Wmissing-prototypes]
void leftForward(void) {
     ^
MotorControl.c(134): note: declare 'static' if the function is not intended to be used outside of this translation unit
void leftForward(void) {
^
static 
MotorControl.c(142): warning: no newline at end of file [-Wnewline-eof]
}
 ^
MotorControl.c(139): warning: no previous prototype for function 'leftBackward' [-Wmissing-prototypes]
void leftBackward(void) {
     ^
MotorControl.c(139): note: declare 'static' if the function is not intended to be used outside of this translation unit
void leftBackward(void) {
^
static 
20 warnings generated.
compiling MotorControl.c...
compiling system_MKL25Z4.c...
RTE/CMSIS/RTX_Config.c(29): warning: In file included from...
C:/Users/Brandon OS/AppData/Local/Arm/Packs/ARM/CMSIS/5.6.0/CMSIS/RTOS2/RTX/Include\rtx_os.h(31): warning: In file included from...
C:/Users/Brandon OS/AppData/Local/Arm/Packs/ARM/CMSIS/5.6.0/CMSIS/RTOS2/Include\cmsis_os2.h(73): warning: // comments are not allowed in this language [-Wcomment]
//  ==== Enumerations, structures, defines ====
^
RTE/CMSIS/RTX_Config.c(29): warning: In file included from...
C:/Users/Brandon OS/AppData/Local/Arm/Packs/ARM/CMSIS/5.6.0/CMSIS/RTOS2/RTX/Include\rtx_os.h(39): warning: // comments are not allowed in this language [-Wcomment]
/// Kernel Information
^
RTE/CMSIS/RTX_Config.c(31): warning: // comments are not allowed in this language [-Wcomment]
// OS Idle Thread
^
3 warnings generated.
compiling RTX_Config.c...
main.c(7): warning: In file included from...
C:/Users/Brandon OS/AppData/Local/Arm/Packs/ARM/CMSIS/5.6.0/CMSIS/RTOS2/Include\cmsis_os2.h(73): warning: // comments are not allowed in this language [-Wcomment]
//  ==== Enumerations, structures, defines ====
^
main.c(9): warning: In file included from...
./MotorControl.h(8): warning: // comments are not allowed in this language [-Wcomment]
// Function prototypes
^
main.c(10): warning: In file included from...
./Serial.h(6): warning: // comments are not allowed in this language [-Wcomment]
// Function prototypes
^
main.c(11): warning: In file included from...
./Audio.h(100): warning: // comments are not allowed in this language [-Wcomment]
// Function prototypes
^
./Audio.h(102): warning: a function declaration without a prototype is deprecated in all versions of C [-Wstrict-prototypes]
void playEndAudio();
                 ^
                  void
main.c(12): warning: In file included from...
./LED.h(12): warning: designated initializers are a C99 feature [-Wc99-designator]
        .stack_mem  = &runningled_stk[0],
        ^
./LED.h(11): warning: no previous extern declaration for non-static variable 'runningled_attr' [-Wmissing-variable-declarations]
const osThreadAttr_t runningled_attr = {
                     ^
./LED.h(11): note: declare 'static' if the variable is not intended to be used outside of this translation unit
const osThreadAttr_t runningled_attr = {
      ^
./LED.h(16): warning: designated initializers are a C99 feature [-Wc99-designator]
        .stack_mem  = &flashled_stk1[0],
        ^
./LED.h(15): warning: no previous extern declaration for non-static variable 'flashled_attr1' [-Wmissing-variable-declarations]
const osThreadAttr_t flashled_attr1 = {
                     ^
./LED.h(15): note: declare 'static' if the variable is not intended to be used outside of this translation unit
const osThreadAttr_t flashled_attr1 = {
      ^
./LED.h(20): warning: designated initializers are a C99 feature [-Wc99-designator]
        .stack_mem  = &flashled_stk2[0],
        ^
./LED.h(19): warning: no previous extern declaration for non-static variable 'flashled_attr2' [-Wmissing-variable-declarations]
const osThreadAttr_t flashled_attr2 = {
                     ^
./LED.h(19): note: declare 'static' if the variable is not intended to be used outside of this translation unit
const osThreadAttr_t flashled_attr2 = {
      ^
./LED.h(24): warning: designated initializers are a C99 feature [-Wc99-designator]
        .stack_mem  = &allled_stk[0],
        ^
./LED.h(23): warning: no previous extern declaration for non-static variable 'allled_attr' [-Wmissing-variable-declarations]
const osThreadAttr_t allled_attr = {
                     ^
./LED.h(23): note: declare 'static' if the variable is not intended to be used outside of this translation unit
const osThreadAttr_t allled_attr = {
      ^
./LED.h(35): warning: no previous prototype for function 'runningLedThread' [-Wmissing-prototypes]
osThreadId_t runningLedThread(void) {
             ^
./LED.h(35): note: declare 'static' if the function is not intended to be used outside of this translation unit
osThreadId_t runningLedThread(void) {
^
static 
./LED.h(38): warning: no previous prototype for function 'flashLedStationaryThread' [-Wmissing-prototypes]
osThreadId_t flashLedStationaryThread(void) {
             ^
./LED.h(38): note: declare 'static' if the function is not intended to be used outside of this translation unit
osThreadId_t flashLedStationaryThread(void) {
^
static 
./LED.h(41): warning: no previous prototype for function 'flashLedMovingThread' [-Wmissing-prototypes]
osThreadId_t flashLedMovingThread(void) {
             ^
./LED.h(41): note: declare 'static' if the function is not intended to be used outside of this translation unit
osThreadId_t flashLedMovingThread(void) {
^
static 
./LED.h(44): warning: no previous prototype for function 'lightAllLedThread' [-Wmissing-prototypes]
osThreadId_t lightAllLedThread(void) {
             ^
./LED.h(44): note: declare 'static' if the function is not intended to be used outside of this translation unit
osThreadId_t lightAllLedThread(void) {
^
static 
main.c(25): warning: // comments are not allowed in this language [-Wcomment]
        NOTE_AS4,8, NOTE_AS4,8, NOTE_AS4,8,//1
                                           ^
main.c(24): warning: no previous extern declaration for non-static variable 'run_song' [-Wmissing-variable-declarations]
 int run_song[] = {
     ^
main.c(24): note: declare 'static' if the variable is not intended to be used outside of this translation unit
 int run_song[] = {
 ^
main.c(47): warning: no previous prototype for function 'UART2_IRQHandler' [-Wmissing-prototypes]
void UART2_IRQHandler(void) {
     ^
main.c(47): note: declare 'static' if the function is not intended to be used outside of this translation unit
void UART2_IRQHandler(void) {
^
static 
main.c(55): warning: a function declaration without a prototype is deprecated in all versions of C [-Wstrict-prototypes]
void run_sound_thread() {
                     ^
                      void
main.c(58): warning: variable declaration in for loop is a C99-specific feature [-Wc99-extensions]
                for (int i = 0; i < size; ++i) {
                     ^
main.c(58): warning: GCC does not allow variable declarations in for loop initializers before C99 [-Wgcc-compat]
main.c(61): warning: variable declaration in for loop is a C99-specific feature [-Wc99-extensions]
                                for (int j = 0; j < 16/run_song[2*i+1]; j++) {
                                     ^
main.c(61): warning: GCC does not allow variable declarations in for loop initializers before C99 [-Wgcc-compat]
main.c(63): warning: implicit conversion changes signedness: 'int' to 'uint32_t' (aka 'unsigned int') [-Wsign-conversion]
                                        TPM0->MOD = freq;
                                                  ~ ^~~~
main.c(64): warning: implicit conversion changes signedness: 'int' to 'uint32_t' (aka 'unsigned int') [-Wsign-conversion]
                                        TPM0_C3V = duty_cycle_calc(freq, (float) 0.1);  
                                                 ~ ^~~~~~~~~~~~~~~~~~~~~~~~~~~~~~~~~~
main.c(55): warning: no previous prototype for function 'run_sound_thread' [-Wmissing-prototypes]
void run_sound_thread() {
     ^
main.c(55): note: declare 'static' if the function is not intended to be used outside of this translation unit
void run_sound_thread() {
^
static 
main.c(55): warning: function 'run_sound_thread' could be declared with attribute 'noreturn' [-Wmissing-noreturn]
void run_sound_thread() {
                        ^
main.c(77): warning: no previous prototype for function 'UART2_Receive_Poll' [-Wmissing-prototypes]
uint8_t UART2_Receive_Poll(void) {
        ^
main.c(77): note: declare 'static' if the function is not intended to be used outside of this translation unit
uint8_t UART2_Receive_Poll(void) {
^
static 
main.c(82): warning: unused parameter 'argument' [-Wunused-parameter]
void poll_thread (void *argument) {
                        ^
main.c(82): warning: no previous prototype for function 'poll_thread' [-Wmissing-prototypes]
void poll_thread (void *argument) {
     ^
main.c(82): note: declare 'static' if the function is not intended to be used outside of this translation unit
void poll_thread (void *argument) {
^
static 
main.c(82): warning: function 'poll_thread' could be declared with attribute 'noreturn' [-Wmissing-noreturn]
void poll_thread (void *argument) {
                                  ^
main.c(88): warning: unused parameter 'argument' [-Wunused-parameter]
void end_sound_thread (void *argument) {
                             ^
main.c(88): warning: no previous prototype for function 'end_sound_thread' [-Wmissing-prototypes]
void end_sound_thread (void *argument) {
     ^
main.c(88): note: declare 'static' if the function is not intended to be used outside of this translation unit
void end_sound_thread (void *argument) {
^
static 
main.c(88): warning: function 'end_sound_thread' could be declared with attribute 'noreturn' [-Wmissing-noreturn]
void end_sound_thread (void *argument) {
                                       ^
main.c(95): warning: unused parameter 'argument' [-Wunused-parameter]
void control (void* argument) {
                    ^
main.c(95): warning: no previous prototype for function 'control' [-Wmissing-prototypes]
void control (void* argument) {
     ^
main.c(95): note: declare 'static' if the function is not intended to be used outside of this translation unit
void control (void* argument) {
^
static 
main.c(95): warning: function 'control' could be declared with attribute 'noreturn' [-Wmissing-noreturn]
void control (void* argument) {
                              ^
main.c(153): warning: unused parameter 'argument' [-Wunused-parameter]
 void motor_thread(void* argument) {
                         ^
main.c(153): warning: no previous prototype for function 'motor_thread' [-Wmissing-prototypes]
 void motor_thread(void* argument) {
      ^
main.c(153): note: declare 'static' if the function is not intended to be used outside of this translation unit
 void motor_thread(void* argument) {
 ^
 static 
main.c(153): warning: function 'motor_thread' could be declared with attribute 'noreturn' [-Wmissing-noreturn]
 void motor_thread(void* argument) {
                                   ^
main.c(19): warning: no previous extern declaration for non-static variable 'flagRunningSound' [-Wmissing-variable-declarations]
        flagRunningSound, flagEndingSound, 
        ^
main.c(18): note: declare 'static' if the variable is not intended to be used outside of this translation unit
 osEventFlagsId_t 
 ^
main.c(19): warning: no previous extern declaration for non-static variable 'flagEndingSound' [-Wmissing-variable-declarations]
        flagRunningSound, flagEndingSound, 
                          ^
main.c(18): note: declare 'static' if the variable is not intended to be used outside of this translation unit
 osEventFlagsId_t 
 ^
main.c(20): warning: no previous extern declaration for non-static variable 'flagFinish' [-Wmissing-variable-declarations]
        flagFinish,
        ^
main.c(18): note: declare 'static' if the variable is not intended to be used outside of this translation unit
 osEventFlagsId_t 
 ^
main.c(21): warning: no previous extern declaration for non-static variable 'flagRunning' [-Wmissing-variable-declarations]
        flagRunning, flagStation
        ^
main.c(18): note: declare 'static' if the variable is not intended to be used outside of this translation unit
 osEventFlagsId_t 
 ^
main.c(21): warning: no previous extern declaration for non-static variable 'flagStation' [-Wmissing-variable-declarations]
        flagRunning, flagStation
                     ^
main.c(18): note: declare 'static' if the variable is not intended to be used outside of this translation unit
 osEventFlagsId_t 
 ^
main.c(46): warning: no previous extern declaration for non-static variable 'rx_data' [-Wmissing-variable-declarations]
volatile char rx_data;
              ^
main.c(46): note: declare 'static' if the variable is not intended to be used outside of this translation unit
volatile char rx_data;
         ^
48 warnings generated.
compiling main.c...
LED.c(2): warning: In file included from...
C:/Users/Brandon OS/AppData/Local/Arm/Packs/ARM/CMSIS/5.6.0/CMSIS/RTOS2/Include\cmsis_os2.h(73): warning: // comments are not allowed in this language [-Wcomment]
//  ==== Enumerations, structures, defines ====
^
LED.c(31): warning: mixing declarations and code is a C99 extension [-Wdeclaration-after-statement]
        led_node node;
                 ^
LED.c(29): warning: no previous prototype for function 'initLED' [-Wmissing-prototypes]
led_node initLED(int portNumber, PORT_Type* port, GPIO_Type* gpio) {
         ^
LED.c(29): note: declare 'static' if the function is not intended to be used outside of this translation unit
led_node initLED(int portNumber, PORT_Type* port, GPIO_Type* gpio) {
^
static 
LED.c(43): warning: no previous prototype for function 'setLEDOutput' [-Wmissing-prototypes]
void setLEDOutput(led_node node, states state) {
     ^
LED.c(43): note: declare 'static' if the function is not intended to be used outside of this translation unit
void setLEDOutput(led_node node, states state) {
^
static 
LED.c(66): warning: initializer for aggregate is not a compile-time constant [-Wc99-extensions]
        led_node nodes[10] = {node0, node1, node2, node3, node4, node5, node6, node7, node8, node9};
                              ^~~~~
LED.c(67): warning: address of stack memory associated with local variable 'nodes' returned [-Wreturn-stack-address]
        return nodes;
               ^~~~~
LED.c(54): warning: no previous prototype for function 'initFrontLED' [-Wmissing-prototypes]
led_node* initFrontLED(void) {
          ^
LED.c(54): note: declare 'static' if the function is not intended to be used outside of this translation unit
led_node* initFrontLED(void) {
^
static 
LED.c(70): warning: a function declaration without a prototype is deprecated in all versions of C [-Wstrict-prototypes]
led_node* initBackLED() {
                     ^
                      void
LED.c(82): warning: initializer for aggregate is not a compile-time constant [-Wc99-extensions]
        led_node nodes[10] = {node0, node1, node2, node3, node4, node5, node6, node7, node8, node9};
                              ^~~~~
LED.c(83): warning: address of stack memory associated with local variable 'nodes' returned [-Wreturn-stack-address]
        return nodes;
               ^~~~~
LED.c(70): warning: no previous prototype for function 'initBackLED' [-Wmissing-prototypes]
led_node* initBackLED() {
          ^
LED.c(70): note: declare 'static' if the function is not intended to be used outside of this translation unit
led_node* initBackLED() {
^
static 
LED.c(89): warning: variable declaration in for loop is a C99-specific feature [-Wc99-extensions]
        for (int i = 0; i < NUM_LEDS; i++) {
             ^
LED.c(89): warning: GCC does not allow variable declarations in for loop initializers before C99 [-Wgcc-compat]
LED.c(87): warning: no previous prototype for function 'offAllLED' [-Wmissing-prototypes]
void offAllLED(void) {
     ^
LED.c(87): note: declare 'static' if the function is not intended to be used outside of this translation unit
void offAllLED(void) {
^
static 
LED.c(94): warning: unused parameter 'argument' [-Wunused-parameter]
void flashLEDFast(void *argument) {
                        ^
LED.c(94): warning: no previous prototype for function 'flashLEDFast' [-Wmissing-prototypes]
void flashLEDFast(void *argument) {
     ^
LED.c(94): note: declare 'static' if the function is not intended to be used outside of this translation unit
void flashLEDFast(void *argument) {
^
static 
LED.c(94): warning: function 'flashLEDFast' could be declared with attribute 'noreturn' [-Wmissing-noreturn]
void flashLEDFast(void *argument) {
                                  ^
LED.c(127): warning: unused parameter 'argument' [-Wunused-parameter]
void flashLEDSlow(void *argument) {
                        ^
LED.c(127): warning: no previous prototype for function 'flashLEDSlow' [-Wmissing-prototypes]
void flashLEDSlow(void *argument) {
     ^
LED.c(127): note: declare 'static' if the function is not intended to be used outside of this translation unit
void flashLEDSlow(void *argument) {
^
static 
LED.c(127): warning: function 'flashLEDSlow' could be declared with attribute 'noreturn' [-Wmissing-noreturn]
void flashLEDSlow(void *argument) {
                                  ^
LED.c(162): warning: variable declaration in for loop is a C99-specific feature [-Wc99-extensions]
        for (int i = 0; i < NUM_LEDS; i++) {
             ^
LED.c(162): warning: GCC does not allow variable declarations in for loop initializers before C99 [-Wgcc-compat]
LED.c(160): warning: unused parameter 'argument' [-Wunused-parameter]
void lightAllLED(void *argument) {
                       ^
LED.c(160): warning: no previous prototype for function 'lightAllLED' [-Wmissing-prototypes]
void lightAllLED(void *argument) {
     ^
LED.c(160): note: declare 'static' if the function is not intended to be used outside of this translation unit
void lightAllLED(void *argument) {
^
static 
LED.c(173): warning: variable declaration in for loop is a C99-specific feature [-Wc99-extensions]
        for (int i = 0; i < NUM_LEDS; i++) {
             ^
LED.c(173): warning: GCC does not allow variable declarations in for loop initializers before C99 [-Wgcc-compat]
LED.c(179): warning: variable declaration in for loop is a C99-specific feature [-Wc99-extensions]
                        for (int i = 0; i < NUM_LEDS; i++) {
                             ^
LED.c(179): warning: GCC does not allow variable declarations in for loop initializers before C99 [-Wgcc-compat]
LED.c(179): warning: declaration shadows a local variable [-Wshadow]
                        for (int i = 0; i < NUM_LEDS; i++) {
                                 ^
LED.c(173): note: previous declaration is here
        for (int i = 0; i < NUM_LEDS; i++) {
                 ^
LED.c(192): warning: variable declaration in for loop is a C99-specific feature [-Wc99-extensions]
                        for (int i = NUM_LEDS-1; i >= 0; i--) {
                             ^
LED.c(192): warning: GCC does not allow variable declarations in for loop initializers before C99 [-Wgcc-compat]
LED.c(192): warning: declaration shadows a local variable [-Wshadow]
                        for (int i = NUM_LEDS-1; i >= 0; i--) {
                                 ^
LED.c(173): note: previous declaration is here
        for (int i = 0; i < NUM_LEDS; i++) {
                 ^
LED.c(205): warning: no newline at end of file [-Wnewline-eof]
}
 ^
LED.c(170): warning: unused parameter 'argument' [-Wunused-parameter]
void runningLED(void *argument) {
                      ^
LED.c(170): warning: no previous prototype for function 'runningLED' [-Wmissing-prototypes]
void runningLED(void *argument) {
     ^
LED.c(170): note: declare 'static' if the function is not intended to be used outside of this translation unit
void runningLED(void *argument) {
^
static 
LED.c(173): warning: loop will run at most once (loop increment never executed) [-Wunreachable-code-loop-increment]
        for (int i = 0; i < NUM_LEDS; i++) {
                                      ^~~
LED.c(22): warning: unused function 'delay' [-Wunused-function]
static void delay(volatile uint32_t nof) {  
            ^
37 warnings generated.
compiling LED.c...
linking...
Program Size: Code=11548 RO-data=568 RW-data=976 ZI-data=6256  
".\Objects\myRTX.axf" - 0 Error(s), 131 Warning(s).

<h2>Software Packages used:</h2>

Package Vendor: ARM
                http://www.keil.com/pack/ARM.CMSIS.5.6.0.pack
                ARM.CMSIS.5.6.0
                CMSIS (Cortex Microcontroller Software Interface Standard)
   * Component: RTOS2 Version: 2.1.3
   * Component: CORE Version: 5.3.0
   * Component: Keil RTX5 Variant: Library Version: 5.5.1

Package Vendor: Keil
                http://www.keil.com/pack/Keil.Kinetis_KLxx_DFP.1.15.0.pack
                Keil.Kinetis_KLxx_DFP.1.15.0
                NXP Kinetis KLxx Series Device Support and Examples
   * Component: Startup Version: 2.5.0

<h2>Collection of Component include folders:</h2>
  ./RTE/CMSIS
  ./RTE/Device/MKL25Z128xxx4
  ./RTE/_Target_1
  C:/Users/Brandon OS/AppData/Local/Arm/Packs/ARM/CMSIS/5.6.0/CMSIS/Core/Include
  C:/Users/Brandon OS/AppData/Local/Arm/Packs/ARM/CMSIS/5.6.0/CMSIS/RTOS2/Include
  C:/Users/Brandon OS/AppData/Local/Arm/Packs/ARM/CMSIS/5.6.0/CMSIS/RTOS2/RTX/Include
  C:/Users/Brandon OS/AppData/Local/Arm/Packs/Keil/Kinetis_KLxx_DFP/1.15.0/Device/Include

<h2>Collection of Component Files used:</h2>

   * Component: ::CMSIS:RTOS2:2.1.3 (API)
      Include file:  CMSIS/RTOS2/Include/cmsis_os2.h

   * Component: ARM::CMSIS:CORE:5.3.0

   * Component: ARM::CMSIS:RTOS2:Keil RTX5:Library:5.5.1
      Source file:   CMSIS/RTOS2/RTX/Template/Thread.c
      Source file:   CMSIS/RTOS2/RTX/Template/Semaphore.c
      Source file:   CMSIS/RTOS2/RTX/Template/Timer.c
      Source file:   CMSIS/RTOS2/RTX/Template/MsgQueue.c
      Source file:   CMSIS/RTOS2/RTX/Template/main.c
      Source file:   CMSIS/RTOS2/RTX/Template/svc_user.c
      Source file:   CMSIS/RTOS2/RTX/Template/Events.c
      Source file:   CMSIS/RTOS2/RTX/Source/rtx_lib.c
      Library file:  CMSIS/RTOS2/RTX/Library/ARM/RTX_CM0.lib
      Source file:   CMSIS/RTOS2/RTX/Template/MemPool.c
      Source file:   CMSIS/RTOS2/RTX/Template/Mutex.c
      Include file:  CMSIS/RTOS2/RTX/Config/RTX_Config.h
      Source file:   CMSIS/RTOS2/RTX/Config/RTX_Config.c
      Include file:  CMSIS/RTOS2/RTX/Include/rtx_os.h

   * Component: Keil::Device:Startup:2.5.0
      Source file:   Device/Source/ARM/startup_MKL25Z4.s
      Include file:  Device/Source/system_MKL25Z4.h
      Source file:   Device/Source/system_MKL25Z4.c
Build Time Elapsed:  00:00:09
</pre>
</body>
</html>
