<html>
<body>
<pre>
<h1>µVision Build Log</h1>
<h2>Tool Versions:</h2>
IDE-Version: µVision V5.38.0.0
Copyright (C) 2022 ARM Ltd and ARM Germany GmbH. All rights reserved.
License Information: Brandon Sjarif, National University of Singapore, LIC=----
 
Tool Versions:
Toolchain:       MDK-Lite  Version: 5.38.0.0
Toolchain Path:  C:\Keil_v5\ARM\ARMCLANG\Bin
C Compiler:      ArmClang.exe V6.19
Assembler:       Armasm.exe V6.19
Linker/Locator:  ArmLink.exe V6.19
Library Manager: ArmAr.exe V6.19
Hex Converter:   FromElf.exe V6.19
CPU DLL:         SARMCM3.DLL V5.38.0.0
Dialog DLL:      DARMCM1.DLL V1.19.6.0
Target DLL:      CMSIS_AGDI.dll V1.33.15.0
Dialog DLL:      TARMCM1.DLL V1.14.6.0
 
<h2>Project:</h2>
D:\C. University\Year 3 Semester 1\CG2271\newRTX\myRTX.uvprojx
Project File Date:  10/18/2023

<h2>Output:</h2>
*** Using Compiler 'V6.19', folder: 'C:\Keil_v5\ARM\ARMCLANG\Bin'
Rebuild target 'Target 1'
Audio.c(8): warning: ISO C requires a translation unit to contain at least one declaration [-Wempty-translation-unit]
^
1 warning generated.
compiling Audio.c...
main.c(7): warning: In file included from...
C:/Users/Brandon OS/AppData/Local/Arm/Packs/ARM/CMSIS/5.6.0/CMSIS/RTOS2/Include\cmsis_os2.h(73): warning: // comments are not allowed in this language [-Wcomment]
//  ==== Enumerations, structures, defines ====
^
main.c(9): warning: In file included from...
./MotorControl.h(5): warning: // comments are not allowed in this language [-Wcomment]
// Function prototypes
^
main.c(10): warning: In file included from...
./Serial.h(6): warning: // comments are not allowed in this language [-Wcomment]
// Function prototypes
^
main.c(22): warning: unused parameter 'argument' [-Wunused-parameter]
void motor_thread (void *argument) {
                         ^
main.c(22): warning: no previous prototype for function 'motor_thread' [-Wmissing-prototypes]
void motor_thread (void *argument) {
     ^
main.c(22): note: declare 'static' if the function is not intended to be used outside of this translation unit
void motor_thread (void *argument) {
^
static 
main.c(22): warning: function 'motor_thread' could be declared with attribute 'noreturn' [-Wmissing-noreturn]
void motor_thread (void *argument) {
                                   ^
main.c(29): warning: unused parameter 'argument' [-Wunused-parameter]
void brain_thread (void *argument) {
                         ^
main.c(29): warning: no previous prototype for function 'brain_thread' [-Wmissing-prototypes]
void brain_thread (void *argument) {
     ^
main.c(29): note: declare 'static' if the function is not intended to be used outside of this translation unit
void brain_thread (void *argument) {
^
static 
main.c(29): warning: function 'brain_thread' could be declared with attribute 'noreturn' [-Wmissing-noreturn]
void brain_thread (void *argument) {
                                   ^
main.c(36): warning: unused parameter 'argument' [-Wunused-parameter]
void audio_thread (void *argument) {
                         ^
main.c(36): warning: no previous prototype for function 'audio_thread' [-Wmissing-prototypes]
void audio_thread (void *argument) {
     ^
main.c(36): note: declare 'static' if the function is not intended to be used outside of this translation unit
void audio_thread (void *argument) {
^
static 
main.c(42): warning: // comments are not allowed in this language [-Wcomment]
  // System Initialization
  ^
main.c(15): warning: no previous extern declaration for non-static variable 'rx_data' [-Wmissing-variable-declarations]
 uint8_t rx_data;
         ^
main.c(15): note: declare 'static' if the variable is not intended to be used outside of this translation unit
 uint8_t rx_data;
 ^
13 warnings generated.
compiling main.c...
compiling system_MKL25Z4.c...
assembling startup_MKL25Z4.s...
Serial.c(1): warning: // comments are not allowed in this language [-Wcomment]
#include "MKL25Z4.h" // Device header
                     ^
Serial.c(9): warning: no previous prototype for function 'UART2_Receive_Poll' [-Wmissing-prototypes]
uint8_t UART2_Receive_Poll(void) {
        ^
Serial.c(9): note: declare 'static' if the function is not intended to be used outside of this translation unit
uint8_t UART2_Receive_Poll(void) {
^
static 
Serial.c(14): warning: no previous prototype for function 'initUART2' [-Wmissing-prototypes]
void initUART2 (uint32_t baud_rate) { 
     ^
Serial.c(14): note: declare 'static' if the function is not intended to be used outside of this translation unit
void initUART2 (uint32_t baud_rate) { 
^
static 
Serial.c(46): warning: no newline at end of file [-Wnewline-eof]
}
 ^
Serial.c(41): warning: no previous prototype for function 'serial' [-Wmissing-prototypes]
uint8_t serial(void) {
        ^
Serial.c(41): note: declare 'static' if the function is not intended to be used outside of this translation unit
uint8_t serial(void) {
^
static 
5 warnings generated.
compiling Serial.c...
RTE/CMSIS/RTX_Config.c(29): warning: In file included from...
C:/Users/Brandon OS/AppData/Local/Arm/Packs/ARM/CMSIS/5.6.0/CMSIS/RTOS2/RTX/Include\rtx_os.h(31): warning: In file included from...
C:/Users/Brandon OS/AppData/Local/Arm/Packs/ARM/CMSIS/5.6.0/CMSIS/RTOS2/Include\cmsis_os2.h(73): warning: // comments are not allowed in this language [-Wcomment]
//  ==== Enumerations, structures, defines ====
^
RTE/CMSIS/RTX_Config.c(29): warning: In file included from...
C:/Users/Brandon OS/AppData/Local/Arm/Packs/ARM/CMSIS/5.6.0/CMSIS/RTOS2/RTX/Include\rtx_os.h(39): warning: // comments are not allowed in this language [-Wcomment]
/// Kernel Information
^
RTE/CMSIS/RTX_Config.c(31): warning: // comments are not allowed in this language [-Wcomment]
// OS Idle Thread
^
3 warnings generated.
compiling RTX_Config.c...
C:/Users/Brandon OS/AppData/Local/Arm/Packs/ARM/CMSIS/5.6.0/CMSIS/RTOS2/RTX/Source/rtx_lib.c(27): warning: In file included from...
./RTE/CMSIS\RTX_Config.h(38): warning: // comments are not allowed in this language [-Wcomment]
//-------- <<< Use Configuration Wizard in Context Menu >>> --------------------
^
C:/Users/Brandon OS/AppData/Local/Arm/Packs/ARM/CMSIS/5.6.0/CMSIS/RTOS2/RTX/Source/rtx_lib.c(28): warning: In file included from...
C:/Users/Brandon OS/AppData/Local/Arm/Packs/ARM/CMSIS/5.6.0/CMSIS/RTOS2/RTX/Include\rtx_os.h(31): warning: In file included from...
C:/Users/Brandon OS/AppData/Local/Arm/Packs/ARM/CMSIS/5.6.0/CMSIS/RTOS2/Include\cmsis_os2.h(73): warning: // comments are not allowed in this language [-Wcomment]
//  ==== Enumerations, structures, defines ====
^
C:/Users/Brandon OS/AppData/Local/Arm/Packs/ARM/CMSIS/5.6.0/CMSIS/RTOS2/RTX/Source/rtx_lib.c(28): warning: In file included from...
C:/Users/Brandon OS/AppData/Local/Arm/Packs/ARM/CMSIS/5.6.0/CMSIS/RTOS2/RTX/Include\rtx_os.h(39): warning: // comments are not allowed in this language [-Wcomment]
/// Kernel Information
^
C:/Users/Brandon OS/AppData/Local/Arm/Packs/ARM/CMSIS/5.6.0/CMSIS/RTOS2/RTX/Source/rtx_lib.c(34): warning: In file included from...
C:/Users/Brandon OS/AppData/Local/Arm/Packs/ARM/CMSIS/5.6.0/CMSIS/RTOS2/RTX/Include\rtx_evr.h(29): warning: // comments are not allowed in this language [-Wcomment]
#include "cmsis_os2.h"                  // CMSIS RTOS API
                                        ^
C:/Users/Brandon OS/AppData/Local/Arm/Packs/ARM/CMSIS/5.6.0/CMSIS/RTOS2/RTX/Source/rtx_lib.c(37): warning: // comments are not allowed in this language [-Wcomment]
// System Configuration
^
5 warnings generated.
compiling rtx_lib.c...
MotorControl.c(9): warning: // comments are not allowed in this language [-Wcomment]
        return ((48000000 / 128) / freq) - 1;  // assume 48 MHz and 128 prescaler (PS)
                                               ^
MotorControl.c(8): warning: no previous prototype for function 'freq_calc' [-Wmissing-prototypes]
int freq_calc(int freq) {
    ^
MotorControl.c(8): note: declare 'static' if the function is not intended to be used outside of this translation unit
int freq_calc(int freq) {
^
static 
MotorControl.c(13): warning: implicit conversion turns floating-point number into integer: 'float' to 'int' [-Wfloat-conversion]
        return (((48000000 / 128) / freq) - 1) * duty_cycle;
        ~~~~~~ ~~~~~~~~~~~~~~~~~~~~~~~~~~~~~~~~^~~~~~~~~~~~
MotorControl.c(12): warning: no previous prototype for function 'duty_cycle_calc' [-Wmissing-prototypes]
int duty_cycle_calc (int freq, float duty_cycle) {
    ^
MotorControl.c(12): note: declare 'static' if the function is not intended to be used outside of this translation unit
int duty_cycle_calc (int freq, float duty_cycle) {
^
static 
MotorControl.c(16): warning: no previous prototype for function 'initPWM' [-Wmissing-prototypes]
void initPWM (void) {
     ^
MotorControl.c(16): note: declare 'static' if the function is not intended to be used outside of this translation unit
void initPWM (void) {
^
static 
MotorControl.c(38): warning: implicit conversion changes signedness: 'int' to 'uint32_t' (aka 'unsigned int') [-Wsign-conversion]
        TPM1->MOD = freq_calc(MOTOR_FREQ); // frequency
                  ~ ^~~~~~~~~~~~~~~~~~~~~
MotorControl.c(39): warning: implicit conversion changes signedness: 'int' to 'uint32_t' (aka 'unsigned int') [-Wsign-conversion]
        TPM1_C0V = duty_cycle_calc(MOTOR_FREQ, MOTOR_DUTY); // duty cycle
                 ~ ^~~~~~~~~~~~~~~~~~~~~~~~~~~~~~~~~~~~~~~
MotorControl.c(40): warning: no newline at end of file [-Wnewline-eof]
}
 ^
MotorControl.c(37): warning: no previous prototype for function 'motor' [-Wmissing-prototypes]
void motor(void) {
     ^
MotorControl.c(37): note: declare 'static' if the function is not intended to be used outside of this translation unit
void motor(void) {
^
static 
9 warnings generated.
compiling MotorControl.c...
linking...
Program Size: Code=6908 RO-data=496 RW-data=168 ZI-data=5216  
".\Objects\myRTX.axf" - 0 Error(s), 36 Warning(s).

<h2>Software Packages used:</h2>

Package Vendor: ARM
                http://www.keil.com/pack/ARM.CMSIS.5.6.0.pack
                ARM.CMSIS.5.6.0
                CMSIS (Cortex Microcontroller Software Interface Standard)
   * Component: RTOS2 Version: 2.1.3
   * Component: CORE Version: 5.3.0
   * Component: Keil RTX5 Variant: Library Version: 5.5.1

Package Vendor: Keil
                http://www.keil.com/pack/Keil.Kinetis_KLxx_DFP.1.15.0.pack
                Keil.Kinetis_KLxx_DFP.1.15.0
                NXP Kinetis KLxx Series Device Support and Examples
   * Component: Startup Version: 2.5.0

<h2>Collection of Component include folders:</h2>
  ./RTE/CMSIS
  ./RTE/Device/MKL25Z128xxx4
  ./RTE/_Target_1
  C:/Users/Brandon OS/AppData/Local/Arm/Packs/ARM/CMSIS/5.6.0/CMSIS/Core/Include
  C:/Users/Brandon OS/AppData/Local/Arm/Packs/ARM/CMSIS/5.6.0/CMSIS/RTOS2/Include
  C:/Users/Brandon OS/AppData/Local/Arm/Packs/ARM/CMSIS/5.6.0/CMSIS/RTOS2/RTX/Include
  C:/Users/Brandon OS/AppData/Local/Arm/Packs/Keil/Kinetis_KLxx_DFP/1.15.0/Device/Include

<h2>Collection of Component Files used:</h2>

   * Component: ::CMSIS:RTOS2:2.1.3 (API)
      Include file:  CMSIS/RTOS2/Include/cmsis_os2.h

   * Component: ARM::CMSIS:CORE:5.3.0

   * Component: ARM::CMSIS:RTOS2:Keil RTX5:Library:5.5.1
      Source file:   CMSIS/RTOS2/RTX/Template/MsgQueue.c
      Source file:   CMSIS/RTOS2/RTX/Template/Events.c
      Include file:  CMSIS/RTOS2/RTX/Config/RTX_Config.h
      Source file:   CMSIS/RTOS2/RTX/Template/main.c
      Source file:   CMSIS/RTOS2/RTX/Template/svc_user.c
      Source file:   CMSIS/RTOS2/RTX/Template/Timer.c
      Source file:   CMSIS/RTOS2/RTX/Template/Mutex.c
      Include file:  CMSIS/RTOS2/RTX/Include/rtx_os.h
      Source file:   CMSIS/RTOS2/RTX/Template/MemPool.c
      Library file:  CMSIS/RTOS2/RTX/Library/ARM/RTX_CM0.lib
      Source file:   CMSIS/RTOS2/RTX/Template/Thread.c
      Source file:   CMSIS/RTOS2/RTX/Config/RTX_Config.c
      Source file:   CMSIS/RTOS2/RTX/Source/rtx_lib.c
      Source file:   CMSIS/RTOS2/RTX/Template/Semaphore.c

   * Component: Keil::Device:Startup:2.5.0
      Source file:   Device/Source/ARM/startup_MKL25Z4.s
      Include file:  Device/Source/system_MKL25Z4.h
      Source file:   Device/Source/system_MKL25Z4.c
Build Time Elapsed:  00:00:09
</pre>
</body>
</html>
