Component: Arm Compiler for Embedded 6.19 Tool: armlink [5e73cb00]

==============================================================================

Section Cross References

    myblinky.o(.ARM.exidx.text.clear_led) refers to myblinky.o(.text.clear_led) for [Anonymous Symbol]
    myblinky.o(.text.led_control) refers to myblinky.o(.text.clear_led) for clear_led
    myblinky.o(.ARM.exidx.text.led_control) refers to myblinky.o(.text.led_control) for [Anonymous Symbol]
    myblinky.o(.text.freq_calc) refers to idiv_div0.o(.text) for __aeabi_idiv
    myblinky.o(.ARM.exidx.text.freq_calc) refers to myblinky.o(.text.freq_calc) for [Anonymous Symbol]
    myblinky.o(.text.duty_cycle_calc) refers to idiv_div0.o(.text) for __aeabi_idiv
    myblinky.o(.text.duty_cycle_calc) refers to fflti.o(.text) for __aeabi_i2f
    myblinky.o(.text.duty_cycle_calc) refers to fmul.o(.text) for __aeabi_fmul
    myblinky.o(.text.duty_cycle_calc) refers to ffixi.o(.text) for __aeabi_f2iz
    myblinky.o(.ARM.exidx.text.duty_cycle_calc) refers to myblinky.o(.text.duty_cycle_calc) for [Anonymous Symbol]
    myblinky.o(.ARM.exidx.text.UART2_Transmit_Poll) refers to myblinky.o(.text.UART2_Transmit_Poll) for [Anonymous Symbol]
    myblinky.o(.ARM.exidx.text.UART2_Receive_Poll) refers to myblinky.o(.text.UART2_Receive_Poll) for [Anonymous Symbol]
    myblinky.o(.text.initUART2) refers to uidiv_div0.o(.text) for __aeabi_uidiv
    myblinky.o(.ARM.exidx.text.initUART2) refers to myblinky.o(.text.initUART2) for [Anonymous Symbol]
    myblinky.o(.text.main) refers to system_mkl25z4.o(.text.SystemCoreClockUpdate) for SystemCoreClockUpdate
    myblinky.o(.text.main) refers to myblinky.o(.text.initUART2) for initUART2
    myblinky.o(.text.main) refers to myblinky.o(.text.UART2_Transmit_Poll) for UART2_Transmit_Poll
    myblinky.o(.text.main) refers to myblinky.o(.text.delay) for delay
    myblinky.o(.ARM.exidx.text.main) refers to myblinky.o(.text.main) for [Anonymous Symbol]
    myblinky.o(.ARM.exidx.text.delay) refers to myblinky.o(.text.delay) for [Anonymous Symbol]
    startup_mkl25z4.o(RESET) refers to startup_mkl25z4.o(STACK) for __initial_sp
    startup_mkl25z4.o(RESET) refers to startup_mkl25z4.o(.text) for Reset_Handler
    startup_mkl25z4.o(.text) refers to system_mkl25z4.o(.text.SystemInit) for SystemInit
    startup_mkl25z4.o(.text) refers to entry.o(.ARM.Collect$$$$00000000) for __main
    system_mkl25z4.o(.ARM.exidx.text.SystemInit) refers to system_mkl25z4.o(.text.SystemInit) for [Anonymous Symbol]
    system_mkl25z4.o(.text.SystemCoreClockUpdate) refers to uidiv_div0.o(.text) for __aeabi_uidiv
    system_mkl25z4.o(.text.SystemCoreClockUpdate) refers to system_mkl25z4.o(.data.SystemCoreClock) for SystemCoreClock
    system_mkl25z4.o(.ARM.exidx.text.SystemCoreClockUpdate) refers to system_mkl25z4.o(.text.SystemCoreClockUpdate) for [Anonymous Symbol]
    entry.o(.ARM.Collect$$$$00000000) refers (Special) to entry10a.o(.ARM.Collect$$$$0000000D) for __rt_final_cpp
    entry.o(.ARM.Collect$$$$00000000) refers (Special) to entry11a.o(.ARM.Collect$$$$0000000F) for __rt_final_exit
    entry.o(.ARM.Collect$$$$00000000) refers (Special) to entry7b.o(.ARM.Collect$$$$00000008) for _main_clock
    entry.o(.ARM.Collect$$$$00000000) refers (Special) to entry8b.o(.ARM.Collect$$$$0000000A) for _main_cpp_init
    entry.o(.ARM.Collect$$$$00000000) refers (Special) to entry9a.o(.ARM.Collect$$$$0000000B) for _main_init
    entry.o(.ARM.Collect$$$$00000000) refers (Special) to entry5.o(.ARM.Collect$$$$00000004) for _main_scatterload
    entry.o(.ARM.Collect$$$$00000000) refers (Special) to entry2.o(.ARM.Collect$$$$00000001) for _main_stk
    idiv.o(.text) refers to uidiv_div0.o(.text) for __aeabi_uidivmod
    fmul.o(.text) refers (Special) to iusefp.o(.text) for __I$use$fp
    fflti.o(.text) refers (Special) to iusefp.o(.text) for __I$use$fp
    fflti.o(.text) refers to fepilogue.o(.text) for _float_epilogue
    ffixi.o(.text) refers (Special) to iusefp.o(.text) for __I$use$fp
    entry2.o(.ARM.Collect$$$$00000001) refers to entry2.o(.ARM.Collect$$$$00002712) for __lit__00000000
    entry2.o(.ARM.Collect$$$$00002712) refers to startup_mkl25z4.o(STACK) for __initial_sp
    entry2.o(__vectab_stack_and_reset_area) refers to startup_mkl25z4.o(STACK) for __initial_sp
    entry2.o(__vectab_stack_and_reset_area) refers to entry.o(.ARM.Collect$$$$00000000) for __main
    entry5.o(.ARM.Collect$$$$00000004) refers to init.o(.text) for __scatterload
    entry9a.o(.ARM.Collect$$$$0000000B) refers to myblinky.o(.text.main) for main
    entry9b.o(.ARM.Collect$$$$0000000C) refers to myblinky.o(.text.main) for main
    idiv_div0.o(.text) refers to uidiv_div0.o(.text) for __aeabi_uidivmod
    fepilogue.o(.text) refers (Special) to iusefp.o(.text) for __I$use$fp
    init.o(.text) refers to entry5.o(.ARM.Collect$$$$00000004) for __main_after_scatterload


==============================================================================

Removing Unused input sections from the image.

    Removing myblinky.o(.text), (0 bytes).
    Removing myblinky.o(.text.clear_led), (40 bytes).
    Removing myblinky.o(.ARM.exidx.text.clear_led), (8 bytes).
    Removing myblinky.o(.text.led_control), (96 bytes).
    Removing myblinky.o(.ARM.exidx.text.led_control), (8 bytes).
    Removing myblinky.o(.text.freq_calc), (24 bytes).
    Removing myblinky.o(.ARM.exidx.text.freq_calc), (8 bytes).
    Removing myblinky.o(.text.duty_cycle_calc), (40 bytes).
    Removing myblinky.o(.ARM.exidx.text.duty_cycle_calc), (8 bytes).
    Removing myblinky.o(.ARM.exidx.text.UART2_Transmit_Poll), (8 bytes).
    Removing myblinky.o(.text.UART2_Receive_Poll), (32 bytes).
    Removing myblinky.o(.ARM.exidx.text.UART2_Receive_Poll), (8 bytes).
    Removing myblinky.o(.ARM.exidx.text.initUART2), (8 bytes).
    Removing myblinky.o(.ARM.exidx.text.main), (8 bytes).
    Removing myblinky.o(.ARM.exidx.text.delay), (8 bytes).
    Removing myblinky.o(.bss.counter), (4 bytes).
    Removing myblinky.o(.bss.color), (4 bytes).
    Removing myblinky.o(.bss.port), (4 bytes).
    Removing myblinky.o(.data.color_list), (3 bytes).
    Removing myblinky.o(.ARM.use_no_argv), (4 bytes).
    Removing startup_mkl25z4.o(HEAP), (0 bytes).
    Removing system_mkl25z4.o(.text), (0 bytes).
    Removing system_mkl25z4.o(.ARM.exidx.text.SystemInit), (8 bytes).
    Removing system_mkl25z4.o(.ARM.exidx.text.SystemCoreClockUpdate), (8 bytes).
    Removing fmul.o(.text), (122 bytes).
    Removing fflti.o(.text), (22 bytes).
    Removing ffixi.o(.text), (50 bytes).
    Removing fepilogue.o(.text), (130 bytes).

28 unused section(s) (total 663 bytes) removed from the image.

==============================================================================

Image Symbol Table

    Local Symbols

    Symbol Name                              Value     Ov Type        Size  Object(Section)

    ../clib/division.s                       0x00000000   Number         0  aeabi_sdiv.o ABSOLUTE
    ../clib/division.s                       0x00000000   Number         0  aeabi_sdiv_div0.o ABSOLUTE
    ../clib/microlib/division.c              0x00000000   Number         0  uidiv.o ABSOLUTE
    ../clib/microlib/division.c              0x00000000   Number         0  idiv.o ABSOLUTE
    ../clib/microlib/division.c              0x00000000   Number         0  uidiv_div0.o ABSOLUTE
    ../clib/microlib/division.c              0x00000000   Number         0  idiv_div0.o ABSOLUTE
    ../clib/microlib/division.c              0x00000000   Number         0  idiv0.o ABSOLUTE
    ../clib/microlib/init/entry.s            0x00000000   Number         0  entry.o ABSOLUTE
    ../clib/microlib/init/entry.s            0x00000000   Number         0  entry2.o ABSOLUTE
    ../clib/microlib/init/entry.s            0x00000000   Number         0  entry5.o ABSOLUTE
    ../clib/microlib/init/entry.s            0x00000000   Number         0  entry7a.o ABSOLUTE
    ../clib/microlib/init/entry.s            0x00000000   Number         0  entry7b.o ABSOLUTE
    ../clib/microlib/init/entry.s            0x00000000   Number         0  entry8a.o ABSOLUTE
    ../clib/microlib/init/entry.s            0x00000000   Number         0  entry8b.o ABSOLUTE
    ../clib/microlib/init/entry.s            0x00000000   Number         0  entry9a.o ABSOLUTE
    ../clib/microlib/init/entry.s            0x00000000   Number         0  entry9b.o ABSOLUTE
    ../clib/microlib/init/entry.s            0x00000000   Number         0  entry10a.o ABSOLUTE
    ../clib/microlib/init/entry.s            0x00000000   Number         0  entry10b.o ABSOLUTE
    ../clib/microlib/init/entry.s            0x00000000   Number         0  entry11a.o ABSOLUTE
    ../clib/microlib/init/entry.s            0x00000000   Number         0  entry11b.o ABSOLUTE
    ../clib/microlib/stubs.s                 0x00000000   Number         0  iusefp.o ABSOLUTE
    ../fplib/microlib/fpepilogue.c           0x00000000   Number         0  fepilogue.o ABSOLUTE
    ../fplib/microlib/fpfix.c                0x00000000   Number         0  ffixi.o ABSOLUTE
    ../fplib/microlib/fpflt.c                0x00000000   Number         0  fflti.o ABSOLUTE
    ../fplib/microlib/fpmul.c                0x00000000   Number         0  fmul.o ABSOLUTE
    RTE/Device/MKL25Z128xxx4/startup_MKL25Z4.s 0x00000000   Number         0  startup_mkl25z4.o ABSOLUTE
    dc.s                                     0x00000000   Number         0  dc.o ABSOLUTE
    handlers.s                               0x00000000   Number         0  handlers.o ABSOLUTE
    init.s                                   0x00000000   Number         0  init.o ABSOLUTE
    myBlinky.c                               0x00000000   Number         0  myblinky.o ABSOLUTE
    system_MKL25Z4.c                         0x00000000   Number         0  system_mkl25z4.o ABSOLUTE
    RESET                                    0x00000000   Section      192  startup_mkl25z4.o(RESET)
    .ARM.Collect$$$$00000000                 0x000000c0   Section        0  entry.o(.ARM.Collect$$$$00000000)
    .ARM.Collect$$$$00000001                 0x000000c0   Section        4  entry2.o(.ARM.Collect$$$$00000001)
    .ARM.Collect$$$$00000004                 0x000000c4   Section        4  entry5.o(.ARM.Collect$$$$00000004)
    .ARM.Collect$$$$00000008                 0x000000c8   Section        0  entry7b.o(.ARM.Collect$$$$00000008)
    .ARM.Collect$$$$0000000A                 0x000000c8   Section        0  entry8b.o(.ARM.Collect$$$$0000000A)
    .ARM.Collect$$$$0000000B                 0x000000c8   Section        8  entry9a.o(.ARM.Collect$$$$0000000B)
    __lit__00000000                          0x000000d0   Data           4  entry2.o(.ARM.Collect$$$$00002712)
    .ARM.Collect$$$$0000000D                 0x000000d0   Section        0  entry10a.o(.ARM.Collect$$$$0000000D)
    .ARM.Collect$$$$0000000F                 0x000000d0   Section        0  entry11a.o(.ARM.Collect$$$$0000000F)
    .ARM.Collect$$$$00002712                 0x000000d0   Section        4  entry2.o(.ARM.Collect$$$$00002712)
    .text                                    0x000000d4   Section       40  startup_mkl25z4.o(.text)
    .text                                    0x000000fc   Section        0  uidiv_div0.o(.text)
    .text                                    0x0000013c   Section       36  init.o(.text)
    [Anonymous Symbol]                       0x00000160   Section        0  system_mkl25z4.o(.text.SystemCoreClockUpdate)
    __arm_cp.1_1                             0x0000035c   Number         4  system_mkl25z4.o(.text.SystemCoreClockUpdate)
    __arm_cp.1_4                             0x00000360   Number         4  system_mkl25z4.o(.text.SystemCoreClockUpdate)
    __arm_cp.1_8                             0x00000364   Number         4  system_mkl25z4.o(.text.SystemCoreClockUpdate)
    __arm_cp.1_9                             0x00000368   Number         4  system_mkl25z4.o(.text.SystemCoreClockUpdate)
    __arm_cp.1_11                            0x0000036c   Number         4  system_mkl25z4.o(.text.SystemCoreClockUpdate)
    [Anonymous Symbol]                       0x00000370   Section        0  myblinky.o(.text.UART2_Transmit_Poll)
    __arm_cp.4_0                             0x00000390   Number         4  myblinky.o(.text.UART2_Transmit_Poll)
    __arm_cp.4_1                             0x00000394   Number         4  myblinky.o(.text.UART2_Transmit_Poll)
    delay                                    0x00000399   Thumb Code    28  myblinky.o(.text.delay)
    [Anonymous Symbol]                       0x00000398   Section        0  myblinky.o(.text.delay)
    [Anonymous Symbol]                       0x000003b4   Section        0  myblinky.o(.text.main)
    i.__scatterload_null                     0x000003e0   Section        2  handlers.o(i.__scatterload_null)
    i.__scatterload_copy                     0x000003e2   Section       14  handlers.o(i.__scatterload_copy)
    i.__scatterload_zeroinit                 0x000003f0   Section       14  handlers.o(i.__scatterload_zeroinit)
    .ARM.__at_0x400                          0x00000400   Section       16  startup_mkl25z4.o(.ARM.__at_0x400)
    [Anonymous Symbol]                       0x00000410   Section        0  system_mkl25z4.o(.text.SystemInit)
    __arm_cp.0_0                             0x00000510   Number         4  system_mkl25z4.o(.text.SystemInit)
    __arm_cp.0_1                             0x00000514   Number         4  system_mkl25z4.o(.text.SystemInit)
    __arm_cp.0_2                             0x00000518   Number         4  system_mkl25z4.o(.text.SystemInit)
    __arm_cp.0_3                             0x0000051c   Number         4  system_mkl25z4.o(.text.SystemInit)
    __arm_cp.0_4                             0x00000520   Number         4  system_mkl25z4.o(.text.SystemInit)
    __arm_cp.0_5                             0x00000524   Number         4  system_mkl25z4.o(.text.SystemInit)
    __arm_cp.0_6                             0x00000528   Number         4  system_mkl25z4.o(.text.SystemInit)
    __arm_cp.0_7                             0x0000052c   Number         4  system_mkl25z4.o(.text.SystemInit)
    __arm_cp.0_9                             0x00000530   Number         4  system_mkl25z4.o(.text.SystemInit)
    __arm_cp.0_10                            0x00000534   Number         4  system_mkl25z4.o(.text.SystemInit)
    __arm_cp.0_11                            0x00000538   Number         4  system_mkl25z4.o(.text.SystemInit)
    __arm_cp.0_12                            0x0000053c   Number         4  system_mkl25z4.o(.text.SystemInit)
    __arm_cp.0_13                            0x00000540   Number         4  system_mkl25z4.o(.text.SystemInit)
    __arm_cp.0_14                            0x00000544   Number         4  system_mkl25z4.o(.text.SystemInit)
    __arm_cp.0_15                            0x00000548   Number         4  system_mkl25z4.o(.text.SystemInit)
    __arm_cp.0_16                            0x0000054c   Number         4  system_mkl25z4.o(.text.SystemInit)
    __arm_cp.0_17                            0x00000550   Number         4  system_mkl25z4.o(.text.SystemInit)
    __arm_cp.0_18                            0x00000554   Number         4  system_mkl25z4.o(.text.SystemInit)
    __arm_cp.0_19                            0x00000558   Number         4  system_mkl25z4.o(.text.SystemInit)
    [Anonymous Symbol]                       0x0000055c   Section        0  myblinky.o(.text.initUART2)
    __arm_cp.6_0                             0x000005e0   Number         4  myblinky.o(.text.initUART2)
    __arm_cp.6_1                             0x000005e4   Number         4  myblinky.o(.text.initUART2)
    __arm_cp.6_2                             0x000005e8   Number         4  myblinky.o(.text.initUART2)
    __arm_cp.6_3                             0x000005ec   Number         4  myblinky.o(.text.initUART2)
    __arm_cp.6_4                             0x000005f0   Number         4  myblinky.o(.text.initUART2)
    __arm_cp.6_5                             0x000005f4   Number         4  myblinky.o(.text.initUART2)
    __arm_cp.6_6                             0x000005f8   Number         4  myblinky.o(.text.initUART2)
    __arm_cp.6_7                             0x000005fc   Number         4  myblinky.o(.text.initUART2)
    __arm_cp.6_8                             0x00000600   Number         4  myblinky.o(.text.initUART2)
    __arm_cp.6_9                             0x00000604   Number         4  myblinky.o(.text.initUART2)
    __arm_cp.6_10                            0x00000608   Number         4  myblinky.o(.text.initUART2)
    STACK                                    0x1ffff008   Section      256  startup_mkl25z4.o(STACK)

    Global Symbols

    Symbol Name                              Value     Ov Type        Size  Object(Section)

    BuildAttributes$$THM_ISAv3M$S$PE$A:L22$X:L11$S22$IEEE1$IW$~IW$USESV6$~STKCKD$USESV7$~SHL$OTIME$ROPI$EBA8$MICROLIB$REQ8$PRES8$EABIv2 0x00000000   Number         0  anon$$obj.o ABSOLUTE
    __Vectors                                0x00000000   Data           4  startup_mkl25z4.o(RESET)
    __cpp_initialize__aeabi_                  - Undefined Weak Reference
    __cxa_finalize                            - Undefined Weak Reference
    __decompress                              - Undefined Weak Reference
    _clock_init                               - Undefined Weak Reference
    _microlib_exit                            - Undefined Weak Reference
    __Vectors_End                            0x000000c0   Data           0  startup_mkl25z4.o(RESET)
    __Vectors_Size                           0x000000c0   Number         0  startup_mkl25z4.o ABSOLUTE
    __main                                   0x000000c1   Thumb Code     0  entry.o(.ARM.Collect$$$$00000000)
    _main_stk                                0x000000c1   Thumb Code     0  entry2.o(.ARM.Collect$$$$00000001)
    _main_scatterload                        0x000000c5   Thumb Code     0  entry5.o(.ARM.Collect$$$$00000004)
    __main_after_scatterload                 0x000000c9   Thumb Code     0  entry5.o(.ARM.Collect$$$$00000004)
    _main_clock                              0x000000c9   Thumb Code     0  entry7b.o(.ARM.Collect$$$$00000008)
    _main_cpp_init                           0x000000c9   Thumb Code     0  entry8b.o(.ARM.Collect$$$$0000000A)
    _main_init                               0x000000c9   Thumb Code     0  entry9a.o(.ARM.Collect$$$$0000000B)
    __rt_final_cpp                           0x000000d1   Thumb Code     0  entry10a.o(.ARM.Collect$$$$0000000D)
    __rt_final_exit                          0x000000d1   Thumb Code     0  entry11a.o(.ARM.Collect$$$$0000000F)
    Reset_Handler                            0x000000d5   Thumb Code    12  startup_mkl25z4.o(.text)
    NMI_Handler                              0x000000e1   Thumb Code     2  startup_mkl25z4.o(.text)
    HardFault_Handler                        0x000000e3   Thumb Code     2  startup_mkl25z4.o(.text)
    SVC_Handler                              0x000000e5   Thumb Code     2  startup_mkl25z4.o(.text)
    PendSV_Handler                           0x000000e7   Thumb Code     2  startup_mkl25z4.o(.text)
    SysTick_Handler                          0x000000e9   Thumb Code     2  startup_mkl25z4.o(.text)
    ADC0_IRQHandler                          0x000000eb   Thumb Code     0  startup_mkl25z4.o(.text)
    CMP0_IRQHandler                          0x000000eb   Thumb Code     0  startup_mkl25z4.o(.text)
    DAC0_IRQHandler                          0x000000eb   Thumb Code     0  startup_mkl25z4.o(.text)
    DMA0_IRQHandler                          0x000000eb   Thumb Code     0  startup_mkl25z4.o(.text)
    DMA1_IRQHandler                          0x000000eb   Thumb Code     0  startup_mkl25z4.o(.text)
    DMA2_IRQHandler                          0x000000eb   Thumb Code     0  startup_mkl25z4.o(.text)
    DMA3_IRQHandler                          0x000000eb   Thumb Code     0  startup_mkl25z4.o(.text)
    DefaultISR                               0x000000eb   Thumb Code     0  startup_mkl25z4.o(.text)
    FTFA_IRQHandler                          0x000000eb   Thumb Code     0  startup_mkl25z4.o(.text)
    I2C0_IRQHandler                          0x000000eb   Thumb Code     0  startup_mkl25z4.o(.text)
    I2C1_IRQHandler                          0x000000eb   Thumb Code     0  startup_mkl25z4.o(.text)
    LLWU_IRQHandler                          0x000000eb   Thumb Code     0  startup_mkl25z4.o(.text)
    LPTMR0_IRQHandler                        0x000000eb   Thumb Code     0  startup_mkl25z4.o(.text)
    LVD_LVW_IRQHandler                       0x000000eb   Thumb Code     0  startup_mkl25z4.o(.text)
    MCG_IRQHandler                           0x000000eb   Thumb Code     0  startup_mkl25z4.o(.text)
    PIT_IRQHandler                           0x000000eb   Thumb Code     0  startup_mkl25z4.o(.text)
    PORTA_IRQHandler                         0x000000eb   Thumb Code     0  startup_mkl25z4.o(.text)
    PORTD_IRQHandler                         0x000000eb   Thumb Code     0  startup_mkl25z4.o(.text)
    RTC_IRQHandler                           0x000000eb   Thumb Code     0  startup_mkl25z4.o(.text)
    RTC_Seconds_IRQHandler                   0x000000eb   Thumb Code     0  startup_mkl25z4.o(.text)
    Reserved20_IRQHandler                    0x000000eb   Thumb Code     0  startup_mkl25z4.o(.text)
    Reserved39_IRQHandler                    0x000000eb   Thumb Code     0  startup_mkl25z4.o(.text)
    Reserved45_IRQHandler                    0x000000eb   Thumb Code     0  startup_mkl25z4.o(.text)
    SPI0_IRQHandler                          0x000000eb   Thumb Code     0  startup_mkl25z4.o(.text)
    SPI1_IRQHandler                          0x000000eb   Thumb Code     0  startup_mkl25z4.o(.text)
    TPM0_IRQHandler                          0x000000eb   Thumb Code     0  startup_mkl25z4.o(.text)
    TPM1_IRQHandler                          0x000000eb   Thumb Code     0  startup_mkl25z4.o(.text)
    TPM2_IRQHandler                          0x000000eb   Thumb Code     0  startup_mkl25z4.o(.text)
    TSI0_IRQHandler                          0x000000eb   Thumb Code     0  startup_mkl25z4.o(.text)
    UART0_IRQHandler                         0x000000eb   Thumb Code     0  startup_mkl25z4.o(.text)
    UART1_IRQHandler                         0x000000eb   Thumb Code     0  startup_mkl25z4.o(.text)
    UART2_IRQHandler                         0x000000eb   Thumb Code     0  startup_mkl25z4.o(.text)
    USB0_IRQHandler                          0x000000eb   Thumb Code     0  startup_mkl25z4.o(.text)
    __aeabi_uidiv                            0x000000fd   Thumb Code     0  uidiv_div0.o(.text)
    __aeabi_uidivmod                         0x000000fd   Thumb Code    62  uidiv_div0.o(.text)
    __scatterload                            0x0000013d   Thumb Code    28  init.o(.text)
    __scatterload_rt2                        0x0000013d   Thumb Code     0  init.o(.text)
    SystemCoreClockUpdate                    0x00000161   Thumb Code   508  system_mkl25z4.o(.text.SystemCoreClockUpdate)
    UART2_Transmit_Poll                      0x00000371   Thumb Code    32  myblinky.o(.text.UART2_Transmit_Poll)
    main                                     0x000003b5   Thumb Code    44  myblinky.o(.text.main)
    __scatterload_null                       0x000003e1   Thumb Code     2  handlers.o(i.__scatterload_null)
    __scatterload_copy                       0x000003e3   Thumb Code    14  handlers.o(i.__scatterload_copy)
    __scatterload_zeroinit                   0x000003f1   Thumb Code    14  handlers.o(i.__scatterload_zeroinit)
    SystemInit                               0x00000411   Thumb Code   256  system_mkl25z4.o(.text.SystemInit)
    initUART2                                0x0000055d   Thumb Code   132  myblinky.o(.text.initUART2)
    Region$$Table$$Base                      0x0000060c   Number         0  anon$$obj.o(Region$$Table)
    Region$$Table$$Limit                     0x0000062c   Number         0  anon$$obj.o(Region$$Table)
    SystemCoreClock                          0x1ffff000   Data           4  system_mkl25z4.o(.data.SystemCoreClock)
    __initial_sp                             0x1ffff108   Data           0  startup_mkl25z4.o(STACK)



==============================================================================

Memory Map of the image

  Image Entry point : 0x000000d5

  Load Region LR_1 (Base: 0x00000000, Size: 0x00000630, Max: 0xffffffff, ABSOLUTE)

    Execution Region ER_RO (Exec base: 0x00000000, Load base: 0x00000000, Size: 0x0000062c, Max: 0xffffffff, ABSOLUTE)

    Exec Addr    Load Addr    Size         Type   Attr      Idx    E Section Name        Object

    0x00000000   0x00000000   0x000000c0   Data   RO           33    RESET               startup_mkl25z4.o
    0x000000c0   0x000000c0   0x00000000   Code   RO           55  * .ARM.Collect$$$$00000000  mc_p.l(entry.o)
    0x000000c0   0x000000c0   0x00000004   Code   RO           70    .ARM.Collect$$$$00000001  mc_p.l(entry2.o)
    0x000000c4   0x000000c4   0x00000004   Code   RO           73    .ARM.Collect$$$$00000004  mc_p.l(entry5.o)
    0x000000c8   0x000000c8   0x00000000   Code   RO           75    .ARM.Collect$$$$00000008  mc_p.l(entry7b.o)
    0x000000c8   0x000000c8   0x00000000   Code   RO           77    .ARM.Collect$$$$0000000A  mc_p.l(entry8b.o)
    0x000000c8   0x000000c8   0x00000008   Code   RO           78    .ARM.Collect$$$$0000000B  mc_p.l(entry9a.o)
    0x000000d0   0x000000d0   0x00000000   Code   RO           80    .ARM.Collect$$$$0000000D  mc_p.l(entry10a.o)
    0x000000d0   0x000000d0   0x00000000   Code   RO           82    .ARM.Collect$$$$0000000F  mc_p.l(entry11a.o)
    0x000000d0   0x000000d0   0x00000004   Code   RO           71    .ARM.Collect$$$$00002712  mc_p.l(entry2.o)
    0x000000d4   0x000000d4   0x00000028   Code   RO           35  * .text               startup_mkl25z4.o
    0x000000fc   0x000000fc   0x0000003e   Code   RO           86    .text               mc_p.l(uidiv_div0.o)
    0x0000013a   0x0000013a   0x00000002   PAD
    0x0000013c   0x0000013c   0x00000024   Code   RO           95    .text               mc_p.l(init.o)
    0x00000160   0x00000160   0x00000210   Code   RO           46    .text.SystemCoreClockUpdate  system_mkl25z4.o
    0x00000370   0x00000370   0x00000028   Code   RO           10    .text.UART2_Transmit_Poll  myblinky.o
    0x00000398   0x00000398   0x0000001c   Code   RO           18    .text.delay         myblinky.o
    0x000003b4   0x000003b4   0x0000002c   Code   RO           16    .text.main          myblinky.o
    0x000003e0   0x000003e0   0x00000002   Code   RO          100    i.__scatterload_null  mc_p.l(handlers.o)
    0x000003e2   0x000003e2   0x0000000e   Code   RO           99    i.__scatterload_copy  mc_p.l(handlers.o)
    0x000003f0   0x000003f0   0x0000000e   Code   RO          101    i.__scatterload_zeroinit  mc_p.l(handlers.o)
    0x000003fe   0x000003fe   0x00000002   PAD
    0x00000400   0x00000400   0x00000010   Code   RO           34    .ARM.__at_0x400     startup_mkl25z4.o
    0x00000410   0x00000410   0x0000014c   Code   RO           44    .text.SystemInit    system_mkl25z4.o
    0x0000055c   0x0000055c   0x000000b0   Code   RO           14    .text.initUART2     myblinky.o
    0x0000060c   0x0000060c   0x00000020   Data   RO           98    Region$$Table       anon$$obj.o


    Execution Region ER_RW (Exec base: 0x1ffff000, Load base: 0x0000062c, Size: 0x00000004, Max: 0xffffffff, ABSOLUTE)

    Exec Addr    Load Addr    Size         Type   Attr      Idx    E Section Name        Object

    0x1ffff000   0x0000062c   0x00000004   Data   RW           48    .data.SystemCoreClock  system_mkl25z4.o


    Execution Region ER_ZI (Exec base: 0x1ffff008, Load base: 0x00000630, Size: 0x00000100, Max: 0xffffffff, ABSOLUTE)

    Exec Addr    Load Addr    Size         Type   Attr      Idx    E Section Name        Object

    0x1ffff008        -       0x00000100   Zero   RW           31    STACK               startup_mkl25z4.o


==============================================================================

Image component sizes


      Code (inc. data)   RO Data    RW Data    ZI Data      Debug   Object Name

       288         52          0          0          0       3398   myblinky.o
        56         30        192          0        256        872   startup_mkl25z4.o
       860         96          0          4          0       3322   system_mkl25z4.o

    ----------------------------------------------------------------------
      1204        178        224          4        256       7592   Object Totals
         0          0         32          0          0          0   (incl. Generated)
         0          0          0          0          0          0   (incl. Padding)

    ----------------------------------------------------------------------

      Code (inc. data)   RO Data    RW Data    ZI Data      Debug   Library Member Name

         0          0          0          0          0          0   entry.o
         0          0          0          0          0          0   entry10a.o
         0          0          0          0          0          0   entry11a.o
         8          4          0          0          0          0   entry2.o
         4          0          0          0          0          0   entry5.o
         0          0          0          0          0          0   entry7b.o
         0          0          0          0          0          0   entry8b.o
         8          4          0          0          0          0   entry9a.o
        30          0          0          0          0          0   handlers.o
        36          8          0          0          0         68   init.o
        62          0          0          0          0         72   uidiv_div0.o

    ----------------------------------------------------------------------
       152         16          0          0          0        140   Library Totals
         4          0          0          0          0          0   (incl. Padding)

    ----------------------------------------------------------------------

      Code (inc. data)   RO Data    RW Data    ZI Data      Debug   Library Name

       148         16          0          0          0        140   mc_p.l

    ----------------------------------------------------------------------
       152         16          0          0          0        140   Library Totals

    ----------------------------------------------------------------------

==============================================================================


      Code (inc. data)   RO Data    RW Data    ZI Data      Debug   

      1356        194        224          4        256       7864   Grand Totals
      1356        194        224          4        256       7864   ELF Image Totals
      1356        194        224          4          0          0   ROM Totals

==============================================================================

    Total RO  Size (Code + RO Data)                 1580 (   1.54kB)
    Total RW  Size (RW Data + ZI Data)               260 (   0.25kB)
    Total ROM Size (Code + RO Data + RW Data)       1584 (   1.55kB)

==============================================================================

