Component: Arm Compiler for Embedded 6.19 Tool: armlink [5e73cb00]

==============================================================================

Section Cross References

    main.o(.ARM.exidx.text.offRGB) refers to main.o(.text.offRGB) for [Anonymous Symbol]
    main.o(.ARM.exidx.text.led_control) refers to main.o(.text.led_control) for [Anonymous Symbol]
    main.o(.ARM.exidx.text.InitGPIO) refers to main.o(.text.InitGPIO) for [Anonymous Symbol]
    main.o(.text.led_red_thread) refers to main.o(.text.led_control) for led_control
    main.o(.text.led_red_thread) refers to rtx_delay.o(.text.osDelay) for osDelay
    main.o(.text.led_red_thread) refers to main.o(.text.offRGB) for offRGB
    main.o(.text.led_red_thread) refers to main.o(.data.led_on) for led_on
    main.o(.ARM.exidx.text.led_red_thread) refers to main.o(.text.led_red_thread) for [Anonymous Symbol]
    main.o(.text.led_green_thread) refers to main.o(.text.led_control) for led_control
    main.o(.text.led_green_thread) refers to rtx_delay.o(.text.osDelay) for osDelay
    main.o(.text.led_green_thread) refers to main.o(.text.offRGB) for offRGB
    main.o(.text.led_green_thread) refers to main.o(.data.led_on) for led_on
    main.o(.ARM.exidx.text.led_green_thread) refers to main.o(.text.led_green_thread) for [Anonymous Symbol]
    main.o(.text.main) refers to system_mkl25z4.o(.text.SystemCoreClockUpdate) for SystemCoreClockUpdate
    main.o(.text.main) refers to main.o(.text.InitGPIO) for InitGPIO
    main.o(.text.main) refers to main.o(.text.offRGB) for offRGB
    main.o(.text.main) refers to rtx_kernel.o(.text.osKernelInitialize) for osKernelInitialize
    main.o(.text.main) refers to rtx_thread.o(.text.osThreadNew) for osThreadNew
    main.o(.text.main) refers to rtx_kernel.o(.text.osKernelStart) for osKernelStart
    main.o(.text.main) refers to main.o(.text.led_green_thread) for led_green_thread
    main.o(.text.main) refers to main.o(.text.led_red_thread) for led_red_thread
    main.o(.ARM.exidx.text.main) refers to main.o(.text.main) for [Anonymous Symbol]
    rtx_lib.o(.rodata.os_idle_thread_attr) refers to rtx_lib.o(.bss.os.thread.cb) for [Anonymous Symbol]
    rtx_lib.o(.rodata.os_idle_thread_attr) refers to rtx_lib.o(.bss.os.thread.stack) for [Anonymous Symbol]
    rtx_lib.o(.rodata.os_timer_thread_attr) refers to rtx_lib.o(.bss.os.thread.cb) for [Anonymous Symbol]
    rtx_lib.o(.rodata.os_timer_thread_attr) refers to rtx_lib.o(.bss.os.thread.stack) for [Anonymous Symbol]
    rtx_lib.o(.rodata.os_timer_mq_attr) refers to rtx_lib.o(.bss.os.msgqueue.cb) for [Anonymous Symbol]
    rtx_lib.o(.rodata.os_timer_mq_attr) refers to rtx_lib.o(.bss.os.msgqueue.mem) for [Anonymous Symbol]
    rtx_lib.o(.rodata) refers to rtx_lib.o(.bss.os) for [Anonymous Symbol]
    rtx_lib.o(.rodata) refers to rtx_lib.o(.rodata.os_idle_thread_attr) for [Anonymous Symbol]
    rtx_lib.o(.rodata) refers to rtx_lib.o(.rodata.os_timer_thread_attr) for [Anonymous Symbol]
    rtx_lib.o(.rodata) refers to rtx_lib.o(.rodata.os_timer_mq_attr) for [Anonymous Symbol]
    rtx_lib.o(.data.irqRtxLibRef) refers to irq_cm0.o(.constdata) for irqRtxLib
    rtx_config.o(.ARM.exidx.text.osRtxIdleThread) refers to rtx_config.o(.text.osRtxIdleThread) for [Anonymous Symbol]
    rtx_config.o(.ARM.exidx.text.osRtxErrorNotify) refers to rtx_config.o(.text.osRtxErrorNotify) for [Anonymous Symbol]
    startup_mkl25z4.o(RESET) refers to startup_mkl25z4.o(STACK) for __initial_sp
    startup_mkl25z4.o(RESET) refers to startup_mkl25z4.o(.text) for Reset_Handler
    startup_mkl25z4.o(RESET) refers to irq_cm0.o(.text) for SVC_Handler
    startup_mkl25z4.o(.text) refers to system_mkl25z4.o(.text.SystemInit) for SystemInit
    startup_mkl25z4.o(.text) refers to entry.o(.ARM.Collect$$$$00000000) for __main
    system_mkl25z4.o(.ARM.exidx.text.SystemInit) refers to system_mkl25z4.o(.text.SystemInit) for [Anonymous Symbol]
    system_mkl25z4.o(.text.SystemCoreClockUpdate) refers to uidiv_div0.o(.text) for __aeabi_uidiv
    system_mkl25z4.o(.text.SystemCoreClockUpdate) refers to system_mkl25z4.o(.data.SystemCoreClock) for SystemCoreClock
    system_mkl25z4.o(.ARM.exidx.text.SystemCoreClockUpdate) refers to system_mkl25z4.o(.text.SystemCoreClockUpdate) for [Anonymous Symbol]
    rtx_kernel.o(.ARM.exidx.text.osRtxKernelPreInit) refers to rtx_kernel.o(.text.osRtxKernelPreInit) for [Anonymous Symbol]
    rtx_kernel.o(.text.osKernelInitialize) refers to rtx_kernel.o(.text.osRtxKernelPreInit) for osRtxKernelPreInit
    rtx_kernel.o(.text.osKernelInitialize) refers to rtx_kernel.o(.text.svcRtxKernelInitialize) for svcRtxKernelInitialize
    rtx_kernel.o(.ARM.exidx.text.osKernelInitialize) refers to rtx_kernel.o(.text.osKernelInitialize) for [Anonymous Symbol]
    rtx_kernel.o(.text.osKernelGetInfo) refers to rtx_kernel.o(.text.svcRtxKernelGetInfo) for svcRtxKernelGetInfo
    rtx_kernel.o(.ARM.exidx.text.osKernelGetInfo) refers to rtx_kernel.o(.text.osKernelGetInfo) for [Anonymous Symbol]
[...]
    rtx_msgqueue.o(.ARM.exidx.text.osMessageQueuePut) refers to rtx_msgqueue.o(.text.osMessageQueuePut) for [Anonymous Symbol]
    rtx_msgqueue.o(.text.osMessageQueueGet) refers to rtx_msgqueue.o(.text.MessageQueueGet) for MessageQueueGet
    rtx_msgqueue.o(.text.osMessageQueueGet) refers to memcpya.o(.text) for __aeabi_memcpy
    rtx_msgqueue.o(.text.osMessageQueueGet) refers to rtx_system.o(.text.osRtxPostProcess) for osRtxPostProcess
    rtx_msgqueue.o(.text.osMessageQueueGet) refers to rtx_msgqueue.o(.text.svcRtxMessageQueueGet) for svcRtxMessageQueueGet
    rtx_msgqueue.o(.ARM.exidx.text.osMessageQueueGet) refers to rtx_msgqueue.o(.text.osMessageQueueGet) for [Anonymous Symbol]
    rtx_msgqueue.o(.text.osMessageQueueGetCapacity) refers to rtx_msgqueue.o(.text.svcRtxMessageQueueGetCapacity) for svcRtxMessageQueueGetCapacity
    rtx_msgqueue.o(.ARM.exidx.text.osMessageQueueGetCapacity) refers to rtx_msgqueue.o(.text.osMessageQueueGetCapacity) for [Anonymous Symbol]
    rtx_msgqueue.o(.ARM.exidx.text.svcRtxMessageQueueGetCapacity) refers to rtx_msgqueue.o(.text.svcRtxMessageQueueGetCapacity) for [Anonymous Symbol]
    rtx_msgqueue.o(.text.osMessageQueueGetMsgSize) refers to rtx_msgqueue.o(.text.svcRtxMessageQueueGetMsgSize) for svcRtxMessageQueueGetMsgSize
    rtx_msgqueue.o(.ARM.exidx.text.osMessageQueueGetMsgSize) refers to rtx_msgqueue.o(.text.osMessageQueueGetMsgSize) for [Anonymous Symbol]
    rtx_msgqueue.o(.ARM.exidx.text.svcRtxMessageQueueGetMsgSize) refers to rtx_msgqueue.o(.text.svcRtxMessageQueueGetMsgSize) for [Anonymous Symbol]
    rtx_msgqueue.o(.text.osMessageQueueGetCount) refers to rtx_msgqueue.o(.text.svcRtxMessageQueueGetCount) for svcRtxMessageQueueGetCount
    rtx_msgqueue.o(.ARM.exidx.text.osMessageQueueGetCount) refers to rtx_msgqueue.o(.text.osMessageQueueGetCount) for [Anonymous Symbol]
    rtx_msgqueue.o(.ARM.exidx.text.svcRtxMessageQueueGetCount) refers to rtx_msgqueue.o(.text.svcRtxMessageQueueGetCount) for [Anonymous Symbol]
    rtx_msgqueue.o(.text.osMessageQueueGetSpace) refers to rtx_msgqueue.o(.text.svcRtxMessageQueueGetSpace) for svcRtxMessageQueueGetSpace
    rtx_msgqueue.o(.ARM.exidx.text.osMessageQueueGetSpace) refers to rtx_msgqueue.o(.text.osMessageQueueGetSpace) for [Anonymous Symbol]
    rtx_msgqueue.o(.ARM.exidx.text.svcRtxMessageQueueGetSpace) refers to rtx_msgqueue.o(.text.svcRtxMessageQueueGetSpace) for [Anonymous Symbol]
    rtx_msgqueue.o(.text.osMessageQueueReset) refers to rtx_msgqueue.o(.text.svcRtxMessageQueueReset) for svcRtxMessageQueueReset
    rtx_msgqueue.o(.ARM.exidx.text.osMessageQueueReset) refers to rtx_msgqueue.o(.text.osMessageQueueReset) for [Anonymous Symbol]
    rtx_msgqueue.o(.text.osMessageQueueDelete) refers to rtx_msgqueue.o(.text.svcRtxMessageQueueDelete) for svcRtxMessageQueueDelete
    rtx_msgqueue.o(.ARM.exidx.text.osMessageQueueDelete) refers to rtx_msgqueue.o(.text.osMessageQueueDelete) for [Anonymous Symbol]
    rtx_msgqueue.o(.text.svcRtxMessageQueueNew) refers to rtx_mempool.o(.text.osRtxMemoryPoolAlloc) for osRtxMemoryPoolAlloc
    rtx_msgqueue.o(.text.svcRtxMessageQueueNew) refers to rtx_memory.o(.text.osRtxMemoryAlloc) for osRtxMemoryAlloc
    rtx_msgqueue.o(.text.svcRtxMessageQueueNew) refers to memseta.o(.text) for __aeabi_memclr
    rtx_msgqueue.o(.text.svcRtxMessageQueueNew) refers to rtx_mempool.o(.text.osRtxMemoryPoolFree) for osRtxMemoryPoolFree
    rtx_msgqueue.o(.text.svcRtxMessageQueueNew) refers to rtx_memory.o(.text.osRtxMemoryFree) for osRtxMemoryFree
    rtx_msgqueue.o(.text.svcRtxMessageQueueNew) refers to rtx_mempool.o(.text.osRtxMemoryPoolInit) for osRtxMemoryPoolInit
    rtx_msgqueue.o(.text.svcRtxMessageQueueNew) refers to rtx_kernel.o(.data.os) for osRtxInfo
    rtx_msgqueue.o(.text.svcRtxMessageQueueNew) refers to rtx_msgqueue.o(.text.osRtxMessageQueuePostProcess) for osRtxMessageQueuePostProcess
    rtx_msgqueue.o(.ARM.exidx.text.svcRtxMessageQueueNew) refers to rtx_msgqueue.o(.text.svcRtxMessageQueueNew) for [Anonymous Symbol]
    rtx_msgqueue.o(.text.osRtxMessageQueuePostProcess) refers to rtx_msgqueue.o(.text.MessageQueueRemove) for MessageQueueRemove
    rtx_msgqueue.o(.text.osRtxMessageQueuePostProcess) refers to rtx_mempool.o(.text.osRtxMemoryPoolFree) for osRtxMemoryPoolFree
    rtx_msgqueue.o(.text.osRtxMessageQueuePostProcess) refers to rtx_mempool.o(.text.osRtxMemoryPoolAlloc) for osRtxMemoryPoolAlloc
    rtx_msgqueue.o(.text.osRtxMessageQueuePostProcess) refers to rtx_thread.o(.text.osRtxThreadListGet) for osRtxThreadListGet
    rtx_msgqueue.o(.text.osRtxMessageQueuePostProcess) refers to rtx_thread.o(.text.osRtxThreadWaitExit) for osRtxThreadWaitExit
    rtx_msgqueue.o(.text.osRtxMessageQueuePostProcess) refers to rtx_thread.o(.text.osRtxThreadRegPtr) for osRtxThreadRegPtr
    rtx_msgqueue.o(.text.osRtxMessageQueuePostProcess) refers to memcpya.o(.text) for __aeabi_memcpy
    rtx_msgqueue.o(.text.osRtxMessageQueuePostProcess) refers to rtx_msgqueue.o(.text.MessageQueuePut) for MessageQueuePut
    rtx_msgqueue.o(.ARM.exidx.text.osRtxMessageQueuePostProcess) refers to rtx_msgqueue.o(.text.osRtxMessageQueuePostProcess) for [Anonymous Symbol]
    rtx_msgqueue.o(.ARM.exidx.text.MessageQueueRemove) refers to rtx_msgqueue.o(.text.MessageQueueRemove) for [Anonymous Symbol]
    rtx_msgqueue.o(.ARM.exidx.text.MessageQueuePut) refers to rtx_msgqueue.o(.text.MessageQueuePut) for [Anonymous Symbol]
    rtx_msgqueue.o(.ARM.exidx.text.svcRtxMessageQueueGetName) refers to rtx_msgqueue.o(.text.svcRtxMessageQueueGetName) for [Anonymous Symbol]
    rtx_msgqueue.o(.text.svcRtxMessageQueuePut) refers to rtx_thread.o(.text.osRtxThreadListGet) for osRtxThreadListGet
    rtx_msgqueue.o(.text.svcRtxMessageQueuePut) refers to rtx_thread.o(.text.osRtxThreadWaitExit) for osRtxThreadWaitExit
    rtx_msgqueue.o(.text.svcRtxMessageQueuePut) refers to rtx_thread.o(.text.osRtxThreadRegPtr) for osRtxThreadRegPtr
    rtx_msgqueue.o(.text.svcRtxMessageQueuePut) refers to memcpya.o(.text) for __aeabi_memcpy
    rtx_msgqueue.o(.text.svcRtxMessageQueuePut) refers to rtx_mempool.o(.text.osRtxMemoryPoolAlloc) for osRtxMemoryPoolAlloc
    rtx_msgqueue.o(.text.svcRtxMessageQueuePut) refers to rtx_msgqueue.o(.text.MessageQueuePut) for MessageQueuePut
    rtx_msgqueue.o(.text.svcRtxMessageQueuePut) refers to rtx_thread.o(.text.osRtxThreadWaitEnter) for osRtxThreadWaitEnter
    rtx_msgqueue.o(.text.svcRtxMessageQueuePut) refers to rtx_thread.o(.text.osRtxThreadListPut) for osRtxThreadListPut
    rtx_msgqueue.o(.text.svcRtxMessageQueuePut) refers to rtx_kernel.o(.data.os) for osRtxInfo
    rtx_msgqueue.o(.ARM.exidx.text.svcRtxMessageQueuePut) refers to rtx_msgqueue.o(.text.svcRtxMessageQueuePut) for [Anonymous Symbol]
    rtx_msgqueue.o(.ARM.exidx.text.MessageQueueGet) refers to rtx_msgqueue.o(.text.MessageQueueGet) for [Anonymous Symbol]
    rtx_msgqueue.o(.text.svcRtxMessageQueueGet) refers to rtx_msgqueue.o(.text.MessageQueueGet) for MessageQueueGet
    rtx_msgqueue.o(.text.svcRtxMessageQueueGet) refers to rtx_msgqueue.o(.text.MessageQueueRemove) for MessageQueueRemove
    rtx_msgqueue.o(.text.svcRtxMessageQueueGet) refers to memcpya.o(.text) for __aeabi_memcpy
    rtx_msgqueue.o(.text.svcRtxMessageQueueGet) refers to rtx_mempool.o(.text.osRtxMemoryPoolFree) for osRtxMemoryPoolFree
    rtx_msgqueue.o(.text.svcRtxMessageQueueGet) refers to rtx_mempool.o(.text.osRtxMemoryPoolAlloc) for osRtxMemoryPoolAlloc
    rtx_msgqueue.o(.text.svcRtxMessageQueueGet) refers to rtx_thread.o(.text.osRtxThreadListGet) for osRtxThreadListGet
    rtx_msgqueue.o(.text.svcRtxMessageQueueGet) refers to rtx_thread.o(.text.osRtxThreadWaitExit) for osRtxThreadWaitExit
    rtx_msgqueue.o(.text.svcRtxMessageQueueGet) refers to rtx_thread.o(.text.osRtxThreadRegPtr) for osRtxThreadRegPtr
    rtx_msgqueue.o(.text.svcRtxMessageQueueGet) refers to rtx_msgqueue.o(.text.MessageQueuePut) for MessageQueuePut
    rtx_msgqueue.o(.text.svcRtxMessageQueueGet) refers to rtx_thread.o(.text.osRtxThreadWaitEnter) for osRtxThreadWaitEnter
    rtx_msgqueue.o(.text.svcRtxMessageQueueGet) refers to rtx_thread.o(.text.osRtxThreadListPut) for osRtxThreadListPut
    rtx_msgqueue.o(.text.svcRtxMessageQueueGet) refers to rtx_kernel.o(.data.os) for osRtxInfo
    rtx_msgqueue.o(.ARM.exidx.text.svcRtxMessageQueueGet) refers to rtx_msgqueue.o(.text.svcRtxMessageQueueGet) for [Anonymous Symbol]
    rtx_msgqueue.o(.text.svcRtxMessageQueueReset) refers to rtx_msgqueue.o(.text.MessageQueueRemove) for MessageQueueRemove
    rtx_msgqueue.o(.text.svcRtxMessageQueueReset) refers to rtx_mempool.o(.text.osRtxMemoryPoolFree) for osRtxMemoryPoolFree
    rtx_msgqueue.o(.text.svcRtxMessageQueueReset) refers to rtx_msgqueue.o(.text.MessageQueueGet) for MessageQueueGet
    rtx_msgqueue.o(.text.svcRtxMessageQueueReset) refers to rtx_mempool.o(.text.osRtxMemoryPoolAlloc) for osRtxMemoryPoolAlloc
    rtx_msgqueue.o(.text.svcRtxMessageQueueReset) refers to rtx_thread.o(.text.osRtxThreadListGet) for osRtxThreadListGet
    rtx_msgqueue.o(.text.svcRtxMessageQueueReset) refers to rtx_thread.o(.text.osRtxThreadWaitExit) for osRtxThreadWaitExit
    rtx_msgqueue.o(.text.svcRtxMessageQueueReset) refers to rtx_thread.o(.text.osRtxThreadRegPtr) for osRtxThreadRegPtr
    rtx_msgqueue.o(.text.svcRtxMessageQueueReset) refers to memcpya.o(.text) for __aeabi_memcpy
    rtx_msgqueue.o(.text.svcRtxMessageQueueReset) refers to rtx_msgqueue.o(.text.MessageQueuePut) for MessageQueuePut
    rtx_msgqueue.o(.text.svcRtxMessageQueueReset) refers to rtx_thread.o(.text.osRtxThreadDispatch) for osRtxThreadDispatch
    rtx_msgqueue.o(.ARM.exidx.text.svcRtxMessageQueueReset) refers to rtx_msgqueue.o(.text.svcRtxMessageQueueReset) for [Anonymous Symbol]
    rtx_msgqueue.o(.text.svcRtxMessageQueueDelete) refers to rtx_thread.o(.text.osRtxThreadListGet) for osRtxThreadListGet
    rtx_msgqueue.o(.text.svcRtxMessageQueueDelete) refers to rtx_thread.o(.text.osRtxThreadWaitExit) for osRtxThreadWaitExit
    rtx_msgqueue.o(.text.svcRtxMessageQueueDelete) refers to rtx_thread.o(.text.osRtxThreadDispatch) for osRtxThreadDispatch
    rtx_msgqueue.o(.text.svcRtxMessageQueueDelete) refers to rtx_memory.o(.text.osRtxMemoryFree) for osRtxMemoryFree
    rtx_msgqueue.o(.text.svcRtxMessageQueueDelete) refers to rtx_mempool.o(.text.osRtxMemoryPoolFree) for osRtxMemoryPoolFree
    rtx_msgqueue.o(.text.svcRtxMessageQueueDelete) refers to rtx_kernel.o(.data.os) for osRtxInfo
    rtx_msgqueue.o(.ARM.exidx.text.svcRtxMessageQueueDelete) refers to rtx_msgqueue.o(.text.svcRtxMessageQueueDelete) for [Anonymous Symbol]
    entry.o(.ARM.Collect$$$$00000000) refers (Special) to entry10a.o(.ARM.Collect$$$$0000000D) for __rt_final_cpp
    entry.o(.ARM.Collect$$$$00000000) refers (Special) to entry11a.o(.ARM.Collect$$$$0000000F) for __rt_final_exit
    entry.o(.ARM.Collect$$$$00000000) refers (Special) to entry7b.o(.ARM.Collect$$$$00000008) for _main_clock
    entry.o(.ARM.Collect$$$$00000000) refers (Special) to entry8b.o(.ARM.Collect$$$$0000000A) for _main_cpp_init
    entry.o(.ARM.Collect$$$$00000000) refers (Special) to entry9a.o(.ARM.Collect$$$$0000000B) for _main_init
    entry.o(.ARM.Collect$$$$00000000) refers (Special) to entry5.o(.ARM.Collect$$$$00000004) for _main_scatterload
    entry.o(.ARM.Collect$$$$00000000) refers (Special) to entry2.o(.ARM.Collect$$$$00000001) for _main_stk
    entry2.o(.ARM.Collect$$$$00000001) refers to entry2.o(.ARM.Collect$$$$00002712) for __lit__00000000
    entry2.o(.ARM.Collect$$$$00002712) refers to startup_mkl25z4.o(STACK) for __initial_sp
    entry2.o(__vectab_stack_and_reset_area) refers to startup_mkl25z4.o(STACK) for __initial_sp
    entry2.o(__vectab_stack_and_reset_area) refers to entry.o(.ARM.Collect$$$$00000000) for __main
    entry5.o(.ARM.Collect$$$$00000004) refers to init.o(.text) for __scatterload
    entry9a.o(.ARM.Collect$$$$0000000B) refers to main.o(.text.main) for main
    entry9b.o(.ARM.Collect$$$$0000000C) refers to main.o(.text.main) for main
    idiv_div0.o(.text) refers to uidiv_div0.o(.text) for __aeabi_uidivmod
    init.o(.text) refers to entry5.o(.ARM.Collect$$$$00000004) for __main_after_scatterload


==============================================================================

Removing Unused input sections from the image.

    Removing main.o(.text), (0 bytes).
    Removing main.o(.ARM.exidx.text.offRGB), (8 bytes).
    Removing main.o(.ARM.exidx.text.led_control), (8 bytes).
    Removing main.o(.ARM.exidx.text.InitGPIO), (8 bytes).
    Removing main.o(.ARM.exidx.text.led_red_thread), (8 bytes).
    Removing main.o(.ARM.exidx.text.led_green_thread), (8 bytes).
    Removing main.o(.ARM.exidx.text.main), (8 bytes).
    Removing main.o(.bss.led_off), (4 bytes).
    Removing main.o(.ARM.use_no_argv), (4 bytes).
    Removing rtx_lib.o(.text), (0 bytes).
    Removing rtx_lib.o(.data.irqRtxLibRef), (4 bytes).
    Removing rtx_config.o(.text), (0 bytes).
    Removing rtx_config.o(.ARM.exidx.text.osRtxIdleThread), (8 bytes).
    Removing rtx_config.o(.ARM.exidx.text.osRtxErrorNotify), (8 bytes).
    Removing startup_mkl25z4.o(HEAP), (0 bytes).
    Removing system_mkl25z4.o(.text), (0 bytes).
    Removing system_mkl25z4.o(.ARM.exidx.text.SystemInit), (8 bytes).
    Removing system_mkl25z4.o(.ARM.exidx.text.SystemCoreClockUpdate), (8 bytes).
    Removing rtx_kernel.o(.text), (0 bytes).
    Removing rtx_kernel.o(.ARM.exidx.text.osRtxKernelPreInit), (8 bytes).
    Removing rtx_kernel.o(.ARM.exidx.text.osKernelInitialize), (8 bytes).
    Removing rtx_kernel.o(.text.osKernelGetInfo), (44 bytes).
    Removing rtx_kernel.o(.ARM.exidx.text.osKernelGetInfo), (8 bytes).
    Removing rtx_kernel.o(.text.svcRtxKernelGetInfo), (56 bytes).
    Removing rtx_kernel.o(.ARM.exidx.text.svcRtxKernelGetInfo), (8 bytes).
    Removing rtx_kernel.o(.text.osKernelGetState), (48 bytes).
    Removing rtx_kernel.o(.ARM.exidx.text.osKernelGetState), (8 bytes).
    Removing rtx_kernel.o(.text.svcRtxKernelGetState), (12 bytes).
    Removing rtx_kernel.o(.ARM.exidx.text.svcRtxKernelGetState), (8 bytes).
    Removing rtx_kernel.o(.ARM.exidx.text.osKernelStart), (8 bytes).
    Removing rtx_kernel.o(.text.osKernelLock), (36 bytes).
    Removing rtx_kernel.o(.ARM.exidx.text.osKernelLock), (8 bytes).
    Removing rtx_kernel.o(.text.osKernelUnlock), (36 bytes).
    Removing rtx_kernel.o(.ARM.exidx.text.osKernelUnlock), (8 bytes).
    Removing rtx_kernel.o(.text.osKernelRestoreLock), (40 bytes).
    Removing rtx_kernel.o(.ARM.exidx.text.osKernelRestoreLock), (8 bytes).
    Removing rtx_kernel.o(.text.osKernelSuspend), (32 bytes).
    Removing rtx_kernel.o(.ARM.exidx.text.osKernelSuspend), (8 bytes).
    Removing rtx_kernel.o(.text.osKernelResume), (32 bytes).
    Removing rtx_kernel.o(.ARM.exidx.text.osKernelResume), (8 bytes).
    Removing rtx_kernel.o(.text.osKernelGetTickCount), (40 bytes).
    Removing rtx_kernel.o(.ARM.exidx.text.osKernelGetTickCount), (8 bytes).
    Removing rtx_kernel.o(.text.svcRtxKernelGetTickCount), (12 bytes).
    Removing rtx_kernel.o(.ARM.exidx.text.svcRtxKernelGetTickCount), (8 bytes).
    Removing rtx_kernel.o(.text.osKernelGetTickFreq), (40 bytes).
    Removing rtx_kernel.o(.ARM.exidx.text.osKernelGetTickFreq), (8 bytes).
    Removing rtx_kernel.o(.text.svcRtxKernelGetTickFreq), (12 bytes).
    Removing rtx_kernel.o(.ARM.exidx.text.svcRtxKernelGetTickFreq), (8 bytes).
    Removing rtx_kernel.o(.text.osKernelGetSysTimerCount), (36 bytes).
    Removing rtx_kernel.o(.ARM.exidx.text.osKernelGetSysTimerCount), (8 bytes).
    Removing rtx_kernel.o(.text.svcRtxKernelGetSysTimerCount), (44 bytes).
    Removing rtx_kernel.o(.ARM.exidx.text.svcRtxKernelGetSysTimerCount), (8 bytes).
    Removing rtx_kernel.o(.text.osKernelGetSysTimerFreq), (36 bytes).
    Removing rtx_kernel.o(.ARM.exidx.text.osKernelGetSysTimerFreq), (8 bytes).
    Removing rtx_kernel.o(.text.svcRtxKernelGetSysTimerFreq), (8 bytes).
    Removing rtx_kernel.o(.ARM.exidx.text.svcRtxKernelGetSysTimerFreq), (8 bytes).
    Removing rtx_kernel.o(.ARM.exidx.text.svcRtxKernelInitialize), (8 bytes).
    Removing rtx_kernel.o(.ARM.exidx.text.svcRtxKernelStart), (8 bytes).
    Removing rtx_kernel.o(.text.svcRtxKernelLock), (36 bytes).
    Removing rtx_kernel.o(.ARM.exidx.text.svcRtxKernelLock), (8 bytes).
    Removing rtx_kernel.o(.text.svcRtxKernelUnlock), (36 bytes).
    Removing rtx_kernel.o(.ARM.exidx.text.svcRtxKernelUnlock), (8 bytes).
    Removing rtx_kernel.o(.text.svcRtxKernelRestoreLock), (48 bytes).
    Removing rtx_kernel.o(.ARM.exidx.text.svcRtxKernelRestoreLock), (8 bytes).
    Removing rtx_kernel.o(.text.svcRtxKernelSuspend), (84 bytes).
    Removing rtx_kernel.o(.ARM.exidx.text.svcRtxKernelSuspend), (8 bytes).
    Removing rtx_kernel.o(.text.svcRtxKernelResume), (136 bytes).
    Removing rtx_kernel.o(.ARM.exidx.text.svcRtxKernelResume), (8 bytes).
    Removing rtx_thread.o(.text), (0 bytes).
    Removing rtx_thread.o(.ARM.exidx.text.osRtxThreadListPut), (8 bytes).
    Removing rtx_thread.o(.ARM.exidx.text.osRtxThreadListGet), (8 bytes).
    Removing rtx_thread.o(.text.osRtxThreadListSort), (38 bytes).
    Removing rtx_thread.o(.ARM.exidx.text.osRtxThreadListSort), (8 bytes).
    Removing rtx_thread.o(.ARM.exidx.text.osRtxThreadListRemove), (8 bytes).
    Removing rtx_thread.o(.ARM.exidx.text.osRtxThreadReadyPut), (8 bytes).
    Removing rtx_thread.o(.ARM.exidx.text.osRtxThreadDelayTick), (8 bytes).
    Removing rtx_thread.o(.ARM.exidx.text.osRtxThreadRegPtr), (8 bytes).
    Removing rtx_thread.o(.ARM.exidx.text.osRtxThreadSwitch), (8 bytes).
    Removing rtx_thread.o(.ARM.exidx.text.osRtxThreadStackCheck), (8 bytes).
    Removing rtx_thread.o(.ARM.exidx.text.osRtxThreadDispatch), (8 bytes).
    Removing rtx_thread.o(.ARM.exidx.text.osRtxThreadBlock), (8 bytes).
    Removing rtx_thread.o(.ARM.exidx.text.osRtxThreadWaitExit), (8 bytes).
    Removing rtx_thread.o(.ARM.exidx.text.osRtxThreadDelayRemove), (8 bytes).
    Removing rtx_thread.o(.ARM.exidx.text.osRtxThreadWaitEnter), (8 bytes).
    Removing rtx_thread.o(.ARM.exidx.text.osRtxThreadDelayInsert), (8 bytes).
    Removing rtx_thread.o(.ARM.exidx.text.osRtxThreadStartup), (8 bytes).
    Removing rtx_thread.o(.ARM.exidx.text.svcRtxThreadNew), (8 bytes).
    Removing rtx_thread.o(.ARM.exidx.text.osThreadNew), (8 bytes).
    Removing rtx_thread.o(.text.osThreadGetName), (36 bytes).
    Removing rtx_thread.o(.ARM.exidx.text.osThreadGetName), (8 bytes).
    Removing rtx_thread.o(.text.osThreadGetId), (40 bytes).
    Removing rtx_thread.o(.ARM.exidx.text.osThreadGetId), (8 bytes).
    Removing rtx_thread.o(.text.svcRtxThreadGetId), (12 bytes).
    Removing rtx_thread.o(.ARM.exidx.text.svcRtxThreadGetId), (8 bytes).
    Removing rtx_thread.o(.text.osThreadGetState), (40 bytes).
    Removing rtx_thread.o(.ARM.exidx.text.osThreadGetState), (8 bytes).
    Removing rtx_thread.o(.text.osThreadGetStackSize), (36 bytes).
    Removing rtx_thread.o(.ARM.exidx.text.osThreadGetStackSize), (8 bytes).
    Removing rtx_thread.o(.text.osThreadGetStackSpace), (36 bytes).
    Removing rtx_thread.o(.ARM.exidx.text.osThreadGetStackSpace), (8 bytes).
    Removing rtx_thread.o(.text.osThreadSetPriority), (40 bytes).
    Removing rtx_thread.o(.ARM.exidx.text.osThreadSetPriority), (8 bytes).
    Removing rtx_thread.o(.text.osThreadGetPriority), (40 bytes).
    Removing rtx_thread.o(.ARM.exidx.text.osThreadGetPriority), (8 bytes).
    Removing rtx_thread.o(.text.osThreadYield), (36 bytes).
    Removing rtx_thread.o(.ARM.exidx.text.osThreadYield), (8 bytes).
    Removing rtx_thread.o(.text.osThreadSuspend), (40 bytes).
    Removing rtx_thread.o(.ARM.exidx.text.osThreadSuspend), (8 bytes).
    Removing rtx_thread.o(.text.osThreadResume), (40 bytes).
    Removing rtx_thread.o(.ARM.exidx.text.osThreadResume), (8 bytes).
    Removing rtx_thread.o(.text.osThreadDetach), (40 bytes).
    Removing rtx_thread.o(.ARM.exidx.text.osThreadDetach), (8 bytes).
    Removing rtx_thread.o(.text.osThreadJoin), (40 bytes).
    Removing rtx_thread.o(.ARM.exidx.text.osThreadJoin), (8 bytes).
    Removing rtx_thread.o(.ARM.exidx.text.osThreadExit), (8 bytes).
    Removing rtx_thread.o(.text.osThreadTerminate), (40 bytes).
    Removing rtx_thread.o(.ARM.exidx.text.osThreadTerminate), (8 bytes).
    Removing rtx_thread.o(.text.osThreadGetCount), (32 bytes).
    Removing rtx_thread.o(.ARM.exidx.text.osThreadGetCount), (8 bytes).
    Removing rtx_thread.o(.text.osThreadEnumerate), (36 bytes).
    Removing rtx_thread.o(.ARM.exidx.text.osThreadEnumerate), (8 bytes).
    Removing rtx_thread.o(.text.osThreadFlagsSet), (88 bytes).
    Removing rtx_thread.o(.ARM.exidx.text.osThreadFlagsSet), (8 bytes).
    Removing rtx_thread.o(.text.osThreadFlagsClear), (40 bytes).
    Removing rtx_thread.o(.ARM.exidx.text.osThreadFlagsClear), (8 bytes).
    Removing rtx_thread.o(.text.osThreadFlagsGet), (32 bytes).
    Removing rtx_thread.o(.ARM.exidx.text.osThreadFlagsGet), (8 bytes).
    Removing rtx_thread.o(.text.osThreadFlagsWait), (40 bytes).
    Removing rtx_thread.o(.ARM.exidx.text.osThreadFlagsWait), (8 bytes).
    Removing rtx_thread.o(.ARM.exidx.text.osRtxThreadPostProcess), (8 bytes).
    Removing rtx_thread.o(.ARM.exidx.text.ThreadFlagsCheck), (8 bytes).
    Removing rtx_thread.o(.text.svcRtxThreadGetName), (18 bytes).
    Removing rtx_thread.o(.ARM.exidx.text.svcRtxThreadGetName), (8 bytes).
    Removing rtx_thread.o(.text.svcRtxThreadGetState), (24 bytes).
    Removing rtx_thread.o(.ARM.exidx.text.svcRtxThreadGetState), (8 bytes).
    Removing rtx_thread.o(.text.svcRtxThreadGetStackSize), (18 bytes).
    Removing rtx_thread.o(.ARM.exidx.text.svcRtxThreadGetStackSize), (8 bytes).
    Removing rtx_thread.o(.text.svcRtxThreadGetStackSpace), (68 bytes).
    Removing rtx_thread.o(.ARM.exidx.text.svcRtxThreadGetStackSpace), (8 bytes).
    Removing rtx_thread.o(.text.svcRtxThreadSetPriority), (72 bytes).
    Removing rtx_thread.o(.ARM.exidx.text.svcRtxThreadSetPriority), (8 bytes).
    Removing rtx_thread.o(.text.svcRtxThreadGetPriority), (28 bytes).
    Removing rtx_thread.o(.ARM.exidx.text.svcRtxThreadGetPriority), (8 bytes).
    Removing rtx_thread.o(.text.svcRtxThreadYield), (56 bytes).
    Removing rtx_thread.o(.ARM.exidx.text.svcRtxThreadYield), (8 bytes).
    Removing rtx_thread.o(.text.svcRtxThreadSuspend), (136 bytes).
    Removing rtx_thread.o(.ARM.exidx.text.svcRtxThreadSuspend), (8 bytes).
    Removing rtx_thread.o(.text.svcRtxThreadResume), (54 bytes).
    Removing rtx_thread.o(.ARM.exidx.text.svcRtxThreadResume), (8 bytes).
    Removing rtx_thread.o(.text.svcRtxThreadDetach), (58 bytes).
    Removing rtx_thread.o(.ARM.exidx.text.svcRtxThreadDetach), (8 bytes).
    Removing rtx_thread.o(.text.osRtxThreadListUnlink), (36 bytes).
    Removing rtx_thread.o(.ARM.exidx.text.osRtxThreadListUnlink), (8 bytes).
    Removing rtx_thread.o(.ARM.exidx.text.osRtxThreadFree), (8 bytes).
    Removing rtx_thread.o(.text.svcRtxThreadJoin), (92 bytes).
    Removing rtx_thread.o(.ARM.exidx.text.svcRtxThreadJoin), (8 bytes).
    Removing rtx_thread.o(.ARM.exidx.text.svcRtxThreadExit), (8 bytes).
    Removing rtx_thread.o(.text.svcRtxThreadTerminate), (188 bytes).
    Removing rtx_thread.o(.ARM.exidx.text.svcRtxThreadTerminate), (8 bytes).
    Removing rtx_thread.o(.text.svcRtxThreadGetCount), (56 bytes).
    Removing rtx_thread.o(.ARM.exidx.text.svcRtxThreadGetCount), (8 bytes).
    Removing rtx_thread.o(.text.svcRtxThreadEnumerate), (96 bytes).
    Removing rtx_thread.o(.ARM.exidx.text.svcRtxThreadEnumerate), (8 bytes).
    Removing rtx_thread.o(.text.svcRtxThreadFlagsSet), (108 bytes).
    Removing rtx_thread.o(.ARM.exidx.text.svcRtxThreadFlagsSet), (8 bytes).
    Removing rtx_thread.o(.text.svcRtxThreadFlagsClear), (56 bytes).
    Removing rtx_thread.o(.ARM.exidx.text.svcRtxThreadFlagsClear), (8 bytes).
    Removing rtx_thread.o(.text.svcRtxThreadFlagsGet), (20 bytes).
    Removing rtx_thread.o(.ARM.exidx.text.svcRtxThreadFlagsGet), (8 bytes).
    Removing rtx_thread.o(.text.svcRtxThreadFlagsWait), (80 bytes).
    Removing rtx_thread.o(.ARM.exidx.text.svcRtxThreadFlagsWait), (8 bytes).
    Removing rtx_delay.o(.text), (0 bytes).
    Removing rtx_delay.o(.ARM.exidx.text.osDelay), (8 bytes).
    Removing rtx_delay.o(.text.osDelayUntil), (40 bytes).
    Removing rtx_delay.o(.ARM.exidx.text.osDelayUntil), (8 bytes).
    Removing rtx_delay.o(.ARM.exidx.text.svcRtxDelay), (8 bytes).
    Removing rtx_delay.o(.text.svcRtxDelayUntil), (32 bytes).
    Removing rtx_delay.o(.ARM.exidx.text.svcRtxDelayUntil), (8 bytes).
    Removing irq_cm0.o(.constdata), (1 bytes).
    Removing rtx_timer.o(.text), (0 bytes).
    Removing rtx_timer.o(.ARM.exidx.text.osRtxTimerThread), (8 bytes).
    Removing rtx_timer.o(.ARM.exidx.text.osRtxTimerTick), (8 bytes).
    Removing rtx_timer.o(.text.osTimerNew), (36 bytes).
    Removing rtx_timer.o(.ARM.exidx.text.osTimerNew), (8 bytes).
    Removing rtx_timer.o(.text.osTimerGetName), (36 bytes).
    Removing rtx_timer.o(.ARM.exidx.text.osTimerGetName), (8 bytes).
    Removing rtx_timer.o(.text.osTimerStart), (40 bytes).
    Removing rtx_timer.o(.ARM.exidx.text.osTimerStart), (8 bytes).
    Removing rtx_timer.o(.text.osTimerStop), (40 bytes).
    Removing rtx_timer.o(.ARM.exidx.text.osTimerStop), (8 bytes).
    Removing rtx_timer.o(.text.osTimerIsRunning), (36 bytes).
    Removing rtx_timer.o(.ARM.exidx.text.osTimerIsRunning), (8 bytes).
    Removing rtx_timer.o(.text.osTimerDelete), (40 bytes).
    Removing rtx_timer.o(.ARM.exidx.text.osTimerDelete), (8 bytes).
    Removing rtx_timer.o(.ARM.exidx.text.TimerInsert), (8 bytes).
    Removing rtx_timer.o(.text.svcRtxTimerNew), (132 bytes).
    Removing rtx_timer.o(.ARM.exidx.text.svcRtxTimerNew), (8 bytes).
    Removing rtx_timer.o(.text.svcRtxTimerGetName), (18 bytes).
    Removing rtx_timer.o(.ARM.exidx.text.svcRtxTimerGetName), (8 bytes).
    Removing rtx_timer.o(.text.svcRtxTimerStart), (72 bytes).
    Removing rtx_timer.o(.ARM.exidx.text.svcRtxTimerStart), (8 bytes).
    Removing rtx_timer.o(.text.TimerRemove), (40 bytes).
    Removing rtx_timer.o(.ARM.exidx.text.TimerRemove), (8 bytes).
    Removing rtx_timer.o(.text.svcRtxTimerStop), (42 bytes).
    Removing rtx_timer.o(.ARM.exidx.text.svcRtxTimerStop), (8 bytes).
    Removing rtx_timer.o(.text.svcRtxTimerIsRunning), (24 bytes).
    Removing rtx_timer.o(.ARM.exidx.text.svcRtxTimerIsRunning), (8 bytes).
    Removing rtx_timer.o(.text.svcRtxTimerDelete), (76 bytes).
    Removing rtx_timer.o(.ARM.exidx.text.svcRtxTimerDelete), (8 bytes).
    Removing rtx_mutex.o(.text), (0 bytes).
    Removing rtx_mutex.o(.ARM.exidx.text.osRtxMutexOwnerRelease), (8 bytes).
    Removing rtx_mutex.o(.text.osMutexNew), (36 bytes).
    Removing rtx_mutex.o(.ARM.exidx.text.osMutexNew), (8 bytes).
    Removing rtx_mutex.o(.text.osMutexGetName), (36 bytes).
    Removing rtx_mutex.o(.ARM.exidx.text.osMutexGetName), (8 bytes).
    Removing rtx_mutex.o(.text.osMutexAcquire), (40 bytes).
    Removing rtx_mutex.o(.ARM.exidx.text.osMutexAcquire), (8 bytes).
    Removing rtx_mutex.o(.text.osMutexRelease), (40 bytes).
    Removing rtx_mutex.o(.ARM.exidx.text.osMutexRelease), (8 bytes).
    Removing rtx_mutex.o(.text.osMutexGetOwner), (36 bytes).
    Removing rtx_mutex.o(.ARM.exidx.text.osMutexGetOwner), (8 bytes).
    Removing rtx_mutex.o(.text.osMutexDelete), (40 bytes).
    Removing rtx_mutex.o(.ARM.exidx.text.osMutexDelete), (8 bytes).
    Removing rtx_mutex.o(.text.svcRtxMutexNew), (112 bytes).
    Removing rtx_mutex.o(.ARM.exidx.text.svcRtxMutexNew), (8 bytes).
    Removing rtx_mutex.o(.text.svcRtxMutexGetName), (18 bytes).
    Removing rtx_mutex.o(.ARM.exidx.text.svcRtxMutexGetName), (8 bytes).
    Removing rtx_mutex.o(.text.svcRtxMutexAcquire), (152 bytes).
    Removing rtx_mutex.o(.ARM.exidx.text.svcRtxMutexAcquire), (8 bytes).
    Removing rtx_mutex.o(.text.svcRtxMutexRelease), (192 bytes).
    Removing rtx_mutex.o(.ARM.exidx.text.svcRtxMutexRelease), (8 bytes).
    Removing rtx_mutex.o(.text.svcRtxMutexGetOwner), (24 bytes).
    Removing rtx_mutex.o(.ARM.exidx.text.svcRtxMutexGetOwner), (8 bytes).
    Removing rtx_mutex.o(.text.svcRtxMutexDelete), (188 bytes).
    Removing rtx_mutex.o(.ARM.exidx.text.svcRtxMutexDelete), (8 bytes).
    Removing rtx_memory.o(.text), (0 bytes).
    Removing rtx_memory.o(.ARM.exidx.text.osRtxMemoryInit), (8 bytes).
    Removing rtx_memory.o(.ARM.exidx.text.osRtxMemoryAlloc), (8 bytes).
    Removing rtx_memory.o(.ARM.exidx.text.osRtxMemoryFree), (8 bytes).
    Removing rtx_mempool.o(.text), (0 bytes).
    Removing rtx_mempool.o(.ARM.exidx.text.osRtxMemoryPoolInit), (8 bytes).
    Removing rtx_mempool.o(.ARM.exidx.text.osRtxMemoryPoolAlloc), (8 bytes).
    Removing rtx_mempool.o(.ARM.exidx.text.osRtxMemoryPoolFree), (8 bytes).
    Removing rtx_mempool.o(.text.osMemoryPoolNew), (36 bytes).
    Removing rtx_mempool.o(.ARM.exidx.text.osMemoryPoolNew), (8 bytes).
    Removing rtx_mempool.o(.text.osMemoryPoolGetName), (36 bytes).
    Removing rtx_mempool.o(.ARM.exidx.text.osMemoryPoolGetName), (8 bytes).
    Removing rtx_mempool.o(.text.osMemoryPoolAlloc), (56 bytes).
    Removing rtx_mempool.o(.ARM.exidx.text.osMemoryPoolAlloc), (8 bytes).
    Removing rtx_mempool.o(.text.osMemoryPoolFree), (72 bytes).
    Removing rtx_mempool.o(.ARM.exidx.text.osMemoryPoolFree), (8 bytes).
    Removing rtx_mempool.o(.text.osMemoryPoolGetCapacity), (48 bytes).
    Removing rtx_mempool.o(.ARM.exidx.text.osMemoryPoolGetCapacity), (8 bytes).
    Removing rtx_mempool.o(.text.svcRtxMemoryPoolGetCapacity), (18 bytes).
    Removing rtx_mempool.o(.ARM.exidx.text.svcRtxMemoryPoolGetCapacity), (8 bytes).
    Removing rtx_mempool.o(.text.osMemoryPoolGetBlockSize), (48 bytes).
    Removing rtx_mempool.o(.ARM.exidx.text.osMemoryPoolGetBlockSize), (8 bytes).
    Removing rtx_mempool.o(.text.svcRtxMemoryPoolGetBlockSize), (18 bytes).
    Removing rtx_mempool.o(.ARM.exidx.text.svcRtxMemoryPoolGetBlockSize), (8 bytes).
    Removing rtx_mempool.o(.text.osMemoryPoolGetCount), (48 bytes).
    Removing rtx_mempool.o(.ARM.exidx.text.osMemoryPoolGetCount), (8 bytes).
    Removing rtx_mempool.o(.text.svcRtxMemoryPoolGetCount), (18 bytes).
    Removing rtx_mempool.o(.ARM.exidx.text.svcRtxMemoryPoolGetCount), (8 bytes).
    Removing rtx_mempool.o(.text.osMemoryPoolGetSpace), (36 bytes).
    Removing rtx_mempool.o(.ARM.exidx.text.osMemoryPoolGetSpace), (8 bytes).
    Removing rtx_mempool.o(.text.svcRtxMemoryPoolGetSpace), (22 bytes).
    Removing rtx_mempool.o(.ARM.exidx.text.svcRtxMemoryPoolGetSpace), (8 bytes).
    Removing rtx_mempool.o(.text.osMemoryPoolDelete), (40 bytes).
    Removing rtx_mempool.o(.ARM.exidx.text.osMemoryPoolDelete), (8 bytes).
    Removing rtx_mempool.o(.text.svcRtxMemoryPoolNew), (444 bytes).
    Removing rtx_mempool.o(.ARM.exidx.text.svcRtxMemoryPoolNew), (8 bytes).
    Removing rtx_mempool.o(.text.osRtxMemoryPoolPostProcess), (40 bytes).
    Removing rtx_mempool.o(.ARM.exidx.text.osRtxMemoryPoolPostProcess), (8 bytes).
    Removing rtx_mempool.o(.text.svcRtxMemoryPoolGetName), (18 bytes).
    Removing rtx_mempool.o(.ARM.exidx.text.svcRtxMemoryPoolGetName), (8 bytes).
    Removing rtx_mempool.o(.text.svcRtxMemoryPoolAlloc), (64 bytes).
    Removing rtx_mempool.o(.ARM.exidx.text.svcRtxMemoryPoolAlloc), (8 bytes).
    Removing rtx_mempool.o(.text.svcRtxMemoryPoolFree), (72 bytes).
    Removing rtx_mempool.o(.ARM.exidx.text.svcRtxMemoryPoolFree), (8 bytes).
    Removing rtx_mempool.o(.text.svcRtxMemoryPoolDelete), (112 bytes).
    Removing rtx_mempool.o(.ARM.exidx.text.svcRtxMemoryPoolDelete), (8 bytes).
    Removing rtx_system.o(.text), (0 bytes).
    Removing rtx_system.o(.ARM.exidx.text.osRtxTick_Handler), (8 bytes).
    Removing rtx_system.o(.ARM.exidx.text.osRtxPendSV_Handler), (8 bytes).
    Removing rtx_system.o(.ARM.exidx.text.osRtxPostProcess), (8 bytes).
    Removing os_systick.o(.text), (0 bytes).
    Removing os_systick.o(.ARM.exidx.text.OS_Tick_Setup), (8 bytes).
    Removing os_systick.o(.ARM.exidx.text.OS_Tick_Enable), (8 bytes).
    Removing os_systick.o(.text.OS_Tick_Disable), (40 bytes).
    Removing os_systick.o(.ARM.exidx.text.OS_Tick_Disable), (8 bytes).
    Removing os_systick.o(.ARM.exidx.text.OS_Tick_AcknowledgeIRQ), (8 bytes).
    Removing os_systick.o(.ARM.exidx.text.OS_Tick_GetIRQn), (8 bytes).
    Removing os_systick.o(.text.OS_Tick_GetClock), (12 bytes).
    Removing os_systick.o(.ARM.exidx.text.OS_Tick_GetClock), (8 bytes).
    Removing os_systick.o(.text.OS_Tick_GetInterval), (12 bytes).
    Removing os_systick.o(.ARM.exidx.text.OS_Tick_GetInterval), (8 bytes).
    Removing os_systick.o(.text.OS_Tick_GetCount), (16 bytes).
    Removing os_systick.o(.ARM.exidx.text.OS_Tick_GetCount), (8 bytes).
    Removing os_systick.o(.text.OS_Tick_GetOverflow), (16 bytes).
    Removing os_systick.o(.ARM.exidx.text.OS_Tick_GetOverflow), (8 bytes).
    Removing rtx_msgqueue.o(.text), (0 bytes).
    Removing rtx_msgqueue.o(.ARM.exidx.text.osMessageQueueNew), (8 bytes).
    Removing rtx_msgqueue.o(.text.osMessageQueueGetName), (36 bytes).
    Removing rtx_msgqueue.o(.ARM.exidx.text.osMessageQueueGetName), (8 bytes).
    Removing rtx_msgqueue.o(.ARM.exidx.text.osMessageQueuePut), (8 bytes).
    Removing rtx_msgqueue.o(.ARM.exidx.text.osMessageQueueGet), (8 bytes).
    Removing rtx_msgqueue.o(.text.osMessageQueueGetCapacity), (48 bytes).
    Removing rtx_msgqueue.o(.ARM.exidx.text.osMessageQueueGetCapacity), (8 bytes).
    Removing rtx_msgqueue.o(.text.svcRtxMessageQueueGetCapacity), (18 bytes).
    Removing rtx_msgqueue.o(.ARM.exidx.text.svcRtxMessageQueueGetCapacity), (8 bytes).
    Removing rtx_msgqueue.o(.text.osMessageQueueGetMsgSize), (48 bytes).
    Removing rtx_msgqueue.o(.ARM.exidx.text.osMessageQueueGetMsgSize), (8 bytes).
    Removing rtx_msgqueue.o(.text.svcRtxMessageQueueGetMsgSize), (18 bytes).
    Removing rtx_msgqueue.o(.ARM.exidx.text.svcRtxMessageQueueGetMsgSize), (8 bytes).
    Removing rtx_msgqueue.o(.text.osMessageQueueGetCount), (48 bytes).
    Removing rtx_msgqueue.o(.ARM.exidx.text.osMessageQueueGetCount), (8 bytes).
    Removing rtx_msgqueue.o(.text.svcRtxMessageQueueGetCount), (18 bytes).
    Removing rtx_msgqueue.o(.ARM.exidx.text.svcRtxMessageQueueGetCount), (8 bytes).
    Removing rtx_msgqueue.o(.text.osMessageQueueGetSpace), (36 bytes).
    Removing rtx_msgqueue.o(.ARM.exidx.text.osMessageQueueGetSpace), (8 bytes).
    Removing rtx_msgqueue.o(.text.svcRtxMessageQueueGetSpace), (22 bytes).
    Removing rtx_msgqueue.o(.ARM.exidx.text.svcRtxMessageQueueGetSpace), (8 bytes).
    Removing rtx_msgqueue.o(.text.osMessageQueueReset), (40 bytes).
    Removing rtx_msgqueue.o(.ARM.exidx.text.osMessageQueueReset), (8 bytes).
    Removing rtx_msgqueue.o(.text.osMessageQueueDelete), (40 bytes).
    Removing rtx_msgqueue.o(.ARM.exidx.text.osMessageQueueDelete), (8 bytes).
    Removing rtx_msgqueue.o(.ARM.exidx.text.svcRtxMessageQueueNew), (8 bytes).
    Removing rtx_msgqueue.o(.ARM.exidx.text.osRtxMessageQueuePostProcess), (8 bytes).
    Removing rtx_msgqueue.o(.ARM.exidx.text.MessageQueueRemove), (8 bytes).
    Removing rtx_msgqueue.o(.ARM.exidx.text.MessageQueuePut), (8 bytes).
    Removing rtx_msgqueue.o(.text.svcRtxMessageQueueGetName), (18 bytes).
    Removing rtx_msgqueue.o(.ARM.exidx.text.svcRtxMessageQueueGetName), (8 bytes).
    Removing rtx_msgqueue.o(.ARM.exidx.text.svcRtxMessageQueuePut), (8 bytes).
    Removing rtx_msgqueue.o(.ARM.exidx.text.MessageQueueGet), (8 bytes).
    Removing rtx_msgqueue.o(.ARM.exidx.text.svcRtxMessageQueueGet), (8 bytes).
    Removing rtx_msgqueue.o(.text.svcRtxMessageQueueReset), (162 bytes).
    Removing rtx_msgqueue.o(.ARM.exidx.text.svcRtxMessageQueueReset), (8 bytes).
    Removing rtx_msgqueue.o(.text.svcRtxMessageQueueDelete), (112 bytes).
    Removing rtx_msgqueue.o(.ARM.exidx.text.svcRtxMessageQueueDelete), (8 bytes).

339 unused section(s) (total 8171 bytes) removed from the image.

==============================================================================

Image Symbol Table

    Local Symbols

    Symbol Name                              Value     Ov Type        Size  Object(Section)

    ../clib/division.s                       0x00000000   Number         0  aeabi_sdiv.o ABSOLUTE
    ../clib/division.s                       0x00000000   Number         0  aeabi_sdiv_div0.o ABSOLUTE
    ../clib/microlib/division.c              0x00000000   Number         0  uidiv.o ABSOLUTE
    ../clib/microlib/division.c              0x00000000   Number         0  uidiv_div0.o ABSOLUTE
    ../clib/microlib/division.c              0x00000000   Number         0  idiv_div0.o ABSOLUTE
    ../clib/microlib/division.c              0x00000000   Number         0  idiv0.o ABSOLUTE
    ../clib/microlib/init/entry.s            0x00000000   Number         0  entry.o ABSOLUTE
    ../clib/microlib/init/entry.s            0x00000000   Number         0  entry2.o ABSOLUTE
    ../clib/microlib/init/entry.s            0x00000000   Number         0  entry5.o ABSOLUTE
    ../clib/microlib/init/entry.s            0x00000000   Number         0  entry7a.o ABSOLUTE
    ../clib/microlib/init/entry.s            0x00000000   Number         0  entry7b.o ABSOLUTE
    ../clib/microlib/init/entry.s            0x00000000   Number         0  entry8a.o ABSOLUTE
    ../clib/microlib/init/entry.s            0x00000000   Number         0  entry8b.o ABSOLUTE
    ../clib/microlib/init/entry.s            0x00000000   Number         0  entry9a.o ABSOLUTE
    ../clib/microlib/init/entry.s            0x00000000   Number         0  entry9b.o ABSOLUTE
    ../clib/microlib/init/entry.s            0x00000000   Number         0  entry10a.o ABSOLUTE
    ../clib/microlib/init/entry.s            0x00000000   Number         0  entry10b.o ABSOLUTE
    ../clib/microlib/init/entry.s            0x00000000   Number         0  entry11a.o ABSOLUTE
    ../clib/microlib/init/entry.s            0x00000000   Number         0  entry11b.o ABSOLUTE
    ../clib/microlib/string/memcpy.c         0x00000000   Number         0  memcpya.o ABSOLUTE
    ../clib/microlib/string/memcpy.c         0x00000000   Number         0  memcpyb.o ABSOLUTE
    ../clib/microlib/string/memset.c         0x00000000   Number         0  memseta.o ABSOLUTE
    ..\..\..\Source\ARM\irq_cm0.s            0x00000000   Number         0  irq_cm0.o ABSOLUTE
    RTE/Device/MKL25Z128xxx4/startup_MKL25Z4.s 0x00000000   Number         0  startup_mkl25z4.o ABSOLUTE
    RTX_Config.c                             0x00000000   Number         0  rtx_config.o ABSOLUTE
    dc.s                                     0x00000000   Number         0  dc.o ABSOLUTE
    handlers.s                               0x00000000   Number         0  handlers.o ABSOLUTE
    init.s                                   0x00000000   Number         0  init.o ABSOLUTE
    main.c                                   0x00000000   Number         0  main.o ABSOLUTE
    os_systick.c                             0x00000000   Number         0  os_systick.o ABSOLUTE
    rtx_delay.c                              0x00000000   Number         0  rtx_delay.o ABSOLUTE
    rtx_kernel.c                             0x00000000   Number         0  rtx_kernel.o ABSOLUTE
    rtx_lib.c                                0x00000000   Number         0  rtx_lib.o ABSOLUTE
    rtx_memory.c                             0x00000000   Number         0  rtx_memory.o ABSOLUTE
    rtx_mempool.c                            0x00000000   Number         0  rtx_mempool.o ABSOLUTE
    rtx_msgqueue.c                           0x00000000   Number         0  rtx_msgqueue.o ABSOLUTE
    rtx_mutex.c                              0x00000000   Number         0  rtx_mutex.o ABSOLUTE
    rtx_system.c                             0x00000000   Number         0  rtx_system.o ABSOLUTE
    rtx_thread.c                             0x00000000   Number         0  rtx_thread.o ABSOLUTE
    rtx_timer.c                              0x00000000   Number         0  rtx_timer.o ABSOLUTE
    system_MKL25Z4.c                         0x00000000   Number         0  system_mkl25z4.o ABSOLUTE
    RESET                                    0x00000000   Section      192  startup_mkl25z4.o(RESET)
    .ARM.Collect$$$$00000000                 0x000000c0   Section        0  entry.o(.ARM.Collect$$$$00000000)
    .ARM.Collect$$$$00000001                 0x000000c0   Section        4  entry2.o(.ARM.Collect$$$$00000001)
    .ARM.Collect$$$$00000004                 0x000000c4   Section        4  entry5.o(.ARM.Collect$$$$00000004)
    .ARM.Collect$$$$00000008                 0x000000c8   Section        0  entry7b.o(.ARM.Collect$$$$00000008)
    .ARM.Collect$$$$0000000A                 0x000000c8   Section        0  entry8b.o(.ARM.Collect$$$$0000000A)
    .ARM.Collect$$$$0000000B                 0x000000c8   Section        8  entry9a.o(.ARM.Collect$$$$0000000B)
    __lit__00000000                          0x000000d0   Data           4  entry2.o(.ARM.Collect$$$$00002712)
    .ARM.Collect$$$$0000000D                 0x000000d0   Section        0  entry10a.o(.ARM.Collect$$$$0000000D)
    .ARM.Collect$$$$0000000F                 0x000000d0   Section        0  entry11a.o(.ARM.Collect$$$$0000000F)
    .ARM.Collect$$$$00002712                 0x000000d0   Section        4  entry2.o(.ARM.Collect$$$$00002712)
    .text                                    0x000000d4   Section       40  startup_mkl25z4.o(.text)
    .text                                    0x000000fc   Section      164  irq_cm0.o(.text)
    .text                                    0x000001a0   Section        0  memcpya.o(.text)
    .text                                    0x000001c4   Section        0  memseta.o(.text)
    .text                                    0x000001e8   Section        0  uidiv_div0.o(.text)
    .text                                    0x00000228   Section       36  init.o(.text)
    [Anonymous Symbol]                       0x0000024c   Section        0  main.o(.text.InitGPIO)
    __arm_cp.2_0                             0x000002a0   Number         4  main.o(.text.InitGPIO)
    __arm_cp.2_1                             0x000002a4   Number         4  main.o(.text.InitGPIO)
    __arm_cp.2_2                             0x000002a8   Number         4  main.o(.text.InitGPIO)
    __arm_cp.2_3                             0x000002ac   Number         4  main.o(.text.InitGPIO)
    __arm_cp.2_4                             0x000002b0   Number         4  main.o(.text.InitGPIO)
    __arm_cp.2_5                             0x000002b4   Number         4  main.o(.text.InitGPIO)
    __arm_cp.2_6                             0x000002b8   Number         4  main.o(.text.InitGPIO)
    MessageQueueGet                          0x000002bd   Thumb Code    76  rtx_msgqueue.o(.text.MessageQueueGet)
    [Anonymous Symbol]                       0x000002bc   Section        0  rtx_msgqueue.o(.text.MessageQueueGet)
    MessageQueuePut                          0x00000309   Thumb Code    98  rtx_msgqueue.o(.text.MessageQueuePut)
    [Anonymous Symbol]                       0x00000308   Section        0  rtx_msgqueue.o(.text.MessageQueuePut)
    MessageQueueRemove                       0x0000036b   Thumb Code    30  rtx_msgqueue.o(.text.MessageQueueRemove)
    [Anonymous Symbol]                       0x0000036a   Section        0  rtx_msgqueue.o(.text.MessageQueueRemove)
    [Anonymous Symbol]                       0x00000388   Section        0  os_systick.o(.text.OS_Tick_AcknowledgeIRQ)
    [Anonymous Symbol]                       0x00000390   Section        0  os_systick.o(.text.OS_Tick_Enable)
    __arm_cp.1_1                             0x000003b0   Number         4  os_systick.o(.text.OS_Tick_Enable)
    [Anonymous Symbol]                       0x000003b4   Section        0  os_systick.o(.text.OS_Tick_GetIRQn)
    [Anonymous Symbol]                       0x000003bc   Section        0  system_mkl25z4.o(.text.SystemInit)
    __arm_cp.0_0                             0x000003c4   Number         4  system_mkl25z4.o(.text.SystemInit)
    [Anonymous Symbol]                       0x000003c8   Section        0  main.o(.text.led_green_thread)
    [Anonymous Symbol]                       0x000003f0   Section        0  rtx_config.o(.text.osRtxIdleThread)
    [Anonymous Symbol]                       0x000003f8   Section        0  rtx_kernel.o(.text.osRtxKernelPreInit)
    [Anonymous Symbol]                       0x000003fa   Section        0  rtx_thread.o(.text.osRtxThreadRegPtr)
    .ARM.__at_0x400                          0x00000400   Section       16  startup_mkl25z4.o(.ARM.__at_0x400)
    [Anonymous Symbol]                       0x00000410   Section        0  os_systick.o(.text.OS_Tick_Setup)
    __arm_cp.0_1                             0x0000044c   Number         4  os_systick.o(.text.OS_Tick_Setup)
    __arm_cp.0_2                             0x00000450   Number         4  os_systick.o(.text.OS_Tick_Setup)
    __arm_cp.0_3                             0x00000454   Number         4  os_systick.o(.text.OS_Tick_Setup)
    [Anonymous Symbol]                       0x00000458   Section        0  system_mkl25z4.o(.text.SystemCoreClockUpdate)
    __arm_cp.1_0                             0x00000654   Number         4  system_mkl25z4.o(.text.SystemCoreClockUpdate)
    __arm_cp.1_1                             0x00000658   Number         4  system_mkl25z4.o(.text.SystemCoreClockUpdate)
    __arm_cp.1_2                             0x0000065c   Number         4  system_mkl25z4.o(.text.SystemCoreClockUpdate)
    __arm_cp.1_3                             0x00000660   Number         4  system_mkl25z4.o(.text.SystemCoreClockUpdate)
    __arm_cp.1_4                             0x00000664   Number         4  system_mkl25z4.o(.text.SystemCoreClockUpdate)
    __arm_cp.1_5                             0x00000668   Number         4  system_mkl25z4.o(.text.SystemCoreClockUpdate)
    __arm_cp.1_6                             0x0000066c   Number         4  system_mkl25z4.o(.text.SystemCoreClockUpdate)
    __arm_cp.1_7                             0x00000670   Number         4  system_mkl25z4.o(.text.SystemCoreClockUpdate)
    __arm_cp.1_8                             0x00000674   Number         4  system_mkl25z4.o(.text.SystemCoreClockUpdate)
    __arm_cp.1_9                             0x00000678   Number         4  system_mkl25z4.o(.text.SystemCoreClockUpdate)
    __arm_cp.1_10                            0x0000067c   Number         4  system_mkl25z4.o(.text.SystemCoreClockUpdate)
    __arm_cp.1_11                            0x00000680   Number         4  system_mkl25z4.o(.text.SystemCoreClockUpdate)
    ThreadFlagsCheck                         0x00000685   Thumb Code    78  rtx_thread.o(.text.ThreadFlagsCheck)
    [Anonymous Symbol]                       0x00000684   Section        0  rtx_thread.o(.text.ThreadFlagsCheck)
    TimerInsert                              0x000006d5   Thumb Code    76  rtx_timer.o(.text.TimerInsert)
    [Anonymous Symbol]                       0x000006d4   Section        0  rtx_timer.o(.text.TimerInsert)
    __arm_cp.8_0                             0x0000071c   Number         4  rtx_timer.o(.text.TimerInsert)
    [Anonymous Symbol]                       0x00000720   Section        0  main.o(.text.led_control)
    [Anonymous Symbol]                       0x0000077c   Section        0  main.o(.text.led_red_thread)
    __arm_cp.3_0                             0x000007a4   Number         4  main.o(.text.led_red_thread)
    [Anonymous Symbol]                       0x000007a8   Section        0  main.o(.text.main)
    __arm_cp.5_0                             0x000007e0   Number         4  main.o(.text.main)
    __arm_cp.5_1                             0x000007e4   Number         4  main.o(.text.main)
    [Anonymous Symbol]                       0x000007e8   Section        0  main.o(.text.offRGB)
    __arm_cp.0_0                             0x00000808   Number         4  main.o(.text.offRGB)
    __arm_cp.0_1                             0x0000080c   Number         4  main.o(.text.offRGB)
    [Anonymous Symbol]                       0x00000810   Section        0  rtx_delay.o(.text.osDelay)
    __arm_cp.0_0                             0x00000834   Number         4  rtx_delay.o(.text.osDelay)
    [Anonymous Symbol]                       0x00000838   Section        0  rtx_kernel.o(.text.osKernelInitialize)
    __arm_cp.1_0                             0x0000085c   Number         4  rtx_kernel.o(.text.osKernelInitialize)
    [Anonymous Symbol]                       0x00000860   Section        0  rtx_kernel.o(.text.osKernelStart)
    __arm_cp.6_0                             0x00000880   Number         4  rtx_kernel.o(.text.osKernelStart)
    [Anonymous Symbol]                       0x00000884   Section        0  rtx_msgqueue.o(.text.osMessageQueueGet)
    __arm_cp.3_0                             0x000008f4   Number         4  rtx_msgqueue.o(.text.osMessageQueueGet)
    [Anonymous Symbol]                       0x000008f8   Section        0  rtx_msgqueue.o(.text.osMessageQueueNew)
    __arm_cp.0_0                             0x00000918   Number         4  rtx_msgqueue.o(.text.osMessageQueueNew)
    [Anonymous Symbol]                       0x0000091c   Section        0  rtx_msgqueue.o(.text.osMessageQueuePut)
    __arm_cp.2_0                             0x00000990   Number         4  rtx_msgqueue.o(.text.osMessageQueuePut)
    [Anonymous Symbol]                       0x00000994   Section        0  rtx_config.o(.text.osRtxErrorNotify)
    [Anonymous Symbol]                       0x000009d4   Section        0  rtx_memory.o(.text.osRtxMemoryAlloc)
    [Anonymous Symbol]                       0x00000a50   Section        0  rtx_memory.o(.text.osRtxMemoryFree)
    [Anonymous Symbol]                       0x00000a9e   Section        0  rtx_memory.o(.text.osRtxMemoryInit)
    [Anonymous Symbol]                       0x00000ad0   Section        0  rtx_mempool.o(.text.osRtxMemoryPoolAlloc)
    [Anonymous Symbol]                       0x00000afe   Section        0  rtx_mempool.o(.text.osRtxMemoryPoolFree)
    [Anonymous Symbol]                       0x00000b38   Section        0  rtx_mempool.o(.text.osRtxMemoryPoolInit)
    osRtxMessageQueuePostProcess             0x00000b77   Thumb Code   188  rtx_msgqueue.o(.text.osRtxMessageQueuePostProcess)
    [Anonymous Symbol]                       0x00000b76   Section        0  rtx_msgqueue.o(.text.osRtxMessageQueuePostProcess)
    [Anonymous Symbol]                       0x00000c32   Section        0  rtx_mutex.o(.text.osRtxMutexOwnerRelease)
    [Anonymous Symbol]                       0x00000c78   Section        0  rtx_system.o(.text.osRtxPendSV_Handler)
    [Anonymous Symbol]                       0x00000cf4   Section        0  rtx_system.o(.text.osRtxPostProcess)
    __arm_cp.2_1                             0x00000d58   Number         4  rtx_system.o(.text.osRtxPostProcess)
    osRtxThreadBlock                         0x00000d5d   Thumb Code    52  rtx_thread.o(.text.osRtxThreadBlock)
    [Anonymous Symbol]                       0x00000d5c   Section        0  rtx_thread.o(.text.osRtxThreadBlock)
    osRtxThreadDelayInsert                   0x00000d91   Thumb Code   124  rtx_thread.o(.text.osRtxThreadDelayInsert)
    [Anonymous Symbol]                       0x00000d90   Section        0  rtx_thread.o(.text.osRtxThreadDelayInsert)
    osRtxThreadDelayRemove                   0x00000e0d   Thumb Code    64  rtx_thread.o(.text.osRtxThreadDelayRemove)
    [Anonymous Symbol]                       0x00000e0c   Section        0  rtx_thread.o(.text.osRtxThreadDelayRemove)
    [Anonymous Symbol]                       0x00000e4c   Section        0  rtx_thread.o(.text.osRtxThreadDelayTick)
    [Anonymous Symbol]                       0x00000e80   Section        0  rtx_thread.o(.text.osRtxThreadDispatch)
    osRtxThreadFree                          0x00000ecd   Thumb Code    80  rtx_thread.o(.text.osRtxThreadFree)
    [Anonymous Symbol]                       0x00000ecc   Section        0  rtx_thread.o(.text.osRtxThreadFree)
    [Anonymous Symbol]                       0x00000f1c   Section        0  rtx_thread.o(.text.osRtxThreadListGet)
    [Anonymous Symbol]                       0x00000f30   Section        0  rtx_thread.o(.text.osRtxThreadListPut)
    [Anonymous Symbol]                       0x00000f5c   Section        0  rtx_thread.o(.text.osRtxThreadListRemove)
    osRtxThreadPostProcess                   0x00000f75   Thumb Code    38  rtx_thread.o(.text.osRtxThreadPostProcess)
    [Anonymous Symbol]                       0x00000f74   Section        0  rtx_thread.o(.text.osRtxThreadPostProcess)
    [Anonymous Symbol]                       0x00000f9c   Section        0  rtx_thread.o(.text.osRtxThreadReadyPut)
    [Anonymous Symbol]                       0x00000fb0   Section        0  rtx_thread.o(.text.osRtxThreadStackCheck)
    __arm_cp.8_1                             0x00000fd4   Number         4  rtx_thread.o(.text.osRtxThreadStackCheck)
    [Anonymous Symbol]                       0x00000fd8   Section        0  rtx_thread.o(.text.osRtxThreadStartup)
    __arm_cp.15_1                            0x00001008   Number         4  rtx_thread.o(.text.osRtxThreadStartup)
    __arm_cp.15_3                            0x0000100c   Number         4  rtx_thread.o(.text.osRtxThreadStartup)
    [Anonymous Symbol]                       0x00001010   Section        0  rtx_thread.o(.text.osRtxThreadSwitch)
    __arm_cp.7_0                             0x00001020   Number         4  rtx_thread.o(.text.osRtxThreadSwitch)
    [Anonymous Symbol]                       0x00001024   Section        0  rtx_thread.o(.text.osRtxThreadWaitEnter)
    __arm_cp.13_0                            0x0000105c   Number         4  rtx_thread.o(.text.osRtxThreadWaitEnter)
    [Anonymous Symbol]                       0x00001060   Section        0  rtx_thread.o(.text.osRtxThreadWaitExit)
    [Anonymous Symbol]                       0x00001084   Section        0  rtx_system.o(.text.osRtxTick_Handler)
    [Anonymous Symbol]                       0x000010f4   Section        0  rtx_timer.o(.text.osRtxTimerThread)
    __arm_cp.0_1                             0x00001124   Number         4  rtx_timer.o(.text.osRtxTimerThread)
    __arm_cp.0_2                             0x00001128   Number         4  rtx_timer.o(.text.osRtxTimerThread)
    osRtxTimerTick                           0x0000112d   Thumb Code    96  rtx_timer.o(.text.osRtxTimerTick)
    [Anonymous Symbol]                       0x0000112c   Section        0  rtx_timer.o(.text.osRtxTimerTick)
    __arm_cp.1_0                             0x00001188   Number         4  rtx_timer.o(.text.osRtxTimerTick)
    [Anonymous Symbol]                       0x0000118c   Section        0  rtx_thread.o(.text.osThreadExit)
    __arm_cp.31_0                            0x00001194   Number         4  rtx_thread.o(.text.osThreadExit)
    [Anonymous Symbol]                       0x00001198   Section        0  rtx_thread.o(.text.osThreadNew)
    __arm_cp.17_0                            0x000011b8   Number         4  rtx_thread.o(.text.osThreadNew)
    svcRtxDelay                              0x000011bd   Thumb Code    18  rtx_delay.o(.text.svcRtxDelay)
    [Anonymous Symbol]                       0x000011bc   Section        0  rtx_delay.o(.text.svcRtxDelay)
    svcRtxKernelInitialize                   0x000011d1   Thumb Code   324  rtx_kernel.o(.text.svcRtxKernelInitialize)
    [Anonymous Symbol]                       0x000011d0   Section        0  rtx_kernel.o(.text.svcRtxKernelInitialize)
    __arm_cp.20_0                            0x0000130c   Number         4  rtx_kernel.o(.text.svcRtxKernelInitialize)
    __arm_cp.20_2                            0x00001310   Number         4  rtx_kernel.o(.text.svcRtxKernelInitialize)
    svcRtxKernelStart                        0x00001315   Thumb Code   132  rtx_kernel.o(.text.svcRtxKernelStart)
    [Anonymous Symbol]                       0x00001314   Section        0  rtx_kernel.o(.text.svcRtxKernelStart)
    __arm_cp.21_0                            0x00001388   Number         4  rtx_kernel.o(.text.svcRtxKernelStart)
    __arm_cp.21_1                            0x0000138c   Number         4  rtx_kernel.o(.text.svcRtxKernelStart)
    __arm_cp.21_2                            0x00001390   Number         4  rtx_kernel.o(.text.svcRtxKernelStart)
    __arm_cp.21_3                            0x00001394   Number         4  rtx_kernel.o(.text.svcRtxKernelStart)
    svcRtxMessageQueueGet                    0x00001399   Thumb Code   232  rtx_msgqueue.o(.text.svcRtxMessageQueueGet)
    [Anonymous Symbol]                       0x00001398   Section        0  rtx_msgqueue.o(.text.svcRtxMessageQueueGet)
    __arm_cp.21_0                            0x0000147c   Number         4  rtx_msgqueue.o(.text.svcRtxMessageQueueGet)
    svcRtxMessageQueueNew                    0x00001481   Thumb Code   484  rtx_msgqueue.o(.text.svcRtxMessageQueueNew)
    [Anonymous Symbol]                       0x00001480   Section        0  rtx_msgqueue.o(.text.svcRtxMessageQueueNew)
    __arm_cp.14_0                            0x0000164c   Number         4  rtx_msgqueue.o(.text.svcRtxMessageQueueNew)
    __arm_cp.14_1                            0x00001650   Number         4  rtx_msgqueue.o(.text.svcRtxMessageQueueNew)
    __arm_cp.14_2                            0x00001654   Number         4  rtx_msgqueue.o(.text.svcRtxMessageQueueNew)
    __arm_cp.14_3                            0x00001658   Number         4  rtx_msgqueue.o(.text.svcRtxMessageQueueNew)
    __arm_cp.14_4                            0x0000165c   Number         4  rtx_msgqueue.o(.text.svcRtxMessageQueueNew)
    __arm_cp.14_5                            0x00001660   Number         4  rtx_msgqueue.o(.text.svcRtxMessageQueueNew)
    svcRtxMessageQueuePut                    0x00001665   Thumb Code   184  rtx_msgqueue.o(.text.svcRtxMessageQueuePut)
    [Anonymous Symbol]                       0x00001664   Section        0  rtx_msgqueue.o(.text.svcRtxMessageQueuePut)
    svcRtxThreadExit                         0x0000171d   Thumb Code   108  rtx_thread.o(.text.svcRtxThreadExit)
    [Anonymous Symbol]                       0x0000171c   Section        0  rtx_thread.o(.text.svcRtxThreadExit)
    __arm_cp.54_0                            0x00001784   Number         4  rtx_thread.o(.text.svcRtxThreadExit)
    svcRtxThreadNew                          0x00001789   Thumb Code   492  rtx_thread.o(.text.svcRtxThreadNew)
    [Anonymous Symbol]                       0x00001788   Section        0  rtx_thread.o(.text.svcRtxThreadNew)
    __arm_cp.16_0                            0x0000195c   Number         4  rtx_thread.o(.text.svcRtxThreadNew)
    __arm_cp.16_1                            0x00001960   Number         4  rtx_thread.o(.text.svcRtxThreadNew)
    __arm_cp.16_2                            0x00001964   Number         4  rtx_thread.o(.text.svcRtxThreadNew)
    __arm_cp.16_3                            0x00001968   Number         4  rtx_thread.o(.text.svcRtxThreadNew)
    __arm_cp.16_4                            0x0000196c   Number         4  rtx_thread.o(.text.svcRtxThreadNew)
    __arm_cp.16_5                            0x00001970   Number         4  rtx_thread.o(.text.svcRtxThreadNew)
    i.__scatterload_copy                     0x00001974   Section       14  handlers.o(i.__scatterload_copy)
    i.__scatterload_null                     0x00001982   Section        2  handlers.o(i.__scatterload_null)
    i.__scatterload_zeroinit                 0x00001984   Section       14  handlers.o(i.__scatterload_zeroinit)
    __tagsym$$used.0                         0x00001994   Number         0  rtx_lib.o(.rodata)
    __tagsym$$used.1                         0x000019fc   Number         0  rtx_lib.o(.rodata)
    os_idle_thread_attr                      0x00001a38   Data          36  rtx_lib.o(.rodata.os_idle_thread_attr)
    [Anonymous Symbol]                       0x00001a38   Section        0  rtx_lib.o(.rodata.os_idle_thread_attr)
    os_timer_mq_attr                         0x00001a5c   Data          24  rtx_lib.o(.rodata.os_timer_mq_attr)
    [Anonymous Symbol]                       0x00001a5c   Section        0  rtx_lib.o(.rodata.os_timer_mq_attr)
    os_timer_thread_attr                     0x00001a74   Data          36  rtx_lib.o(.rodata.os_timer_thread_attr)
    [Anonymous Symbol]                       0x00001a74   Section        0  rtx_lib.o(.rodata.os_timer_thread_attr)
    .L.str                                   0x00001a98   Data          11  rtx_kernel.o(.rodata.str1.4)
    [Anonymous Symbol]                       0x00001a98   Section        0  rtx_kernel.o(.rodata.str1.4)
    PendST                                   0x1ffff0b0   Data           1  os_systick.o(.bss.PendST)
    [Anonymous Symbol]                       0x1ffff0b0   Section        0  os_systick.o(.bss.PendST)
    os_isr_queue                             0x1ffff0b8   Data          64  rtx_lib.o(.bss.os)
    [Anonymous Symbol]                       0x1ffff0b8   Section        0  rtx_lib.o(.bss.os)
    os_mem                                   0x1ffff0f8   Data        4096  rtx_lib.o(.bss.os)
    os_timer_mq_cb                           0x200000f8   Data          52  rtx_lib.o(.bss.os.msgqueue.cb)
    [Anonymous Symbol]                       0x200000f8   Section        0  rtx_lib.o(.bss.os.msgqueue.cb)
    os_timer_mq_data                         0x2000012c   Data          80  rtx_lib.o(.bss.os.msgqueue.mem)
    [Anonymous Symbol]                       0x2000012c   Section        0  rtx_lib.o(.bss.os.msgqueue.mem)
    os_idle_thread_cb                        0x2000017c   Data          68  rtx_lib.o(.bss.os.thread.cb)
    [Anonymous Symbol]                       0x2000017c   Section        0  rtx_lib.o(.bss.os.thread.cb)
    os_timer_thread_cb                       0x200001c0   Data          68  rtx_lib.o(.bss.os.thread.cb)
    os_idle_thread_stack                     0x20000208   Data         256  rtx_lib.o(.bss.os.thread.stack)
    [Anonymous Symbol]                       0x20000208   Section        0  rtx_lib.o(.bss.os.thread.stack)
    os_timer_thread_stack                    0x20000308   Data         256  rtx_lib.o(.bss.os.thread.stack)
    STACK                                    0x20000408   Section      256  startup_mkl25z4.o(STACK)

    Global Symbols

    Symbol Name                              Value     Ov Type        Size  Object(Section)

    BuildAttributes$$THM_ISAv3M$S$PE$A:L22$X:L11$S22$IEEE1$IW$~IW$USESV6$~STKCKD$USESV7$~SHL$OSPACE$EBA8$MICROLIB$REQ8$PRES8$EABIv2 0x00000000   Number         0  anon$$obj.o ABSOLUTE
    __Vectors                                0x00000000   Data           4  startup_mkl25z4.o(RESET)
    .bss.os.evflags.cb$$Base                  - Undefined Weak Reference
    .bss.os.evflags.cb$$Limit                 - Undefined Weak Reference
    .bss.os.mempool.cb$$Base                  - Undefined Weak Reference
    .bss.os.mempool.cb$$Limit                 - Undefined Weak Reference
    .bss.os.mutex.cb$$Base                    - Undefined Weak Reference
    .bss.os.mutex.cb$$Limit                   - Undefined Weak Reference
    .bss.os.semaphore.cb$$Base                - Undefined Weak Reference
    .bss.os.semaphore.cb$$Limit               - Undefined Weak Reference
    .bss.os.timer.cb$$Base                    - Undefined Weak Reference
    .bss.os.timer.cb$$Limit                   - Undefined Weak Reference
    __cpp_initialize__aeabi_                  - Undefined Weak Reference
    __cxa_finalize                            - Undefined Weak Reference
    __decompress                              - Undefined Weak Reference
    _clock_init                               - Undefined Weak Reference
    _microlib_exit                            - Undefined Weak Reference
    __Vectors_End                            0x000000c0   Data           0  startup_mkl25z4.o(RESET)
    __Vectors_Size                           0x000000c0   Number         0  startup_mkl25z4.o ABSOLUTE
    __main                                   0x000000c1   Thumb Code     0  entry.o(.ARM.Collect$$$$00000000)
    _main_stk                                0x000000c1   Thumb Code     0  entry2.o(.ARM.Collect$$$$00000001)
    _main_scatterload                        0x000000c5   Thumb Code     0  entry5.o(.ARM.Collect$$$$00000004)
    __main_after_scatterload                 0x000000c9   Thumb Code     0  entry5.o(.ARM.Collect$$$$00000004)
    _main_clock                              0x000000c9   Thumb Code     0  entry7b.o(.ARM.Collect$$$$00000008)
    _main_cpp_init                           0x000000c9   Thumb Code     0  entry8b.o(.ARM.Collect$$$$0000000A)
    _main_init                               0x000000c9   Thumb Code     0  entry9a.o(.ARM.Collect$$$$0000000B)
    __rt_final_cpp                           0x000000d1   Thumb Code     0  entry10a.o(.ARM.Collect$$$$0000000D)
    __rt_final_exit                          0x000000d1   Thumb Code     0  entry11a.o(.ARM.Collect$$$$0000000F)
    Reset_Handler                            0x000000d5   Thumb Code    12  startup_mkl25z4.o(.text)
    NMI_Handler                              0x000000e1   Thumb Code     2  startup_mkl25z4.o(.text)
    HardFault_Handler                        0x000000e3   Thumb Code     2  startup_mkl25z4.o(.text)
    ADC0_IRQHandler                          0x000000eb   Thumb Code     0  startup_mkl25z4.o(.text)
    CMP0_IRQHandler                          0x000000eb   Thumb Code     0  startup_mkl25z4.o(.text)
    DAC0_IRQHandler                          0x000000eb   Thumb Code     0  startup_mkl25z4.o(.text)
    DMA0_IRQHandler                          0x000000eb   Thumb Code     0  startup_mkl25z4.o(.text)
    DMA1_IRQHandler                          0x000000eb   Thumb Code     0  startup_mkl25z4.o(.text)
    DMA2_IRQHandler                          0x000000eb   Thumb Code     0  startup_mkl25z4.o(.text)
    DMA3_IRQHandler                          0x000000eb   Thumb Code     0  startup_mkl25z4.o(.text)
    DefaultISR                               0x000000eb   Thumb Code     0  startup_mkl25z4.o(.text)
    FTFA_IRQHandler                          0x000000eb   Thumb Code     0  startup_mkl25z4.o(.text)
    I2C0_IRQHandler                          0x000000eb   Thumb Code     0  startup_mkl25z4.o(.text)
    I2C1_IRQHandler                          0x000000eb   Thumb Code     0  startup_mkl25z4.o(.text)
    LLWU_IRQHandler                          0x000000eb   Thumb Code     0  startup_mkl25z4.o(.text)
    LPTMR0_IRQHandler                        0x000000eb   Thumb Code     0  startup_mkl25z4.o(.text)
    LVD_LVW_IRQHandler                       0x000000eb   Thumb Code     0  startup_mkl25z4.o(.text)
    MCG_IRQHandler                           0x000000eb   Thumb Code     0  startup_mkl25z4.o(.text)
    PIT_IRQHandler                           0x000000eb   Thumb Code     0  startup_mkl25z4.o(.text)
    PORTA_IRQHandler                         0x000000eb   Thumb Code     0  startup_mkl25z4.o(.text)
    PORTD_IRQHandler                         0x000000eb   Thumb Code     0  startup_mkl25z4.o(.text)
    RTC_IRQHandler                           0x000000eb   Thumb Code     0  startup_mkl25z4.o(.text)
    RTC_Seconds_IRQHandler                   0x000000eb   Thumb Code     0  startup_mkl25z4.o(.text)
    Reserved20_IRQHandler                    0x000000eb   Thumb Code     0  startup_mkl25z4.o(.text)
    Reserved39_IRQHandler                    0x000000eb   Thumb Code     0  startup_mkl25z4.o(.text)
    Reserved45_IRQHandler                    0x000000eb   Thumb Code     0  startup_mkl25z4.o(.text)
    SPI0_IRQHandler                          0x000000eb   Thumb Code     0  startup_mkl25z4.o(.text)
    SPI1_IRQHandler                          0x000000eb   Thumb Code     0  startup_mkl25z4.o(.text)
    TPM0_IRQHandler                          0x000000eb   Thumb Code     0  startup_mkl25z4.o(.text)
    TPM1_IRQHandler                          0x000000eb   Thumb Code     0  startup_mkl25z4.o(.text)
    TPM2_IRQHandler                          0x000000eb   Thumb Code     0  startup_mkl25z4.o(.text)
    TSI0_IRQHandler                          0x000000eb   Thumb Code     0  startup_mkl25z4.o(.text)
    UART0_IRQHandler                         0x000000eb   Thumb Code     0  startup_mkl25z4.o(.text)
    UART1_IRQHandler                         0x000000eb   Thumb Code     0  startup_mkl25z4.o(.text)
    UART2_IRQHandler                         0x000000eb   Thumb Code     0  startup_mkl25z4.o(.text)
    USB0_IRQHandler                          0x000000eb   Thumb Code     0  startup_mkl25z4.o(.text)
    SVC_Handler                              0x000000fd   Thumb Code   132  irq_cm0.o(.text)
    PendSV_Handler                           0x00000181   Thumb Code    12  irq_cm0.o(.text)
    SysTick_Handler                          0x0000018d   Thumb Code    12  irq_cm0.o(.text)
    __aeabi_memcpy                           0x000001a1   Thumb Code    36  memcpya.o(.text)
    __aeabi_memcpy4                          0x000001a1   Thumb Code     0  memcpya.o(.text)
    __aeabi_memcpy8                          0x000001a1   Thumb Code     0  memcpya.o(.text)
    __aeabi_memset                           0x000001c5   Thumb Code    14  memseta.o(.text)
    __aeabi_memset4                          0x000001c5   Thumb Code     0  memseta.o(.text)
    __aeabi_memset8                          0x000001c5   Thumb Code     0  memseta.o(.text)
    __aeabi_memclr                           0x000001d3   Thumb Code     4  memseta.o(.text)
    __aeabi_memclr4                          0x000001d3   Thumb Code     0  memseta.o(.text)
    __aeabi_memclr8                          0x000001d3   Thumb Code     0  memseta.o(.text)
    _memset$wrapper                          0x000001d7   Thumb Code    18  memseta.o(.text)
    __aeabi_uidiv                            0x000001e9   Thumb Code     0  uidiv_div0.o(.text)
    __aeabi_uidivmod                         0x000001e9   Thumb Code    62  uidiv_div0.o(.text)
    __scatterload                            0x00000229   Thumb Code    28  init.o(.text)
    __scatterload_rt2                        0x00000229   Thumb Code     0  init.o(.text)
    InitGPIO                                 0x0000024d   Thumb Code    84  main.o(.text.InitGPIO)
    OS_Tick_AcknowledgeIRQ                   0x00000389   Thumb Code     8  os_systick.o(.text.OS_Tick_AcknowledgeIRQ)
    OS_Tick_Enable                           0x00000391   Thumb Code    36  os_systick.o(.text.OS_Tick_Enable)
    OS_Tick_GetIRQn                          0x000003b5   Thumb Code     6  os_systick.o(.text.OS_Tick_GetIRQn)
    SystemInit                               0x000003bd   Thumb Code     8  system_mkl25z4.o(.text.SystemInit)
    led_green_thread                         0x000003c9   Thumb Code    40  main.o(.text.led_green_thread)
    osRtxIdleThread                          0x000003f1   Thumb Code     8  rtx_config.o(.text.osRtxIdleThread)
    osRtxKernelPreInit                       0x000003f9   Thumb Code     2  rtx_kernel.o(.text.osRtxKernelPreInit)
    osRtxThreadRegPtr                        0x000003fb   Thumb Code     6  rtx_thread.o(.text.osRtxThreadRegPtr)
    OS_Tick_Setup                            0x00000411   Thumb Code    72  os_systick.o(.text.OS_Tick_Setup)
    SystemCoreClockUpdate                    0x00000459   Thumb Code   508  system_mkl25z4.o(.text.SystemCoreClockUpdate)
    led_control                              0x00000721   Thumb Code    92  main.o(.text.led_control)
    led_red_thread                           0x0000077d   Thumb Code    40  main.o(.text.led_red_thread)
    main                                     0x000007a9   Thumb Code    56  main.o(.text.main)
    offRGB                                   0x000007e9   Thumb Code    32  main.o(.text.offRGB)
    osDelay                                  0x00000811   Thumb Code    40  rtx_delay.o(.text.osDelay)
    osKernelInitialize                       0x00000839   Thumb Code    40  rtx_kernel.o(.text.osKernelInitialize)
    osKernelStart                            0x00000861   Thumb Code    36  rtx_kernel.o(.text.osKernelStart)
    osMessageQueueGet                        0x00000885   Thumb Code   116  rtx_msgqueue.o(.text.osMessageQueueGet)
    osMessageQueueNew                        0x000008f9   Thumb Code    36  rtx_msgqueue.o(.text.osMessageQueueNew)
    osMessageQueuePut                        0x0000091d   Thumb Code   120  rtx_msgqueue.o(.text.osMessageQueuePut)
    osRtxErrorNotify                         0x00000995   Thumb Code    64  rtx_config.o(.text.osRtxErrorNotify)
    osRtxMemoryAlloc                         0x000009d5   Thumb Code   124  rtx_memory.o(.text.osRtxMemoryAlloc)
    osRtxMemoryFree                          0x00000a51   Thumb Code    78  rtx_memory.o(.text.osRtxMemoryFree)
    osRtxMemoryInit                          0x00000a9f   Thumb Code    50  rtx_memory.o(.text.osRtxMemoryInit)
    osRtxMemoryPoolAlloc                     0x00000ad1   Thumb Code    46  rtx_mempool.o(.text.osRtxMemoryPoolAlloc)
    osRtxMemoryPoolFree                      0x00000aff   Thumb Code    58  rtx_mempool.o(.text.osRtxMemoryPoolFree)
    osRtxMemoryPoolInit                      0x00000b39   Thumb Code    62  rtx_mempool.o(.text.osRtxMemoryPoolInit)
    osRtxMutexOwnerRelease                   0x00000c33   Thumb Code    68  rtx_mutex.o(.text.osRtxMutexOwnerRelease)
    osRtxPendSV_Handler                      0x00000c79   Thumb Code   124  rtx_system.o(.text.osRtxPendSV_Handler)
    osRtxPostProcess                         0x00000cf5   Thumb Code   104  rtx_system.o(.text.osRtxPostProcess)
    osRtxThreadDelayTick                     0x00000e4d   Thumb Code    52  rtx_thread.o(.text.osRtxThreadDelayTick)
    osRtxThreadDispatch                      0x00000e81   Thumb Code    76  rtx_thread.o(.text.osRtxThreadDispatch)
    osRtxThreadListGet                       0x00000f1d   Thumb Code    20  rtx_thread.o(.text.osRtxThreadListGet)
    osRtxThreadListPut                       0x00000f31   Thumb Code    44  rtx_thread.o(.text.osRtxThreadListPut)
    osRtxThreadListRemove                    0x00000f5d   Thumb Code    24  rtx_thread.o(.text.osRtxThreadListRemove)
    osRtxThreadReadyPut                      0x00000f9d   Thumb Code    20  rtx_thread.o(.text.osRtxThreadReadyPut)
    osRtxThreadStackCheck                    0x00000fb1   Thumb Code    40  rtx_thread.o(.text.osRtxThreadStackCheck)
    osRtxThreadStartup                       0x00000fd9   Thumb Code    56  rtx_thread.o(.text.osRtxThreadStartup)
    osRtxThreadSwitch                        0x00001011   Thumb Code    20  rtx_thread.o(.text.osRtxThreadSwitch)
    osRtxThreadWaitEnter                     0x00001025   Thumb Code    60  rtx_thread.o(.text.osRtxThreadWaitEnter)
    osRtxThreadWaitExit                      0x00001061   Thumb Code    34  rtx_thread.o(.text.osRtxThreadWaitExit)
    osRtxTick_Handler                        0x00001085   Thumb Code   112  rtx_system.o(.text.osRtxTick_Handler)
    osRtxTimerThread                         0x000010f5   Thumb Code    56  rtx_timer.o(.text.osRtxTimerThread)
    osThreadExit                             0x0000118d   Thumb Code    12  rtx_thread.o(.text.osThreadExit)
    osThreadNew                              0x00001199   Thumb Code    36  rtx_thread.o(.text.osThreadNew)
    __scatterload_copy                       0x00001975   Thumb Code    14  handlers.o(i.__scatterload_copy)
    __scatterload_null                       0x00001983   Thumb Code     2  handlers.o(i.__scatterload_null)
    __scatterload_zeroinit                   0x00001985   Thumb Code    14  handlers.o(i.__scatterload_zeroinit)
    osRtxConfig                              0x00001994   Data         104  rtx_lib.o(.rodata)
    os_cb_sections                           0x000019fc   Data          56  rtx_lib.o(.rodata)
    osRtxUserSVC                             0x00001a34   Data           4  rtx_lib.o(.rodata.osRtxUserSVC)
    Region$$Table$$Base                      0x00001aa4   Number         0  anon$$obj.o(Region$$Table)
    Region$$Table$$Limit                     0x00001ac4   Number         0  anon$$obj.o(Region$$Table)
    SystemCoreClock                          0x1ffff000   Data           4  system_mkl25z4.o(.data.SystemCoreClock)
    led_on                                   0x1ffff004   Data           4  main.o(.data.led_on)
    osRtxInfo                                0x1ffff008   Data         164  rtx_kernel.o(.data.os)
    .bss.os.msgqueue.cb$$Base                0x200000f8   Number         0  rtx_lib.o(.bss.os.msgqueue.cb)
    .bss.os.msgqueue.cb$$Limit               0x2000012c   Number         0  rtx_lib.o(.bss.os.msgqueue.cb)
    .bss.os.thread.cb$$Base                  0x2000017c   Number         0  rtx_lib.o(.bss.os.thread.cb)
    .bss.os.thread.cb$$Limit                 0x20000204   Number         0  rtx_lib.o(.bss.os.thread.cb)
    __initial_sp                             0x20000508   Data           0  startup_mkl25z4.o(STACK)



==============================================================================

Memory Map of the image

  Image Entry point : 0x000000d5

  Load Region LR_1 (Base: 0x00000000, Size: 0x00001b70, Max: 0xffffffff, ABSOLUTE)

    Execution Region ER_RO (Exec base: 0x00000000, Load base: 0x00000000, Size: 0x00001ac4, Max: 0xffffffff, ABSOLUTE)

    Exec Addr    Load Addr    Size         Type   Attr      Idx    E Section Name        Object

    0x00000000   0x00000000   0x000000c0   Data   RO           53    RESET               startup_mkl25z4.o
    0x000000c0   0x000000c0   0x00000000   Code   RO          539  * .ARM.Collect$$$$00000000  mc_p.l(entry.o)
    0x000000c0   0x000000c0   0x00000004   Code   RO          552    .ARM.Collect$$$$00000001  mc_p.l(entry2.o)
    0x000000c4   0x000000c4   0x00000004   Code   RO          555    .ARM.Collect$$$$00000004  mc_p.l(entry5.o)
    0x000000c8   0x000000c8   0x00000000   Code   RO          557    .ARM.Collect$$$$00000008  mc_p.l(entry7b.o)
    0x000000c8   0x000000c8   0x00000000   Code   RO          559    .ARM.Collect$$$$0000000A  mc_p.l(entry8b.o)
    0x000000c8   0x000000c8   0x00000008   Code   RO          560    .ARM.Collect$$$$0000000B  mc_p.l(entry9a.o)
    0x000000d0   0x000000d0   0x00000000   Code   RO          562    .ARM.Collect$$$$0000000D  mc_p.l(entry10a.o)
    0x000000d0   0x000000d0   0x00000000   Code   RO          564    .ARM.Collect$$$$0000000F  mc_p.l(entry11a.o)
    0x000000d0   0x000000d0   0x00000004   Code   RO          553    .ARM.Collect$$$$00002712  mc_p.l(entry2.o)
    0x000000d4   0x000000d4   0x00000028   Code   RO           55  * .text               startup_mkl25z4.o
    0x000000fc   0x000000fc   0x000000a4   Code   RO          291    .text               RTX_CM0.lib(irq_cm0.o)
    0x000001a0   0x000001a0   0x00000024   Code   RO          546    .text               mc_p.l(memcpya.o)
    0x000001c4   0x000001c4   0x00000024   Code   RO          548    .text               mc_p.l(memseta.o)
    0x000001e8   0x000001e8   0x0000003e   Code   RO          568    .text               mc_p.l(uidiv_div0.o)
    0x00000226   0x00000226   0x00000002   PAD
    0x00000228   0x00000228   0x00000024   Code   RO          574    .text               mc_p.l(init.o)
    0x0000024c   0x0000024c   0x00000070   Code   RO            6    .text.InitGPIO      main.o
    0x000002bc   0x000002bc   0x0000004c   Code   RO          523    .text.MessageQueueGet  RTX_CM0.lib(rtx_msgqueue.o)
    0x00000308   0x00000308   0x00000062   Code   RO          517    .text.MessageQueuePut  RTX_CM0.lib(rtx_msgqueue.o)
    0x0000036a   0x0000036a   0x0000001e   Code   RO          515    .text.MessageQueueRemove  RTX_CM0.lib(rtx_msgqueue.o)
    0x00000388   0x00000388   0x00000008   Code   RO          461    .text.OS_Tick_AcknowledgeIRQ  RTX_CM0.lib(os_systick.o)
    0x00000390   0x00000390   0x00000024   Code   RO          457    .text.OS_Tick_Enable  RTX_CM0.lib(os_systick.o)
    0x000003b4   0x000003b4   0x00000006   Code   RO          463    .text.OS_Tick_GetIRQn  RTX_CM0.lib(os_systick.o)
    0x000003ba   0x000003ba   0x00000002   PAD
    0x000003bc   0x000003bc   0x0000000c   Code   RO           64    .text.SystemInit    system_mkl25z4.o
    0x000003c8   0x000003c8   0x00000028   Code   RO           10    .text.led_green_thread  main.o
    0x000003f0   0x000003f0   0x00000008   Code   RO           41    .text.osRtxIdleThread  rtx_config.o
    0x000003f8   0x000003f8   0x00000002   Code   RO           76    .text.osRtxKernelPreInit  RTX_CM0.lib(rtx_kernel.o)
    0x000003fa   0x000003fa   0x00000006   Code   RO          153    .text.osRtxThreadRegPtr  RTX_CM0.lib(rtx_thread.o)
    0x00000400   0x00000400   0x00000010   Code   RO           54    .ARM.__at_0x400     startup_mkl25z4.o
    0x00000410   0x00000410   0x00000048   Code   RO          455    .text.OS_Tick_Setup  RTX_CM0.lib(os_systick.o)
    0x00000458   0x00000458   0x0000022c   Code   RO           66    .text.SystemCoreClockUpdate  system_mkl25z4.o
    0x00000684   0x00000684   0x0000004e   Code   RO          221    .text.ThreadFlagsCheck  RTX_CM0.lib(rtx_thread.o)
    0x000006d2   0x000006d2   0x00000002   PAD
    0x000006d4   0x000006d4   0x0000004c   Code   RO          312    .text.TimerInsert   RTX_CM0.lib(rtx_timer.o)
    0x00000720   0x00000720   0x0000005c   Code   RO            4    .text.led_control   main.o
    0x0000077c   0x0000077c   0x0000002c   Code   RO            8    .text.led_red_thread  main.o
    0x000007a8   0x000007a8   0x00000040   Code   RO           12    .text.main          main.o
    0x000007e8   0x000007e8   0x00000028   Code   RO            2    .text.offRGB        main.o
    0x00000810   0x00000810   0x00000028   Code   RO          274    .text.osDelay       RTX_CM0.lib(rtx_delay.o)
    0x00000838   0x00000838   0x00000028   Code   RO           78    .text.osKernelInitialize  RTX_CM0.lib(rtx_kernel.o)
    0x00000860   0x00000860   0x00000024   Code   RO           88    .text.osKernelStart  RTX_CM0.lib(rtx_kernel.o)
    0x00000884   0x00000884   0x00000074   Code   RO          489    .text.osMessageQueueGet  RTX_CM0.lib(rtx_msgqueue.o)
    0x000008f8   0x000008f8   0x00000024   Code   RO          483    .text.osMessageQueueNew  RTX_CM0.lib(rtx_msgqueue.o)
    0x0000091c   0x0000091c   0x00000078   Code   RO          487    .text.osMessageQueuePut  RTX_CM0.lib(rtx_msgqueue.o)
    0x00000994   0x00000994   0x00000040   Code   RO           43    .text.osRtxErrorNotify  rtx_config.o
    0x000009d4   0x000009d4   0x0000007c   Code   RO          374    .text.osRtxMemoryAlloc  RTX_CM0.lib(rtx_memory.o)
    0x00000a50   0x00000a50   0x0000004e   Code   RO          376    .text.osRtxMemoryFree  RTX_CM0.lib(rtx_memory.o)
    0x00000a9e   0x00000a9e   0x00000032   Code   RO          372    .text.osRtxMemoryInit  RTX_CM0.lib(rtx_memory.o)
    0x00000ad0   0x00000ad0   0x0000002e   Code   RO          389    .text.osRtxMemoryPoolAlloc  RTX_CM0.lib(rtx_mempool.o)
    0x00000afe   0x00000afe   0x0000003a   Code   RO          391    .text.osRtxMemoryPoolFree  RTX_CM0.lib(rtx_mempool.o)
    0x00000b38   0x00000b38   0x0000003e   Code   RO          387    .text.osRtxMemoryPoolInit  RTX_CM0.lib(rtx_mempool.o)
    0x00000b76   0x00000b76   0x000000bc   Code   RO          513    .text.osRtxMessageQueuePostProcess  RTX_CM0.lib(rtx_msgqueue.o)
    0x00000c32   0x00000c32   0x00000044   Code   RO          337    .text.osRtxMutexOwnerRelease  RTX_CM0.lib(rtx_mutex.o)
    0x00000c76   0x00000c76   0x00000002   PAD
    0x00000c78   0x00000c78   0x0000007c   Code   RO          442    .text.osRtxPendSV_Handler  RTX_CM0.lib(rtx_system.o)
    0x00000cf4   0x00000cf4   0x00000068   Code   RO          444    .text.osRtxPostProcess  RTX_CM0.lib(rtx_system.o)
    0x00000d5c   0x00000d5c   0x00000034   Code   RO          161    .text.osRtxThreadBlock  RTX_CM0.lib(rtx_thread.o)
    0x00000d90   0x00000d90   0x0000007c   Code   RO          169    .text.osRtxThreadDelayInsert  RTX_CM0.lib(rtx_thread.o)
    0x00000e0c   0x00000e0c   0x00000040   Code   RO          165    .text.osRtxThreadDelayRemove  RTX_CM0.lib(rtx_thread.o)
    0x00000e4c   0x00000e4c   0x00000034   Code   RO          151    .text.osRtxThreadDelayTick  RTX_CM0.lib(rtx_thread.o)
    0x00000e80   0x00000e80   0x0000004c   Code   RO          159    .text.osRtxThreadDispatch  RTX_CM0.lib(rtx_thread.o)
    0x00000ecc   0x00000ecc   0x00000050   Code   RO          245    .text.osRtxThreadFree  RTX_CM0.lib(rtx_thread.o)
    0x00000f1c   0x00000f1c   0x00000014   Code   RO          143    .text.osRtxThreadListGet  RTX_CM0.lib(rtx_thread.o)
    0x00000f30   0x00000f30   0x0000002c   Code   RO          141    .text.osRtxThreadListPut  RTX_CM0.lib(rtx_thread.o)
    0x00000f5c   0x00000f5c   0x00000018   Code   RO          147    .text.osRtxThreadListRemove  RTX_CM0.lib(rtx_thread.o)
    0x00000f74   0x00000f74   0x00000026   Code   RO          219    .text.osRtxThreadPostProcess  RTX_CM0.lib(rtx_thread.o)
    0x00000f9a   0x00000f9a   0x00000002   PAD
    0x00000f9c   0x00000f9c   0x00000014   Code   RO          149    .text.osRtxThreadReadyPut  RTX_CM0.lib(rtx_thread.o)
    0x00000fb0   0x00000fb0   0x00000028   Code   RO          157    .text.osRtxThreadStackCheck  RTX_CM0.lib(rtx_thread.o)
    0x00000fd8   0x00000fd8   0x00000038   Code   RO          171    .text.osRtxThreadStartup  RTX_CM0.lib(rtx_thread.o)
    0x00001010   0x00001010   0x00000014   Code   RO          155    .text.osRtxThreadSwitch  RTX_CM0.lib(rtx_thread.o)
    0x00001024   0x00001024   0x0000003c   Code   RO          167    .text.osRtxThreadWaitEnter  RTX_CM0.lib(rtx_thread.o)
    0x00001060   0x00001060   0x00000022   Code   RO          163    .text.osRtxThreadWaitExit  RTX_CM0.lib(rtx_thread.o)
    0x00001082   0x00001082   0x00000002   PAD
    0x00001084   0x00001084   0x00000070   Code   RO          440    .text.osRtxTick_Handler  RTX_CM0.lib(rtx_system.o)
    0x000010f4   0x000010f4   0x00000038   Code   RO          296    .text.osRtxTimerThread  RTX_CM0.lib(rtx_timer.o)
    0x0000112c   0x0000112c   0x00000060   Code   RO          298    .text.osRtxTimerTick  RTX_CM0.lib(rtx_timer.o)
    0x0000118c   0x0000118c   0x0000000c   Code   RO          203    .text.osThreadExit  RTX_CM0.lib(rtx_thread.o)
    0x00001198   0x00001198   0x00000024   Code   RO          175    .text.osThreadNew   RTX_CM0.lib(rtx_thread.o)
    0x000011bc   0x000011bc   0x00000012   Code   RO          278    .text.svcRtxDelay   RTX_CM0.lib(rtx_delay.o)
    0x000011ce   0x000011ce   0x00000002   PAD
    0x000011d0   0x000011d0   0x00000144   Code   RO          116    .text.svcRtxKernelInitialize  RTX_CM0.lib(rtx_kernel.o)
    0x00001314   0x00001314   0x00000084   Code   RO          118    .text.svcRtxKernelStart  RTX_CM0.lib(rtx_kernel.o)
    0x00001398   0x00001398   0x000000e8   Code   RO          525    .text.svcRtxMessageQueueGet  RTX_CM0.lib(rtx_msgqueue.o)
    0x00001480   0x00001480   0x000001e4   Code   RO          511    .text.svcRtxMessageQueueNew  RTX_CM0.lib(rtx_msgqueue.o)
    0x00001664   0x00001664   0x000000b8   Code   RO          521    .text.svcRtxMessageQueuePut  RTX_CM0.lib(rtx_msgqueue.o)
    0x0000171c   0x0000171c   0x0000006c   Code   RO          249    .text.svcRtxThreadExit  RTX_CM0.lib(rtx_thread.o)
    0x00001788   0x00001788   0x000001ec   Code   RO          173    .text.svcRtxThreadNew  RTX_CM0.lib(rtx_thread.o)
    0x00001974   0x00001974   0x0000000e   Code   RO          578    i.__scatterload_copy  mc_p.l(handlers.o)
    0x00001982   0x00001982   0x00000002   Code   RO          579    i.__scatterload_null  mc_p.l(handlers.o)
    0x00001984   0x00001984   0x0000000e   Code   RO          580    i.__scatterload_zeroinit  mc_p.l(handlers.o)
    0x00001992   0x00001992   0x00000002   PAD
    0x00001994   0x00001994   0x00000068   Data   RO           28    .rodata             rtx_lib.o
    0x000019fc   0x000019fc   0x00000038   Data   RO           31    .rodata             rtx_lib.o
    0x00001a34   0x00001a34   0x00000004   Data   RO           30    .rodata.osRtxUserSVC  rtx_lib.o
    0x00001a38   0x00001a38   0x00000024   Data   RO           25    .rodata.os_idle_thread_attr  rtx_lib.o
    0x00001a5c   0x00001a5c   0x00000018   Data   RO           27    .rodata.os_timer_mq_attr  rtx_lib.o
    0x00001a74   0x00001a74   0x00000024   Data   RO           26    .rodata.os_timer_thread_attr  rtx_lib.o
    0x00001a98   0x00001a98   0x0000000b   Data   RO          130    .rodata.str1.4      RTX_CM0.lib(rtx_kernel.o)
    0x00001aa3   0x00001aa3   0x00000001   PAD
    0x00001aa4   0x00001aa4   0x00000020   Data   RO          577    Region$$Table       anon$$obj.o


    Execution Region ER_RW (Exec base: 0x1ffff000, Load base: 0x00001ac4, Size: 0x000000ac, Max: 0xffffffff, ABSOLUTE)

    Exec Addr    Load Addr    Size         Type   Attr      Idx    E Section Name        Object

    0x1ffff000   0x00001ac4   0x00000004   Data   RW           68    .data.SystemCoreClock  system_mkl25z4.o
    0x1ffff004   0x00001ac8   0x00000004   Data   RW           14    .data.led_on        main.o
    0x1ffff008   0x00001acc   0x000000a4   Data   RW          131    .data.os            RTX_CM0.lib(rtx_kernel.o)


    Execution Region ER_ZI (Exec base: 0x1ffff0b0, Load base: 0x00001b70, Size: 0x00001458, Max: 0xffffffff, ABSOLUTE)

    Exec Addr    Load Addr    Size         Type   Attr      Idx    E Section Name        Object

    0x1ffff0b0        -       0x00000001   Zero   RW          473    .bss.PendST         RTX_CM0.lib(os_systick.o)
    0x1ffff0b1   0x00001b70   0x00000007   PAD
    0x1ffff0b8        -       0x00001040   Zero   RW           24    .bss.os             rtx_lib.o
    0x200000f8        -       0x00000034   Zero   RW           34    .bss.os.msgqueue.cb  rtx_lib.o
    0x2000012c        -       0x00000050   Zero   RW           35    .bss.os.msgqueue.mem  rtx_lib.o
    0x2000017c        -       0x00000088   Zero   RW           32    .bss.os.thread.cb   rtx_lib.o
    0x20000204   0x00001b70   0x00000004   PAD
    0x20000208        -       0x00000200   Zero   RW           33    .bss.os.thread.stack  rtx_lib.o
    0x20000408        -       0x00000100   Zero   RW           51    STACK               startup_mkl25z4.o


==============================================================================

Image component sizes


      Code (inc. data)   RO Data    RW Data    ZI Data      Debug   Object Name

       392         48          0          4          0       2601   main.o
        72         20          0          0          0        722   rtx_config.o
         0          0        260          0       4940       5489   rtx_lib.o
        56         30        192          0        256        876   startup_mkl25z4.o
       568         52          0          4          0       2573   system_mkl25z4.o

    ----------------------------------------------------------------------
      1088        150        484          8       5200      12261   Object Totals
         0          0         32          0          0          0   (incl. Generated)
         0          0          0          0          4          0   (incl. Padding)

    ----------------------------------------------------------------------

      Code (inc. data)   RO Data    RW Data    ZI Data      Debug   Library Member Name

       164          8          0          0          0        496   irq_cm0.o
       122         16          0          0          1       2766   os_systick.o
        58          4          0          0          0       2753   rtx_delay.o
       534         32         11        164          0      16105   rtx_kernel.o
       252          0          0          0          0       2564   rtx_memory.o
       166          0          0          0          0      14282   rtx_mempool.o
      1564         40          0          0          0      17889   rtx_msgqueue.o
        68          0          0          0          0       9201   rtx_mutex.o
       340         14          0          0          0       4635   rtx_system.o
      1536         56          0          0          0      30867   rtx_thread.o
       228         16          0          0          0      10018   rtx_timer.o
         0          0          0          0          0          0   entry.o
         0          0          0          0          0          0   entry10a.o
         0          0          0          0          0          0   entry11a.o
         8          4          0          0          0          0   entry2.o
         4          0          0          0          0          0   entry5.o
         0          0          0          0          0          0   entry7b.o
         0          0          0          0          0          0   entry8b.o
         8          4          0          0          0          0   entry9a.o
        30          0          0          0          0          0   handlers.o
        36          8          0          0          0         68   init.o
        36          0          0          0          0         60   memcpya.o
        36          0          0          0          0        100   memseta.o
        62          0          0          0          0         72   uidiv_div0.o

    ----------------------------------------------------------------------
      5268        202         12        164          8     111876   Library Totals
        16          0          1          0          7          0   (incl. Padding)

    ----------------------------------------------------------------------

      Code (inc. data)   RO Data    RW Data    ZI Data      Debug   Library Name

      5032        186         11        164          1     111576   RTX_CM0.lib
       220         16          0          0          0        300   mc_p.l

    ----------------------------------------------------------------------
      5268        202         12        164          8     111876   Library Totals

    ----------------------------------------------------------------------

==============================================================================


      Code (inc. data)   RO Data    RW Data    ZI Data      Debug   

      6356        352        496        172       5208     124009   Grand Totals
      6356        352        496        172       5208     124009   ELF Image Totals
      6356        352        496        172          0          0   ROM Totals

==============================================================================

    Total RO  Size (Code + RO Data)                 6852 (   6.69kB)
    Total RW  Size (RW Data + ZI Data)              5380 (   5.25kB)
    Total ROM Size (Code + RO Data + RW Data)       7024 (   6.86kB)

==============================================================================

