Component: Arm Compiler for Embedded 6.19 Tool: armlink [5e73cb00]

==============================================================================

Section Cross References

    main.o(.ARM.exidx.text.initLED) refers to main.o(.text.initLED) for [Anonymous Symbol]
    main.o(.ARM.exidx.text.setLEDOutput) refers to main.o(.text.setLEDOutput) for [Anonymous Symbol]
    main.o(.text.initFrontLED) refers to main.o(.text.initLED) for initLED
    main.o(.ARM.exidx.text.initFrontLED) refers to main.o(.text.initFrontLED) for [Anonymous Symbol]
    main.o(.text.initBackLED) refers to main.o(.text.initLED) for initLED
    main.o(.ARM.exidx.text.initBackLED) refers to main.o(.text.initBackLED) for [Anonymous Symbol]
    main.o(.text.offAllLED) refers to main.o(.text.initFrontLED) for initFrontLED
    main.o(.text.offAllLED) refers to main.o(.text.setLEDOutput) for setLEDOutput
    main.o(.ARM.exidx.text.offAllLED) refers to main.o(.text.offAllLED) for [Anonymous Symbol]
    main.o(.text.flashLEDFast) refers to main.o(.text.initBackLED) for initBackLED
    main.o(.text.flashLEDFast) refers to main.o(.text.setLEDOutput) for setLEDOutput
    main.o(.text.flashLEDFast) refers to rtx_delay.o(.text.osDelay) for osDelay
    main.o(.text.flashLEDFast) refers to main.o(.bss.station) for station
    main.o(.ARM.exidx.text.flashLEDFast) refers to main.o(.text.flashLEDFast) for [Anonymous Symbol]
    main.o(.text.flashLEDSlow) refers to main.o(.text.initBackLED) for initBackLED
    main.o(.text.flashLEDSlow) refers to main.o(.text.setLEDOutput) for setLEDOutput
    main.o(.text.flashLEDSlow) refers to rtx_delay.o(.text.osDelay) for osDelay
    main.o(.text.flashLEDSlow) refers to main.o(.bss.running) for running
    main.o(.ARM.exidx.text.flashLEDSlow) refers to main.o(.text.flashLEDSlow) for [Anonymous Symbol]
    main.o(.text.lightAllLED) refers to main.o(.text.offAllLED) for offAllLED
    main.o(.text.lightAllLED) refers to main.o(.text.setLEDOutput) for setLEDOutput
    main.o(.text.lightAllLED) refers to main.o(.bss.station) for station
    main.o(.ARM.exidx.text.lightAllLED) refers to main.o(.text.lightAllLED) for [Anonymous Symbol]
    main.o(.text.runningLED) refers to main.o(.text.offAllLED) for offAllLED
    main.o(.text.runningLED) refers to main.o(.text.setLEDOutput) for setLEDOutput
    main.o(.text.runningLED) refers to rtx_delay.o(.text.osDelay) for osDelay
    main.o(.text.runningLED) refers to main.o(.bss.running) for running
    main.o(.ARM.exidx.text.runningLED) refers to main.o(.text.runningLED) for [Anonymous Symbol]
    main.o(.text.runningLedThread) refers to rtx_thread.o(.text.osThreadNew) for osThreadNew
    main.o(.text.runningLedThread) refers to main.o(.text.runningLED) for runningLED
    main.o(.text.runningLedThread) refers to main.o(.rodata.runningled_attr) for runningled_attr
    main.o(.ARM.exidx.text.runningLedThread) refers to main.o(.text.runningLedThread) for [Anonymous Symbol]
    main.o(.text.flashLedStationaryThread) refers to rtx_thread.o(.text.osThreadNew) for osThreadNew
    main.o(.text.flashLedStationaryThread) refers to main.o(.text.flashLEDFast) for flashLEDFast
    main.o(.text.flashLedStationaryThread) refers to main.o(.rodata.flashled_attr1) for flashled_attr1
    main.o(.ARM.exidx.text.flashLedStationaryThread) refers to main.o(.text.flashLedStationaryThread) for [Anonymous Symbol]
    main.o(.text.flashLedMovingThread) refers to rtx_thread.o(.text.osThreadNew) for osThreadNew
    main.o(.text.flashLedMovingThread) refers to main.o(.text.flashLEDSlow) for flashLEDSlow
    main.o(.text.flashLedMovingThread) refers to main.o(.rodata.flashled_attr2) for flashled_attr2
    main.o(.ARM.exidx.text.flashLedMovingThread) refers to main.o(.text.flashLedMovingThread) for [Anonymous Symbol]
    main.o(.text.lightAllLedThread) refers to rtx_thread.o(.text.osThreadNew) for osThreadNew
    main.o(.text.lightAllLedThread) refers to main.o(.text.lightAllLED) for lightAllLED
    main.o(.text.lightAllLedThread) refers to main.o(.rodata.allled_attr) for allled_attr
    main.o(.ARM.exidx.text.lightAllLedThread) refers to main.o(.text.lightAllLedThread) for [Anonymous Symbol]
    main.o(.text.UART2_IRQHandler) refers to main.o(.text.__NVIC_ClearPendingIRQ) for __NVIC_ClearPendingIRQ
    main.o(.text.UART2_IRQHandler) refers to main.o(.bss.rx_data) for rx_data
    main.o(.ARM.exidx.text.UART2_IRQHandler) refers to main.o(.text.UART2_IRQHandler) for [Anonymous Symbol]
    main.o(.ARM.exidx.text.__NVIC_ClearPendingIRQ) refers to main.o(.text.__NVIC_ClearPendingIRQ) for [Anonymous Symbol]
    main.o(.text.run_sound_thread) refers to idiv_div0.o(.text) for __aeabi_idiv
    main.o(.text.run_sound_thread) refers to audio.o(.text.freq_calc) for freq_calc
    main.o(.text.run_sound_thread) refers to audio.o(.text.duty_cycle_calc) for duty_cycle_calc
    main.o(.text.run_sound_thread) refers to rtx_delay.o(.text.osDelay) for osDelay
[...]
    Removing rtx_mutex.o(.text.svcRtxMutexGetOwner), (24 bytes).
    Removing rtx_mutex.o(.ARM.exidx.text.svcRtxMutexGetOwner), (8 bytes).
    Removing rtx_mutex.o(.text.svcRtxMutexDelete), (188 bytes).
    Removing rtx_mutex.o(.ARM.exidx.text.svcRtxMutexDelete), (8 bytes).
    Removing rtx_memory.o(.text), (0 bytes).
    Removing rtx_memory.o(.ARM.exidx.text.osRtxMemoryInit), (8 bytes).
    Removing rtx_memory.o(.ARM.exidx.text.osRtxMemoryAlloc), (8 bytes).
    Removing rtx_memory.o(.ARM.exidx.text.osRtxMemoryFree), (8 bytes).
    Removing rtx_mempool.o(.text), (0 bytes).
    Removing rtx_mempool.o(.ARM.exidx.text.osRtxMemoryPoolInit), (8 bytes).
    Removing rtx_mempool.o(.ARM.exidx.text.osRtxMemoryPoolAlloc), (8 bytes).
    Removing rtx_mempool.o(.ARM.exidx.text.osRtxMemoryPoolFree), (8 bytes).
    Removing rtx_mempool.o(.text.osMemoryPoolNew), (36 bytes).
    Removing rtx_mempool.o(.ARM.exidx.text.osMemoryPoolNew), (8 bytes).
    Removing rtx_mempool.o(.text.osMemoryPoolGetName), (36 bytes).
    Removing rtx_mempool.o(.ARM.exidx.text.osMemoryPoolGetName), (8 bytes).
    Removing rtx_mempool.o(.text.osMemoryPoolAlloc), (56 bytes).
    Removing rtx_mempool.o(.ARM.exidx.text.osMemoryPoolAlloc), (8 bytes).
    Removing rtx_mempool.o(.text.osMemoryPoolFree), (72 bytes).
    Removing rtx_mempool.o(.ARM.exidx.text.osMemoryPoolFree), (8 bytes).
    Removing rtx_mempool.o(.text.osMemoryPoolGetCapacity), (48 bytes).
    Removing rtx_mempool.o(.ARM.exidx.text.osMemoryPoolGetCapacity), (8 bytes).
    Removing rtx_mempool.o(.text.svcRtxMemoryPoolGetCapacity), (18 bytes).
    Removing rtx_mempool.o(.ARM.exidx.text.svcRtxMemoryPoolGetCapacity), (8 bytes).
    Removing rtx_mempool.o(.text.osMemoryPoolGetBlockSize), (48 bytes).
    Removing rtx_mempool.o(.ARM.exidx.text.osMemoryPoolGetBlockSize), (8 bytes).
    Removing rtx_mempool.o(.text.svcRtxMemoryPoolGetBlockSize), (18 bytes).
    Removing rtx_mempool.o(.ARM.exidx.text.svcRtxMemoryPoolGetBlockSize), (8 bytes).
    Removing rtx_mempool.o(.text.osMemoryPoolGetCount), (48 bytes).
    Removing rtx_mempool.o(.ARM.exidx.text.osMemoryPoolGetCount), (8 bytes).
    Removing rtx_mempool.o(.text.svcRtxMemoryPoolGetCount), (18 bytes).
    Removing rtx_mempool.o(.ARM.exidx.text.svcRtxMemoryPoolGetCount), (8 bytes).
    Removing rtx_mempool.o(.text.osMemoryPoolGetSpace), (36 bytes).
    Removing rtx_mempool.o(.ARM.exidx.text.osMemoryPoolGetSpace), (8 bytes).
    Removing rtx_mempool.o(.text.svcRtxMemoryPoolGetSpace), (22 bytes).
    Removing rtx_mempool.o(.ARM.exidx.text.svcRtxMemoryPoolGetSpace), (8 bytes).
    Removing rtx_mempool.o(.text.osMemoryPoolDelete), (40 bytes).
    Removing rtx_mempool.o(.ARM.exidx.text.osMemoryPoolDelete), (8 bytes).
    Removing rtx_mempool.o(.text.svcRtxMemoryPoolNew), (444 bytes).
    Removing rtx_mempool.o(.ARM.exidx.text.svcRtxMemoryPoolNew), (8 bytes).
    Removing rtx_mempool.o(.text.osRtxMemoryPoolPostProcess), (40 bytes).
    Removing rtx_mempool.o(.ARM.exidx.text.osRtxMemoryPoolPostProcess), (8 bytes).
    Removing rtx_mempool.o(.text.svcRtxMemoryPoolGetName), (18 bytes).
    Removing rtx_mempool.o(.ARM.exidx.text.svcRtxMemoryPoolGetName), (8 bytes).
    Removing rtx_mempool.o(.text.svcRtxMemoryPoolAlloc), (64 bytes).
    Removing rtx_mempool.o(.ARM.exidx.text.svcRtxMemoryPoolAlloc), (8 bytes).
    Removing rtx_mempool.o(.text.svcRtxMemoryPoolFree), (72 bytes).
    Removing rtx_mempool.o(.ARM.exidx.text.svcRtxMemoryPoolFree), (8 bytes).
    Removing rtx_mempool.o(.text.svcRtxMemoryPoolDelete), (112 bytes).
    Removing rtx_mempool.o(.ARM.exidx.text.svcRtxMemoryPoolDelete), (8 bytes).
    Removing rtx_system.o(.text), (0 bytes).
    Removing rtx_system.o(.ARM.exidx.text.osRtxTick_Handler), (8 bytes).
    Removing rtx_system.o(.ARM.exidx.text.osRtxPendSV_Handler), (8 bytes).
    Removing rtx_system.o(.ARM.exidx.text.osRtxPostProcess), (8 bytes).
    Removing os_systick.o(.text), (0 bytes).
    Removing os_systick.o(.ARM.exidx.text.OS_Tick_Setup), (8 bytes).
    Removing os_systick.o(.ARM.exidx.text.OS_Tick_Enable), (8 bytes).
    Removing os_systick.o(.text.OS_Tick_Disable), (40 bytes).
    Removing os_systick.o(.ARM.exidx.text.OS_Tick_Disable), (8 bytes).
    Removing os_systick.o(.ARM.exidx.text.OS_Tick_AcknowledgeIRQ), (8 bytes).
    Removing os_systick.o(.ARM.exidx.text.OS_Tick_GetIRQn), (8 bytes).
    Removing os_systick.o(.text.OS_Tick_GetClock), (12 bytes).
    Removing os_systick.o(.ARM.exidx.text.OS_Tick_GetClock), (8 bytes).
    Removing os_systick.o(.text.OS_Tick_GetInterval), (12 bytes).
    Removing os_systick.o(.ARM.exidx.text.OS_Tick_GetInterval), (8 bytes).
    Removing os_systick.o(.text.OS_Tick_GetCount), (16 bytes).
    Removing os_systick.o(.ARM.exidx.text.OS_Tick_GetCount), (8 bytes).
    Removing os_systick.o(.text.OS_Tick_GetOverflow), (16 bytes).
    Removing os_systick.o(.ARM.exidx.text.OS_Tick_GetOverflow), (8 bytes).
    Removing rtx_msgqueue.o(.text), (0 bytes).
    Removing rtx_msgqueue.o(.ARM.exidx.text.osMessageQueueNew), (8 bytes).
    Removing rtx_msgqueue.o(.text.osMessageQueueGetName), (36 bytes).
    Removing rtx_msgqueue.o(.ARM.exidx.text.osMessageQueueGetName), (8 bytes).
    Removing rtx_msgqueue.o(.ARM.exidx.text.osMessageQueuePut), (8 bytes).
    Removing rtx_msgqueue.o(.ARM.exidx.text.osMessageQueueGet), (8 bytes).
    Removing rtx_msgqueue.o(.text.osMessageQueueGetCapacity), (48 bytes).
    Removing rtx_msgqueue.o(.ARM.exidx.text.osMessageQueueGetCapacity), (8 bytes).
    Removing rtx_msgqueue.o(.text.svcRtxMessageQueueGetCapacity), (18 bytes).
    Removing rtx_msgqueue.o(.ARM.exidx.text.svcRtxMessageQueueGetCapacity), (8 bytes).
    Removing rtx_msgqueue.o(.text.osMessageQueueGetMsgSize), (48 bytes).
    Removing rtx_msgqueue.o(.ARM.exidx.text.osMessageQueueGetMsgSize), (8 bytes).
    Removing rtx_msgqueue.o(.text.svcRtxMessageQueueGetMsgSize), (18 bytes).
    Removing rtx_msgqueue.o(.ARM.exidx.text.svcRtxMessageQueueGetMsgSize), (8 bytes).
    Removing rtx_msgqueue.o(.text.osMessageQueueGetCount), (48 bytes).
    Removing rtx_msgqueue.o(.ARM.exidx.text.osMessageQueueGetCount), (8 bytes).
    Removing rtx_msgqueue.o(.text.svcRtxMessageQueueGetCount), (18 bytes).
    Removing rtx_msgqueue.o(.ARM.exidx.text.svcRtxMessageQueueGetCount), (8 bytes).
    Removing rtx_msgqueue.o(.text.osMessageQueueGetSpace), (36 bytes).
    Removing rtx_msgqueue.o(.ARM.exidx.text.osMessageQueueGetSpace), (8 bytes).
    Removing rtx_msgqueue.o(.text.svcRtxMessageQueueGetSpace), (22 bytes).
    Removing rtx_msgqueue.o(.ARM.exidx.text.svcRtxMessageQueueGetSpace), (8 bytes).
    Removing rtx_msgqueue.o(.text.osMessageQueueReset), (40 bytes).
    Removing rtx_msgqueue.o(.ARM.exidx.text.osMessageQueueReset), (8 bytes).
    Removing rtx_msgqueue.o(.text.osMessageQueueDelete), (40 bytes).
    Removing rtx_msgqueue.o(.ARM.exidx.text.osMessageQueueDelete), (8 bytes).
    Removing rtx_msgqueue.o(.ARM.exidx.text.svcRtxMessageQueueNew), (8 bytes).
    Removing rtx_msgqueue.o(.ARM.exidx.text.osRtxMessageQueuePostProcess), (8 bytes).
    Removing rtx_msgqueue.o(.ARM.exidx.text.MessageQueueRemove), (8 bytes).
    Removing rtx_msgqueue.o(.ARM.exidx.text.MessageQueuePut), (8 bytes).
    Removing rtx_msgqueue.o(.text.svcRtxMessageQueueGetName), (18 bytes).
    Removing rtx_msgqueue.o(.ARM.exidx.text.svcRtxMessageQueueGetName), (8 bytes).
    Removing rtx_msgqueue.o(.ARM.exidx.text.svcRtxMessageQueuePut), (8 bytes).
    Removing rtx_msgqueue.o(.ARM.exidx.text.MessageQueueGet), (8 bytes).
    Removing rtx_msgqueue.o(.ARM.exidx.text.svcRtxMessageQueueGet), (8 bytes).
    Removing rtx_msgqueue.o(.text.svcRtxMessageQueueReset), (162 bytes).
    Removing rtx_msgqueue.o(.ARM.exidx.text.svcRtxMessageQueueReset), (8 bytes).
    Removing rtx_msgqueue.o(.text.svcRtxMessageQueueDelete), (112 bytes).
    Removing rtx_msgqueue.o(.ARM.exidx.text.svcRtxMessageQueueDelete), (8 bytes).

380 unused section(s) (total 8470 bytes) removed from the image.

==============================================================================

Image Symbol Table

    Local Symbols

    Symbol Name                              Value     Ov Type        Size  Object(Section)

    ../clib/../cmprslib/zerorunl2.c          0x00000000   Number         0  __dczerorl2.o ABSOLUTE
    ../clib/division.s                       0x00000000   Number         0  aeabi_sdiv.o ABSOLUTE
    ../clib/division.s                       0x00000000   Number         0  aeabi_sdiv_div0.o ABSOLUTE
    ../clib/microlib/division.c              0x00000000   Number         0  uidiv.o ABSOLUTE
    ../clib/microlib/division.c              0x00000000   Number         0  idiv.o ABSOLUTE
    ../clib/microlib/division.c              0x00000000   Number         0  uidiv_div0.o ABSOLUTE
    ../clib/microlib/division.c              0x00000000   Number         0  idiv_div0.o ABSOLUTE
    ../clib/microlib/division.c              0x00000000   Number         0  idiv0.o ABSOLUTE
    ../clib/microlib/init/entry.s            0x00000000   Number         0  entry.o ABSOLUTE
    ../clib/microlib/init/entry.s            0x00000000   Number         0  entry2.o ABSOLUTE
    ../clib/microlib/init/entry.s            0x00000000   Number         0  entry5.o ABSOLUTE
    ../clib/microlib/init/entry.s            0x00000000   Number         0  entry7a.o ABSOLUTE
    ../clib/microlib/init/entry.s            0x00000000   Number         0  entry7b.o ABSOLUTE
    ../clib/microlib/init/entry.s            0x00000000   Number         0  entry8a.o ABSOLUTE
    ../clib/microlib/init/entry.s            0x00000000   Number         0  entry8b.o ABSOLUTE
    ../clib/microlib/init/entry.s            0x00000000   Number         0  entry9a.o ABSOLUTE
    ../clib/microlib/init/entry.s            0x00000000   Number         0  entry9b.o ABSOLUTE
    ../clib/microlib/init/entry.s            0x00000000   Number         0  entry10a.o ABSOLUTE
    ../clib/microlib/init/entry.s            0x00000000   Number         0  entry10b.o ABSOLUTE
    ../clib/microlib/init/entry.s            0x00000000   Number         0  entry11a.o ABSOLUTE
    ../clib/microlib/init/entry.s            0x00000000   Number         0  entry11b.o ABSOLUTE
    ../clib/microlib/string/memcpy.c         0x00000000   Number         0  memcpya.o ABSOLUTE
    ../clib/microlib/string/memcpy.c         0x00000000   Number         0  memcpyb.o ABSOLUTE
    ../clib/microlib/string/memset.c         0x00000000   Number         0  memseta.o ABSOLUTE
    ../clib/microlib/stubs.s                 0x00000000   Number         0  iusefp.o ABSOLUTE
    ../fplib/microlib/fpdiv.c                0x00000000   Number         0  fdiv.o ABSOLUTE
    ../fplib/microlib/fpepilogue.c           0x00000000   Number         0  fepilogue.o ABSOLUTE
    ../fplib/microlib/fpfix.c                0x00000000   Number         0  ffixi.o ABSOLUTE
    ../fplib/microlib/fpflt.c                0x00000000   Number         0  fflti.o ABSOLUTE
    ../fplib/microlib/fpmul.c                0x00000000   Number         0  fmul.o ABSOLUTE
    ..\..\..\Source\ARM\irq_cm0.s            0x00000000   Number         0  irq_cm0.o ABSOLUTE
    Audio.c                                  0x00000000   Number         0  audio.o ABSOLUTE
    LED.c                                    0x00000000   Number         0  led.o ABSOLUTE
    MotorControl.c                           0x00000000   Number         0  motorcontrol.o ABSOLUTE
    RTE/Device/MKL25Z128xxx4/startup_MKL25Z4.s 0x00000000   Number         0  startup_mkl25z4.o ABSOLUTE
    RTX_Config.c                             0x00000000   Number         0  rtx_config.o ABSOLUTE
    Serial.c                                 0x00000000   Number         0  serial.o ABSOLUTE
    dc.s                                     0x00000000   Number         0  dc.o ABSOLUTE
    handlers.s                               0x00000000   Number         0  handlers.o ABSOLUTE
    init.s                                   0x00000000   Number         0  init.o ABSOLUTE
    main.c                                   0x00000000   Number         0  main.o ABSOLUTE
    os_systick.c                             0x00000000   Number         0  os_systick.o ABSOLUTE
    rtx_delay.c                              0x00000000   Number         0  rtx_delay.o ABSOLUTE
    rtx_kernel.c                             0x00000000   Number         0  rtx_kernel.o ABSOLUTE
    rtx_lib.c                                0x00000000   Number         0  rtx_lib.o ABSOLUTE
    rtx_memory.c                             0x00000000   Number         0  rtx_memory.o ABSOLUTE
    rtx_mempool.c                            0x00000000   Number         0  rtx_mempool.o ABSOLUTE
    rtx_msgqueue.c                           0x00000000   Number         0  rtx_msgqueue.o ABSOLUTE
    rtx_mutex.c                              0x00000000   Number         0  rtx_mutex.o ABSOLUTE
    rtx_system.c                             0x00000000   Number         0  rtx_system.o ABSOLUTE
    rtx_thread.c                             0x00000000   Number         0  rtx_thread.o ABSOLUTE
    rtx_timer.c                              0x00000000   Number         0  rtx_timer.o ABSOLUTE
    system_MKL25Z4.c                         0x00000000   Number         0  system_mkl25z4.o ABSOLUTE
    RESET                                    0x00000000   Section      192  startup_mkl25z4.o(RESET)
    .ARM.Collect$$$$00000000                 0x000000c0   Section        0  entry.o(.ARM.Collect$$$$00000000)
    .ARM.Collect$$$$00000001                 0x000000c0   Section        4  entry2.o(.ARM.Collect$$$$00000001)
    .ARM.Collect$$$$00000004                 0x000000c4   Section        4  entry5.o(.ARM.Collect$$$$00000004)
    .ARM.Collect$$$$00000008                 0x000000c8   Section        0  entry7b.o(.ARM.Collect$$$$00000008)
    .ARM.Collect$$$$0000000A                 0x000000c8   Section        0  entry8b.o(.ARM.Collect$$$$0000000A)
    .ARM.Collect$$$$0000000B                 0x000000c8   Section        8  entry9a.o(.ARM.Collect$$$$0000000B)
    __lit__00000000                          0x000000d0   Data           4  entry2.o(.ARM.Collect$$$$00002712)
    .ARM.Collect$$$$0000000D                 0x000000d0   Section        0  entry10a.o(.ARM.Collect$$$$0000000D)
    .ARM.Collect$$$$0000000F                 0x000000d0   Section        0  entry11a.o(.ARM.Collect$$$$0000000F)
    .ARM.Collect$$$$00002712                 0x000000d0   Section        4  entry2.o(.ARM.Collect$$$$00002712)
    .text                                    0x000000d4   Section       40  startup_mkl25z4.o(.text)
    .text                                    0x000000fc   Section      164  irq_cm0.o(.text)
    .text                                    0x000001a0   Section        0  memcpya.o(.text)
    .text                                    0x000001c4   Section        0  memseta.o(.text)
    .text                                    0x000001e8   Section        0  fmul.o(.text)
    .text                                    0x00000262   Section        0  fdiv.o(.text)
    .text                                    0x000002de   Section        0  fflti.o(.text)
    .text                                    0x000002f4   Section        0  ffixi.o(.text)
    .text                                    0x00000326   Section        0  uidiv_div0.o(.text)
    .text                                    0x00000364   Section        0  idiv_div0.o(.text)
    .text                                    0x000003b4   Section        0  iusefp.o(.text)
    .text                                    0x000003b4   Section       36  init.o(.text)
    MessageQueueRemove                       0x000003d9   Thumb Code    30  rtx_msgqueue.o(.text.MessageQueueRemove)
    [Anonymous Symbol]                       0x000003d8   Section        0  rtx_msgqueue.o(.text.MessageQueueRemove)
    [Anonymous Symbol]                       0x000003f6   Section        0  os_systick.o(.text.OS_Tick_GetIRQn)
    [Anonymous Symbol]                       0x000003fc   Section        0  rtx_kernel.o(.text.osRtxKernelPreInit)
    i.__scatterload_null                     0x000003fe   Section        2  handlers.o(i.__scatterload_null)
    .ARM.__at_0x400                          0x00000400   Section       16  startup_mkl25z4.o(.ARM.__at_0x400)
    .text                                    0x00000410   Section        0  fepilogue.o(.text)
    .text                                    0x00000492   Section        0  __dczerorl2.o(.text)
    MessageQueueGet                          0x000004e9   Thumb Code    76  rtx_msgqueue.o(.text.MessageQueueGet)
    [Anonymous Symbol]                       0x000004e8   Section        0  rtx_msgqueue.o(.text.MessageQueueGet)
    MessageQueuePut                          0x00000535   Thumb Code    98  rtx_msgqueue.o(.text.MessageQueuePut)
    [Anonymous Symbol]                       0x00000534   Section        0  rtx_msgqueue.o(.text.MessageQueuePut)
    [Anonymous Symbol]                       0x00000598   Section        0  os_systick.o(.text.OS_Tick_AcknowledgeIRQ)
    [Anonymous Symbol]                       0x000005a0   Section        0  os_systick.o(.text.OS_Tick_Enable)
    __arm_cp.1_1                             0x000005c0   Number         4  os_systick.o(.text.OS_Tick_Enable)
    [Anonymous Symbol]                       0x000005c4   Section        0  os_systick.o(.text.OS_Tick_Setup)
    __arm_cp.0_1                             0x00000600   Number         4  os_systick.o(.text.OS_Tick_Setup)
    __arm_cp.0_2                             0x00000604   Number         4  os_systick.o(.text.OS_Tick_Setup)
    __arm_cp.0_3                             0x00000608   Number         4  os_systick.o(.text.OS_Tick_Setup)
    [Anonymous Symbol]                       0x0000060c   Section        0  system_mkl25z4.o(.text.SystemCoreClockUpdate)
    __arm_cp.1_1                             0x00000808   Number         4  system_mkl25z4.o(.text.SystemCoreClockUpdate)
    __arm_cp.1_4                             0x0000080c   Number         4  system_mkl25z4.o(.text.SystemCoreClockUpdate)
    __arm_cp.1_8                             0x00000810   Number         4  system_mkl25z4.o(.text.SystemCoreClockUpdate)
    __arm_cp.1_9                             0x00000814   Number         4  system_mkl25z4.o(.text.SystemCoreClockUpdate)
    __arm_cp.1_11                            0x00000818   Number         4  system_mkl25z4.o(.text.SystemCoreClockUpdate)
    [Anonymous Symbol]                       0x0000081c   Section        0  system_mkl25z4.o(.text.SystemInit)
    __arm_cp.0_0                             0x0000091c   Number         4  system_mkl25z4.o(.text.SystemInit)
    __arm_cp.0_1                             0x00000920   Number         4  system_mkl25z4.o(.text.SystemInit)
    __arm_cp.0_2                             0x00000924   Number         4  system_mkl25z4.o(.text.SystemInit)
    __arm_cp.0_3                             0x00000928   Number         4  system_mkl25z4.o(.text.SystemInit)
    __arm_cp.0_4                             0x0000092c   Number         4  system_mkl25z4.o(.text.SystemInit)
    __arm_cp.0_5                             0x00000930   Number         4  system_mkl25z4.o(.text.SystemInit)
    __arm_cp.0_6                             0x00000934   Number         4  system_mkl25z4.o(.text.SystemInit)
    __arm_cp.0_7                             0x00000938   Number         4  system_mkl25z4.o(.text.SystemInit)
    __arm_cp.0_8                             0x0000093c   Number         4  system_mkl25z4.o(.text.SystemInit)
    __arm_cp.0_9                             0x00000940   Number         4  system_mkl25z4.o(.text.SystemInit)
    __arm_cp.0_10                            0x00000944   Number         4  system_mkl25z4.o(.text.SystemInit)
    __arm_cp.0_11                            0x00000948   Number         4  system_mkl25z4.o(.text.SystemInit)
    __arm_cp.0_12                            0x0000094c   Number         4  system_mkl25z4.o(.text.SystemInit)
    __arm_cp.0_13                            0x00000950   Number         4  system_mkl25z4.o(.text.SystemInit)
    __arm_cp.0_14                            0x00000954   Number         4  system_mkl25z4.o(.text.SystemInit)
    __arm_cp.0_15                            0x00000958   Number         4  system_mkl25z4.o(.text.SystemInit)
    __arm_cp.0_16                            0x0000095c   Number         4  system_mkl25z4.o(.text.SystemInit)
    __arm_cp.0_17                            0x00000960   Number         4  system_mkl25z4.o(.text.SystemInit)
    __arm_cp.0_18                            0x00000964   Number         4  system_mkl25z4.o(.text.SystemInit)
    __arm_cp.0_19                            0x00000968   Number         4  system_mkl25z4.o(.text.SystemInit)
    ThreadFlagsCheck                         0x0000096d   Thumb Code    78  rtx_thread.o(.text.ThreadFlagsCheck)
    [Anonymous Symbol]                       0x0000096c   Section        0  rtx_thread.o(.text.ThreadFlagsCheck)
    TimerInsert                              0x000009bd   Thumb Code    76  rtx_timer.o(.text.TimerInsert)
    [Anonymous Symbol]                       0x000009bc   Section        0  rtx_timer.o(.text.TimerInsert)
    __arm_cp.8_0                             0x00000a04   Number         4  rtx_timer.o(.text.TimerInsert)
    [Anonymous Symbol]                       0x00000a08   Section        0  main.o(.text.UART2_IRQHandler)
    __arm_cp.13_0                            0x00000a28   Number         4  main.o(.text.UART2_IRQHandler)
    __arm_cp.13_1                            0x00000a2c   Number         4  main.o(.text.UART2_IRQHandler)
    __NVIC_ClearPendingIRQ                   0x00000a31   Thumb Code    40  main.o(.text.__NVIC_ClearPendingIRQ)
    [Anonymous Symbol]                       0x00000a30   Section        0  main.o(.text.__NVIC_ClearPendingIRQ)
    __NVIC_ClearPendingIRQ                   0x00000a59   Thumb Code    40  serial.o(.text.__NVIC_ClearPendingIRQ)
    [Anonymous Symbol]                       0x00000a58   Section        0  serial.o(.text.__NVIC_ClearPendingIRQ)
    __arm_cp.2_0                             0x00000a80   Number         4  serial.o(.text.__NVIC_ClearPendingIRQ)
    __NVIC_EnableIRQ                         0x00000a85   Thumb Code    40  serial.o(.text.__NVIC_EnableIRQ)
    [Anonymous Symbol]                       0x00000a84   Section        0  serial.o(.text.__NVIC_EnableIRQ)
    __arm_cp.3_0                             0x00000aac   Number         4  serial.o(.text.__NVIC_EnableIRQ)
    __NVIC_SetPriority                       0x00000ab1   Thumb Code   124  serial.o(.text.__NVIC_SetPriority)
    [Anonymous Symbol]                       0x00000ab0   Section        0  serial.o(.text.__NVIC_SetPriority)
    __arm_cp.1_0                             0x00000b2c   Number         4  serial.o(.text.__NVIC_SetPriority)
    __arm_cp.1_1                             0x00000b30   Number         4  serial.o(.text.__NVIC_SetPriority)
    [Anonymous Symbol]                       0x00000b34   Section        0  motorcontrol.o(.text.backward)
    __arm_cp.5_0                             0x00000b54   Number         4  motorcontrol.o(.text.backward)
    [Anonymous Symbol]                       0x00000b58   Section        0  main.o(.text.control)
    __arm_cp.18_0                            0x00000cd8   Number         4  main.o(.text.control)
    __arm_cp.18_2                            0x00000cdc   Number         4  main.o(.text.control)
    __arm_cp.18_4                            0x00000ce0   Number         4  main.o(.text.control)
    [Anonymous Symbol]                       0x00000ce4   Section        0  audio.o(.text.duty_cycle_calc)
    [Anonymous Symbol]                       0x00000d08   Section        0  main.o(.text.end_sound_thread)
    __arm_cp.16_0                            0x00000d24   Number         4  main.o(.text.end_sound_thread)
    [Anonymous Symbol]                       0x00000d28   Section        0  main.o(.text.flashLEDFast)
    __arm_cp.5_0                             0x00000e70   Number         4  main.o(.text.flashLEDFast)
    [Anonymous Symbol]                       0x00000e74   Section        0  main.o(.text.flashLEDSlow)
    __arm_cp.6_0                             0x00000fc0   Number         4  main.o(.text.flashLEDSlow)
    [Anonymous Symbol]                       0x00000fc4   Section        0  main.o(.text.flashLedMovingThread)
    __arm_cp.11_0                            0x00000fd4   Number         4  main.o(.text.flashLedMovingThread)
    __arm_cp.11_1                            0x00000fd8   Number         4  main.o(.text.flashLedMovingThread)
    [Anonymous Symbol]                       0x00000fdc   Section        0  main.o(.text.flashLedStationaryThread)
    __arm_cp.10_0                            0x00000fec   Number         4  main.o(.text.flashLedStationaryThread)
    __arm_cp.10_1                            0x00000ff0   Number         4  main.o(.text.flashLedStationaryThread)
    [Anonymous Symbol]                       0x00000ff4   Section        0  motorcontrol.o(.text.forward)
    __arm_cp.4_0                             0x00001010   Number         4  motorcontrol.o(.text.forward)
    [Anonymous Symbol]                       0x00001014   Section        0  audio.o(.text.freq_calc)
    __arm_cp.0_0                             0x00001028   Number         4  audio.o(.text.freq_calc)
    [Anonymous Symbol]                       0x0000102c   Section        0  audio.o(.text.initAudio)
    __arm_cp.2_1                             0x00001098   Number         4  audio.o(.text.initAudio)
    __arm_cp.2_4                             0x0000109c   Number         4  audio.o(.text.initAudio)
    __arm_cp.2_5                             0x000010a0   Number         4  audio.o(.text.initAudio)
    [Anonymous Symbol]                       0x000010a4   Section        0  main.o(.text.initBackLED)
    __arm_cp.3_0                             0x000011a8   Number         4  main.o(.text.initBackLED)
    __arm_cp.3_1                             0x000011ac   Number         4  main.o(.text.initBackLED)
    __arm_cp.3_3                             0x000011b0   Number         4  main.o(.text.initBackLED)
    [Anonymous Symbol]                       0x000011b4   Section        0  main.o(.text.initFrontLED)
    __arm_cp.2_0                             0x000012c0   Number         4  main.o(.text.initFrontLED)
    __arm_cp.2_1                             0x000012c4   Number         4  main.o(.text.initFrontLED)
    __arm_cp.2_2                             0x000012c8   Number         4  main.o(.text.initFrontLED)
    __arm_cp.2_3                             0x000012cc   Number         4  main.o(.text.initFrontLED)
    __arm_cp.2_4                             0x000012d0   Number         4  main.o(.text.initFrontLED)
    __arm_cp.2_5                             0x000012d4   Number         4  main.o(.text.initFrontLED)
    [Anonymous Symbol]                       0x000012d8   Section        0  main.o(.text.initLED)
    [Anonymous Symbol]                       0x0000132c   Section        0  motorcontrol.o(.text.initMotor)
    __arm_cp.1_0                             0x00001410   Number         4  motorcontrol.o(.text.initMotor)
    __arm_cp.1_1                             0x00001414   Number         4  motorcontrol.o(.text.initMotor)
    __arm_cp.1_2                             0x00001418   Number         4  motorcontrol.o(.text.initMotor)
    __arm_cp.1_3                             0x0000141c   Number         4  motorcontrol.o(.text.initMotor)
    __arm_cp.1_4                             0x00001420   Number         4  motorcontrol.o(.text.initMotor)
    __arm_cp.1_5                             0x00001424   Number         4  motorcontrol.o(.text.initMotor)
    __arm_cp.1_6                             0x00001428   Number         4  motorcontrol.o(.text.initMotor)
    __arm_cp.1_7                             0x0000142c   Number         4  motorcontrol.o(.text.initMotor)
    __arm_cp.1_8                             0x00001430   Number         4  motorcontrol.o(.text.initMotor)
    __arm_cp.1_9                             0x00001434   Number         4  motorcontrol.o(.text.initMotor)
    __arm_cp.1_10                            0x00001438   Number         4  motorcontrol.o(.text.initMotor)
    __arm_cp.1_11                            0x0000143c   Number         4  motorcontrol.o(.text.initMotor)
    __arm_cp.1_12                            0x00001440   Number         4  motorcontrol.o(.text.initMotor)
    __arm_cp.1_13                            0x00001444   Number         4  motorcontrol.o(.text.initMotor)
    __arm_cp.1_14                            0x00001448   Number         4  motorcontrol.o(.text.initMotor)
    __arm_cp.1_15                            0x0000144c   Number         4  motorcontrol.o(.text.initMotor)
    __arm_cp.1_16                            0x00001450   Number         4  motorcontrol.o(.text.initMotor)
    [Anonymous Symbol]                       0x00001454   Section        0  serial.o(.text.initUART2)
    __arm_cp.0_0                             0x000014f0   Number         4  serial.o(.text.initUART2)
    __arm_cp.0_1                             0x000014f4   Number         4  serial.o(.text.initUART2)
    __arm_cp.0_2                             0x000014f8   Number         4  serial.o(.text.initUART2)
    __arm_cp.0_3                             0x000014fc   Number         4  serial.o(.text.initUART2)
    __arm_cp.0_4                             0x00001500   Number         4  serial.o(.text.initUART2)
    __arm_cp.0_5                             0x00001504   Number         4  serial.o(.text.initUART2)
    __arm_cp.0_6                             0x00001508   Number         4  serial.o(.text.initUART2)
    __arm_cp.0_7                             0x0000150c   Number         4  serial.o(.text.initUART2)
    __arm_cp.0_8                             0x00001510   Number         4  serial.o(.text.initUART2)
    __arm_cp.0_9                             0x00001514   Number         4  serial.o(.text.initUART2)
    __arm_cp.0_10                            0x00001518   Number         4  serial.o(.text.initUART2)
    [Anonymous Symbol]                       0x0000151c   Section        0  motorcontrol.o(.text.left)
    [Anonymous Symbol]                       0x00001538   Section        0  motorcontrol.o(.text.leftBackward)
    [Anonymous Symbol]                       0x00001554   Section        0  motorcontrol.o(.text.leftForward)
    __arm_cp.11_0                            0x00001570   Number         4  motorcontrol.o(.text.leftForward)
    __arm_cp.11_1                            0x00001574   Number         4  motorcontrol.o(.text.leftForward)
    [Anonymous Symbol]                       0x00001578   Section        0  motorcontrol.o(.text.leftMotorMove)
    __arm_cp.3_0                             0x000015bc   Number         4  motorcontrol.o(.text.leftMotorMove)
    __arm_cp.3_1                             0x000015c0   Number         4  motorcontrol.o(.text.leftMotorMove)
    [Anonymous Symbol]                       0x000015c4   Section        0  main.o(.text.lightAllLED)
    __arm_cp.7_0                             0x00001610   Number         4  main.o(.text.lightAllLED)
    [Anonymous Symbol]                       0x00001614   Section        0  main.o(.text.lightAllLedThread)
    __arm_cp.12_0                            0x00001624   Number         4  main.o(.text.lightAllLedThread)
    __arm_cp.12_1                            0x00001628   Number         4  main.o(.text.lightAllLedThread)
    [Anonymous Symbol]                       0x0000162c   Section        0  main.o(.text.main)
    __arm_cp.19_0                            0x00001680   Number         4  main.o(.text.main)
    __arm_cp.19_1                            0x00001684   Number         4  main.o(.text.main)
    __arm_cp.19_2                            0x00001688   Number         4  main.o(.text.main)
    __arm_cp.19_3                            0x0000168c   Number         4  main.o(.text.main)
    [Anonymous Symbol]                       0x00001690   Section        0  main.o(.text.offAllLED)
    [Anonymous Symbol]                       0x000016d0   Section        0  rtx_delay.o(.text.osDelay)
    __arm_cp.0_0                             0x000016f4   Number         4  rtx_delay.o(.text.osDelay)
    [Anonymous Symbol]                       0x000016f8   Section        0  rtx_kernel.o(.text.osKernelInitialize)
    __arm_cp.1_0                             0x0000171c   Number         4  rtx_kernel.o(.text.osKernelInitialize)
    [Anonymous Symbol]                       0x00001720   Section        0  rtx_kernel.o(.text.osKernelStart)
    __arm_cp.6_0                             0x00001740   Number         4  rtx_kernel.o(.text.osKernelStart)
    [Anonymous Symbol]                       0x00001744   Section        0  rtx_msgqueue.o(.text.osMessageQueueGet)
    __arm_cp.3_0                             0x000017b4   Number         4  rtx_msgqueue.o(.text.osMessageQueueGet)
    [Anonymous Symbol]                       0x000017b8   Section        0  rtx_msgqueue.o(.text.osMessageQueueNew)
    __arm_cp.0_0                             0x000017d8   Number         4  rtx_msgqueue.o(.text.osMessageQueueNew)
    [Anonymous Symbol]                       0x000017dc   Section        0  rtx_msgqueue.o(.text.osMessageQueuePut)
    __arm_cp.2_0                             0x00001850   Number         4  rtx_msgqueue.o(.text.osMessageQueuePut)
    [Anonymous Symbol]                       0x00001854   Section        0  rtx_config.o(.text.osRtxErrorNotify)
    [Anonymous Symbol]                       0x00001894   Section        0  rtx_config.o(.text.osRtxIdleThread)
    [Anonymous Symbol]                       0x0000189c   Section        0  rtx_memory.o(.text.osRtxMemoryAlloc)
    [Anonymous Symbol]                       0x00001918   Section        0  rtx_memory.o(.text.osRtxMemoryFree)
    [Anonymous Symbol]                       0x00001966   Section        0  rtx_memory.o(.text.osRtxMemoryInit)
    [Anonymous Symbol]                       0x00001998   Section        0  rtx_mempool.o(.text.osRtxMemoryPoolAlloc)
    [Anonymous Symbol]                       0x000019c6   Section        0  rtx_mempool.o(.text.osRtxMemoryPoolFree)
    [Anonymous Symbol]                       0x00001a00   Section        0  rtx_mempool.o(.text.osRtxMemoryPoolInit)
    osRtxMessageQueuePostProcess             0x00001a3f   Thumb Code   188  rtx_msgqueue.o(.text.osRtxMessageQueuePostProcess)
    [Anonymous Symbol]                       0x00001a3e   Section        0  rtx_msgqueue.o(.text.osRtxMessageQueuePostProcess)
    [Anonymous Symbol]                       0x00001afa   Section        0  rtx_mutex.o(.text.osRtxMutexOwnerRelease)
    [Anonymous Symbol]                       0x00001b40   Section        0  rtx_system.o(.text.osRtxPendSV_Handler)
    [Anonymous Symbol]                       0x00001bbc   Section        0  rtx_system.o(.text.osRtxPostProcess)
    __arm_cp.2_1                             0x00001c20   Number         4  rtx_system.o(.text.osRtxPostProcess)
    osRtxThreadBlock                         0x00001c25   Thumb Code    52  rtx_thread.o(.text.osRtxThreadBlock)
    [Anonymous Symbol]                       0x00001c24   Section        0  rtx_thread.o(.text.osRtxThreadBlock)
    osRtxThreadDelayInsert                   0x00001c59   Thumb Code   124  rtx_thread.o(.text.osRtxThreadDelayInsert)
    [Anonymous Symbol]                       0x00001c58   Section        0  rtx_thread.o(.text.osRtxThreadDelayInsert)
    osRtxThreadDelayRemove                   0x00001cd5   Thumb Code    64  rtx_thread.o(.text.osRtxThreadDelayRemove)
    [Anonymous Symbol]                       0x00001cd4   Section        0  rtx_thread.o(.text.osRtxThreadDelayRemove)
    [Anonymous Symbol]                       0x00001d14   Section        0  rtx_thread.o(.text.osRtxThreadDelayTick)
    [Anonymous Symbol]                       0x00001d48   Section        0  rtx_thread.o(.text.osRtxThreadDispatch)
    osRtxThreadFree                          0x00001d95   Thumb Code    80  rtx_thread.o(.text.osRtxThreadFree)
    [Anonymous Symbol]                       0x00001d94   Section        0  rtx_thread.o(.text.osRtxThreadFree)
    [Anonymous Symbol]                       0x00001de4   Section        0  rtx_thread.o(.text.osRtxThreadListGet)
    [Anonymous Symbol]                       0x00001df8   Section        0  rtx_thread.o(.text.osRtxThreadListPut)
    [Anonymous Symbol]                       0x00001e24   Section        0  rtx_thread.o(.text.osRtxThreadListRemove)
    osRtxThreadPostProcess                   0x00001e3d   Thumb Code    38  rtx_thread.o(.text.osRtxThreadPostProcess)
    [Anonymous Symbol]                       0x00001e3c   Section        0  rtx_thread.o(.text.osRtxThreadPostProcess)
    [Anonymous Symbol]                       0x00001e64   Section        0  rtx_thread.o(.text.osRtxThreadReadyPut)
    [Anonymous Symbol]                       0x00001e78   Section        0  rtx_thread.o(.text.osRtxThreadRegPtr)
    [Anonymous Symbol]                       0x00001e80   Section        0  rtx_thread.o(.text.osRtxThreadStackCheck)
    __arm_cp.8_1                             0x00001ea4   Number         4  rtx_thread.o(.text.osRtxThreadStackCheck)
    [Anonymous Symbol]                       0x00001ea8   Section        0  rtx_thread.o(.text.osRtxThreadStartup)
    __arm_cp.15_1                            0x00001ed8   Number         4  rtx_thread.o(.text.osRtxThreadStartup)
    __arm_cp.15_3                            0x00001edc   Number         4  rtx_thread.o(.text.osRtxThreadStartup)
    [Anonymous Symbol]                       0x00001ee0   Section        0  rtx_thread.o(.text.osRtxThreadSwitch)
    __arm_cp.7_0                             0x00001ef0   Number         4  rtx_thread.o(.text.osRtxThreadSwitch)
    [Anonymous Symbol]                       0x00001ef4   Section        0  rtx_thread.o(.text.osRtxThreadWaitEnter)
    __arm_cp.13_0                            0x00001f2c   Number         4  rtx_thread.o(.text.osRtxThreadWaitEnter)
    [Anonymous Symbol]                       0x00001f30   Section        0  rtx_thread.o(.text.osRtxThreadWaitExit)
    [Anonymous Symbol]                       0x00001f54   Section        0  rtx_system.o(.text.osRtxTick_Handler)
    [Anonymous Symbol]                       0x00001fc4   Section        0  rtx_timer.o(.text.osRtxTimerThread)
    __arm_cp.0_0                             0x00001ff4   Number         4  rtx_timer.o(.text.osRtxTimerThread)
    __arm_cp.0_1                             0x00001ff8   Number         4  rtx_timer.o(.text.osRtxTimerThread)
    __arm_cp.0_2                             0x00001ffc   Number         4  rtx_timer.o(.text.osRtxTimerThread)
    osRtxTimerTick                           0x00002001   Thumb Code    96  rtx_timer.o(.text.osRtxTimerTick)
    [Anonymous Symbol]                       0x00002000   Section        0  rtx_timer.o(.text.osRtxTimerTick)
    __arm_cp.1_0                             0x0000205c   Number         4  rtx_timer.o(.text.osRtxTimerTick)
    [Anonymous Symbol]                       0x00002060   Section        0  rtx_thread.o(.text.osThreadExit)
    __arm_cp.31_0                            0x00002068   Number         4  rtx_thread.o(.text.osThreadExit)
    [Anonymous Symbol]                       0x0000206c   Section        0  rtx_thread.o(.text.osThreadNew)
    __arm_cp.17_0                            0x0000208c   Number         4  rtx_thread.o(.text.osThreadNew)
    [Anonymous Symbol]                       0x00002090   Section        0  audio.o(.text.playEndAudio)
    __arm_cp.3_0                             0x0000211c   Number         4  audio.o(.text.playEndAudio)
    [Anonymous Symbol]                       0x00002120   Section        0  motorcontrol.o(.text.pwm_cal)
    __arm_cp.0_1                             0x0000213c   Number         4  motorcontrol.o(.text.pwm_cal)
    [Anonymous Symbol]                       0x00002140   Section        0  motorcontrol.o(.text.right)
    [Anonymous Symbol]                       0x0000215c   Section        0  motorcontrol.o(.text.rightBackward)
    [Anonymous Symbol]                       0x00002178   Section        0  motorcontrol.o(.text.rightForward)
    __arm_cp.9_0                             0x00002194   Number         4  motorcontrol.o(.text.rightForward)
    __arm_cp.9_1                             0x00002198   Number         4  motorcontrol.o(.text.rightForward)
    [Anonymous Symbol]                       0x0000219c   Section        0  motorcontrol.o(.text.rightMotorMove)
    __arm_cp.2_0                             0x000021e0   Number         4  motorcontrol.o(.text.rightMotorMove)
    __arm_cp.2_1                             0x000021e4   Number         4  motorcontrol.o(.text.rightMotorMove)
    [Anonymous Symbol]                       0x000021e8   Section        0  main.o(.text.run_sound_thread)
    __arm_cp.15_0                            0x00002280   Number         4  main.o(.text.run_sound_thread)
    __arm_cp.15_1                            0x00002284   Number         4  main.o(.text.run_sound_thread)
    __arm_cp.15_3                            0x00002288   Number         4  main.o(.text.run_sound_thread)
    [Anonymous Symbol]                       0x0000228c   Section        0  main.o(.text.runningLED)
    __arm_cp.8_0                             0x00002384   Number         4  main.o(.text.runningLED)
    [Anonymous Symbol]                       0x00002388   Section        0  main.o(.text.runningLedThread)
    __arm_cp.9_0                             0x00002398   Number         4  main.o(.text.runningLedThread)
    __arm_cp.9_1                             0x0000239c   Number         4  main.o(.text.runningLedThread)
    [Anonymous Symbol]                       0x000023a0   Section        0  main.o(.text.setLEDOutput)
    [Anonymous Symbol]                       0x000023e4   Section        0  motorcontrol.o(.text.stop)
    [Anonymous Symbol]                       0x00002400   Section        0  audio.o(.text.stopSound)
    __arm_cp.4_0                             0x00002418   Number         4  audio.o(.text.stopSound)
    __arm_cp.4_1                             0x0000241c   Number         4  audio.o(.text.stopSound)
    svcRtxDelay                              0x00002421   Thumb Code    18  rtx_delay.o(.text.svcRtxDelay)
    [Anonymous Symbol]                       0x00002420   Section        0  rtx_delay.o(.text.svcRtxDelay)
    svcRtxKernelInitialize                   0x00002435   Thumb Code   320  rtx_kernel.o(.text.svcRtxKernelInitialize)
    [Anonymous Symbol]                       0x00002434   Section        0  rtx_kernel.o(.text.svcRtxKernelInitialize)
    __arm_cp.20_2                            0x00002570   Number         4  rtx_kernel.o(.text.svcRtxKernelInitialize)
    svcRtxKernelStart                        0x00002575   Thumb Code   128  rtx_kernel.o(.text.svcRtxKernelStart)
    [Anonymous Symbol]                       0x00002574   Section        0  rtx_kernel.o(.text.svcRtxKernelStart)
    __arm_cp.21_1                            0x000025e8   Number         4  rtx_kernel.o(.text.svcRtxKernelStart)
    __arm_cp.21_2                            0x000025ec   Number         4  rtx_kernel.o(.text.svcRtxKernelStart)
    __arm_cp.21_3                            0x000025f0   Number         4  rtx_kernel.o(.text.svcRtxKernelStart)
    svcRtxMessageQueueGet                    0x000025f5   Thumb Code   232  rtx_msgqueue.o(.text.svcRtxMessageQueueGet)
    [Anonymous Symbol]                       0x000025f4   Section        0  rtx_msgqueue.o(.text.svcRtxMessageQueueGet)
    __arm_cp.21_0                            0x000026d8   Number         4  rtx_msgqueue.o(.text.svcRtxMessageQueueGet)
    svcRtxMessageQueueNew                    0x000026dd   Thumb Code   484  rtx_msgqueue.o(.text.svcRtxMessageQueueNew)
    [Anonymous Symbol]                       0x000026dc   Section        0  rtx_msgqueue.o(.text.svcRtxMessageQueueNew)
    __arm_cp.14_0                            0x000028a8   Number         4  rtx_msgqueue.o(.text.svcRtxMessageQueueNew)
    __arm_cp.14_1                            0x000028ac   Number         4  rtx_msgqueue.o(.text.svcRtxMessageQueueNew)
    __arm_cp.14_2                            0x000028b0   Number         4  rtx_msgqueue.o(.text.svcRtxMessageQueueNew)
    __arm_cp.14_3                            0x000028b4   Number         4  rtx_msgqueue.o(.text.svcRtxMessageQueueNew)
    __arm_cp.14_4                            0x000028b8   Number         4  rtx_msgqueue.o(.text.svcRtxMessageQueueNew)
    __arm_cp.14_5                            0x000028bc   Number         4  rtx_msgqueue.o(.text.svcRtxMessageQueueNew)
    svcRtxMessageQueuePut                    0x000028c1   Thumb Code   184  rtx_msgqueue.o(.text.svcRtxMessageQueuePut)
    [Anonymous Symbol]                       0x000028c0   Section        0  rtx_msgqueue.o(.text.svcRtxMessageQueuePut)
    svcRtxThreadExit                         0x00002979   Thumb Code   108  rtx_thread.o(.text.svcRtxThreadExit)
    [Anonymous Symbol]                       0x00002978   Section        0  rtx_thread.o(.text.svcRtxThreadExit)
    __arm_cp.54_0                            0x000029e0   Number         4  rtx_thread.o(.text.svcRtxThreadExit)
    svcRtxThreadNew                          0x000029e5   Thumb Code   492  rtx_thread.o(.text.svcRtxThreadNew)
    [Anonymous Symbol]                       0x000029e4   Section        0  rtx_thread.o(.text.svcRtxThreadNew)
    __arm_cp.16_0                            0x00002bb8   Number         4  rtx_thread.o(.text.svcRtxThreadNew)
    __arm_cp.16_1                            0x00002bbc   Number         4  rtx_thread.o(.text.svcRtxThreadNew)
    __arm_cp.16_2                            0x00002bc0   Number         4  rtx_thread.o(.text.svcRtxThreadNew)
    __arm_cp.16_3                            0x00002bc4   Number         4  rtx_thread.o(.text.svcRtxThreadNew)
    __arm_cp.16_4                            0x00002bc8   Number         4  rtx_thread.o(.text.svcRtxThreadNew)
    __arm_cp.16_5                            0x00002bcc   Number         4  rtx_thread.o(.text.svcRtxThreadNew)
    i.__scatterload_copy                     0x00002bd0   Section       14  handlers.o(i.__scatterload_copy)
    i.__scatterload_zeroinit                 0x00002bde   Section       14  handlers.o(i.__scatterload_zeroinit)
    __tagsym$$used.0                         0x00002bec   Number         0  rtx_lib.o(.rodata)
    __tagsym$$used.1                         0x00002c54   Number         0  rtx_lib.o(.rodata)
    os_idle_thread_attr                      0x00002cfc   Data          36  rtx_lib.o(.rodata.os_idle_thread_attr)
    [Anonymous Symbol]                       0x00002cfc   Section        0  rtx_lib.o(.rodata.os_idle_thread_attr)
    os_timer_mq_attr                         0x00002d20   Data          24  rtx_lib.o(.rodata.os_timer_mq_attr)
    [Anonymous Symbol]                       0x00002d20   Section        0  rtx_lib.o(.rodata.os_timer_mq_attr)
    os_timer_thread_attr                     0x00002d38   Data          36  rtx_lib.o(.rodata.os_timer_thread_attr)
    [Anonymous Symbol]                       0x00002d38   Section        0  rtx_lib.o(.rodata.os_timer_thread_attr)
    .L.str                                   0x00002d80   Data          11  rtx_kernel.o(.rodata.str1.4)
    [Anonymous Symbol]                       0x00002d80   Section        0  rtx_kernel.o(.rodata.str1.4)
    PendST                                   0x1ffff3d0   Data           1  os_systick.o(.bss.PendST)
    [Anonymous Symbol]                       0x1ffff3d0   Section        0  os_systick.o(.bss.PendST)
    allled_stk                               0x1ffff3d8   Data         512  main.o(.bss.allled_stk)
    [Anonymous Symbol]                       0x1ffff3d8   Section        0  main.o(.bss.allled_stk)
    flashled_stk1                            0x1ffff5e0   Data         512  main.o(.bss.flashled_stk1)
    [Anonymous Symbol]                       0x1ffff5e0   Section        0  main.o(.bss.flashled_stk1)
    flashled_stk2                            0x1ffff7e0   Data         512  main.o(.bss.flashled_stk2)
    [Anonymous Symbol]                       0x1ffff7e0   Section        0  main.o(.bss.flashled_stk2)
    os_isr_queue                             0x1ffff9e0   Data          64  rtx_lib.o(.bss.os)
    [Anonymous Symbol]                       0x1ffff9e0   Section        0  rtx_lib.o(.bss.os)
    os_mem                                   0x1ffffa20   Data        4096  rtx_lib.o(.bss.os)
    os_timer_mq_cb                           0x20000a20   Data          52  rtx_lib.o(.bss.os.msgqueue.cb)
    [Anonymous Symbol]                       0x20000a20   Section        0  rtx_lib.o(.bss.os.msgqueue.cb)
    os_timer_mq_data                         0x20000a54   Data          80  rtx_lib.o(.bss.os.msgqueue.mem)
    [Anonymous Symbol]                       0x20000a54   Section        0  rtx_lib.o(.bss.os.msgqueue.mem)
    os_idle_thread_cb                        0x20000aa4   Data          68  rtx_lib.o(.bss.os.thread.cb)
    [Anonymous Symbol]                       0x20000aa4   Section        0  rtx_lib.o(.bss.os.thread.cb)
    os_timer_thread_cb                       0x20000ae8   Data          68  rtx_lib.o(.bss.os.thread.cb)
    os_idle_thread_stack                     0x20000b30   Data         256  rtx_lib.o(.bss.os.thread.stack)
    [Anonymous Symbol]                       0x20000b30   Section        0  rtx_lib.o(.bss.os.thread.stack)
    os_timer_thread_stack                    0x20000c30   Data         256  rtx_lib.o(.bss.os.thread.stack)
    runningled_stk                           0x20000d38   Data         512  main.o(.bss.runningled_stk)
    [Anonymous Symbol]                       0x20000d38   Section        0  main.o(.bss.runningled_stk)
    STACK                                    0x20000f40   Section      256  startup_mkl25z4.o(STACK)

    Global Symbols

    Symbol Name                              Value     Ov Type        Size  Object(Section)

    BuildAttributes$$THM_ISAv3M$S$PE$A:L22$X:L11$S22$IEEE1$IW$~IW$USESV6$~STKCKD$USESV7$~SHL$OTIME$ROPI$EBA8$MICROLIB$REQ8$PRES8$EABIv2 0x00000000   Number         0  anon$$obj.o ABSOLUTE
    __Vectors                                0x00000000   Data           4  startup_mkl25z4.o(RESET)
    .bss.os.evflags.cb$$Base                  - Undefined Weak Reference
    .bss.os.evflags.cb$$Limit                 - Undefined Weak Reference
    .bss.os.mempool.cb$$Base                  - Undefined Weak Reference
    .bss.os.mempool.cb$$Limit                 - Undefined Weak Reference
    .bss.os.mutex.cb$$Base                    - Undefined Weak Reference
    .bss.os.mutex.cb$$Limit                   - Undefined Weak Reference
    .bss.os.semaphore.cb$$Base                - Undefined Weak Reference
    .bss.os.semaphore.cb$$Limit               - Undefined Weak Reference
    .bss.os.timer.cb$$Base                    - Undefined Weak Reference
    .bss.os.timer.cb$$Limit                   - Undefined Weak Reference
    __cpp_initialize__aeabi_                  - Undefined Weak Reference
    __cxa_finalize                            - Undefined Weak Reference
    _clock_init                               - Undefined Weak Reference
    _microlib_exit                            - Undefined Weak Reference
    __Vectors_End                            0x000000c0   Data           0  startup_mkl25z4.o(RESET)
    __Vectors_Size                           0x000000c0   Number         0  startup_mkl25z4.o ABSOLUTE
    __main                                   0x000000c1   Thumb Code     0  entry.o(.ARM.Collect$$$$00000000)
    _main_stk                                0x000000c1   Thumb Code     0  entry2.o(.ARM.Collect$$$$00000001)
    _main_scatterload                        0x000000c5   Thumb Code     0  entry5.o(.ARM.Collect$$$$00000004)
    __main_after_scatterload                 0x000000c9   Thumb Code     0  entry5.o(.ARM.Collect$$$$00000004)
    _main_clock                              0x000000c9   Thumb Code     0  entry7b.o(.ARM.Collect$$$$00000008)
    _main_cpp_init                           0x000000c9   Thumb Code     0  entry8b.o(.ARM.Collect$$$$0000000A)
    _main_init                               0x000000c9   Thumb Code     0  entry9a.o(.ARM.Collect$$$$0000000B)
    __rt_final_cpp                           0x000000d1   Thumb Code     0  entry10a.o(.ARM.Collect$$$$0000000D)
    __rt_final_exit                          0x000000d1   Thumb Code     0  entry11a.o(.ARM.Collect$$$$0000000F)
    Reset_Handler                            0x000000d5   Thumb Code    12  startup_mkl25z4.o(.text)
    NMI_Handler                              0x000000e1   Thumb Code     2  startup_mkl25z4.o(.text)
    HardFault_Handler                        0x000000e3   Thumb Code     2  startup_mkl25z4.o(.text)
    ADC0_IRQHandler                          0x000000eb   Thumb Code     0  startup_mkl25z4.o(.text)
    CMP0_IRQHandler                          0x000000eb   Thumb Code     0  startup_mkl25z4.o(.text)
    DAC0_IRQHandler                          0x000000eb   Thumb Code     0  startup_mkl25z4.o(.text)
    DMA0_IRQHandler                          0x000000eb   Thumb Code     0  startup_mkl25z4.o(.text)
    DMA1_IRQHandler                          0x000000eb   Thumb Code     0  startup_mkl25z4.o(.text)
    DMA2_IRQHandler                          0x000000eb   Thumb Code     0  startup_mkl25z4.o(.text)
    DMA3_IRQHandler                          0x000000eb   Thumb Code     0  startup_mkl25z4.o(.text)
    DefaultISR                               0x000000eb   Thumb Code     0  startup_mkl25z4.o(.text)
    FTFA_IRQHandler                          0x000000eb   Thumb Code     0  startup_mkl25z4.o(.text)
    I2C0_IRQHandler                          0x000000eb   Thumb Code     0  startup_mkl25z4.o(.text)
    I2C1_IRQHandler                          0x000000eb   Thumb Code     0  startup_mkl25z4.o(.text)
    LLWU_IRQHandler                          0x000000eb   Thumb Code     0  startup_mkl25z4.o(.text)
    LPTMR0_IRQHandler                        0x000000eb   Thumb Code     0  startup_mkl25z4.o(.text)
    LVD_LVW_IRQHandler                       0x000000eb   Thumb Code     0  startup_mkl25z4.o(.text)
    MCG_IRQHandler                           0x000000eb   Thumb Code     0  startup_mkl25z4.o(.text)
    PIT_IRQHandler                           0x000000eb   Thumb Code     0  startup_mkl25z4.o(.text)
    PORTA_IRQHandler                         0x000000eb   Thumb Code     0  startup_mkl25z4.o(.text)
    PORTD_IRQHandler                         0x000000eb   Thumb Code     0  startup_mkl25z4.o(.text)
    RTC_IRQHandler                           0x000000eb   Thumb Code     0  startup_mkl25z4.o(.text)
    RTC_Seconds_IRQHandler                   0x000000eb   Thumb Code     0  startup_mkl25z4.o(.text)
    Reserved20_IRQHandler                    0x000000eb   Thumb Code     0  startup_mkl25z4.o(.text)
    Reserved39_IRQHandler                    0x000000eb   Thumb Code     0  startup_mkl25z4.o(.text)
    Reserved45_IRQHandler                    0x000000eb   Thumb Code     0  startup_mkl25z4.o(.text)
    SPI0_IRQHandler                          0x000000eb   Thumb Code     0  startup_mkl25z4.o(.text)
    SPI1_IRQHandler                          0x000000eb   Thumb Code     0  startup_mkl25z4.o(.text)
    TPM0_IRQHandler                          0x000000eb   Thumb Code     0  startup_mkl25z4.o(.text)
    TPM1_IRQHandler                          0x000000eb   Thumb Code     0  startup_mkl25z4.o(.text)
    TPM2_IRQHandler                          0x000000eb   Thumb Code     0  startup_mkl25z4.o(.text)
    TSI0_IRQHandler                          0x000000eb   Thumb Code     0  startup_mkl25z4.o(.text)
    UART0_IRQHandler                         0x000000eb   Thumb Code     0  startup_mkl25z4.o(.text)
    UART1_IRQHandler                         0x000000eb   Thumb Code     0  startup_mkl25z4.o(.text)
    USB0_IRQHandler                          0x000000eb   Thumb Code     0  startup_mkl25z4.o(.text)
    SVC_Handler                              0x000000fd   Thumb Code   132  irq_cm0.o(.text)
    PendSV_Handler                           0x00000181   Thumb Code    12  irq_cm0.o(.text)
    SysTick_Handler                          0x0000018d   Thumb Code    12  irq_cm0.o(.text)
    __aeabi_memcpy                           0x000001a1   Thumb Code    36  memcpya.o(.text)
    __aeabi_memcpy4                          0x000001a1   Thumb Code     0  memcpya.o(.text)
    __aeabi_memcpy8                          0x000001a1   Thumb Code     0  memcpya.o(.text)
    __aeabi_memset                           0x000001c5   Thumb Code    14  memseta.o(.text)
    __aeabi_memset4                          0x000001c5   Thumb Code     0  memseta.o(.text)
    __aeabi_memset8                          0x000001c5   Thumb Code     0  memseta.o(.text)
    __aeabi_memclr                           0x000001d3   Thumb Code     4  memseta.o(.text)
    __aeabi_memclr4                          0x000001d3   Thumb Code     0  memseta.o(.text)
    __aeabi_memclr8                          0x000001d3   Thumb Code     0  memseta.o(.text)
    _memset$wrapper                          0x000001d7   Thumb Code    18  memseta.o(.text)
    __aeabi_fmul                             0x000001e9   Thumb Code   122  fmul.o(.text)
    __aeabi_fdiv                             0x00000263   Thumb Code   124  fdiv.o(.text)
    __aeabi_i2f                              0x000002df   Thumb Code    22  fflti.o(.text)
    __aeabi_f2iz                             0x000002f5   Thumb Code    50  ffixi.o(.text)
    __aeabi_uidiv                            0x00000327   Thumb Code     0  uidiv_div0.o(.text)
    __aeabi_uidivmod                         0x00000327   Thumb Code    62  uidiv_div0.o(.text)
    __aeabi_idiv                             0x00000365   Thumb Code     0  idiv_div0.o(.text)
    __aeabi_idivmod$div0                     0x00000365   Thumb Code    74  idiv_div0.o(.text)
    __I$use$fp                               0x000003b5   Thumb Code     0  iusefp.o(.text)
    __scatterload                            0x000003b5   Thumb Code    28  init.o(.text)
    __scatterload_rt2                        0x000003b5   Thumb Code     0  init.o(.text)
    OS_Tick_GetIRQn                          0x000003f7   Thumb Code     6  os_systick.o(.text.OS_Tick_GetIRQn)
    osRtxKernelPreInit                       0x000003fd   Thumb Code     2  rtx_kernel.o(.text.osRtxKernelPreInit)
    __scatterload_null                       0x000003ff   Thumb Code     2  handlers.o(i.__scatterload_null)
    _float_round                             0x00000411   Thumb Code    16  fepilogue.o(.text)
    _float_epilogue                          0x00000421   Thumb Code   114  fepilogue.o(.text)
    __decompress                             0x00000493   Thumb Code     0  __dczerorl2.o(.text)
    __decompress1                            0x00000493   Thumb Code    86  __dczerorl2.o(.text)
    OS_Tick_AcknowledgeIRQ                   0x00000599   Thumb Code     8  os_systick.o(.text.OS_Tick_AcknowledgeIRQ)
    OS_Tick_Enable                           0x000005a1   Thumb Code    36  os_systick.o(.text.OS_Tick_Enable)
    OS_Tick_Setup                            0x000005c5   Thumb Code    72  os_systick.o(.text.OS_Tick_Setup)
    SystemCoreClockUpdate                    0x0000060d   Thumb Code   508  system_mkl25z4.o(.text.SystemCoreClockUpdate)
    SystemInit                               0x0000081d   Thumb Code   256  system_mkl25z4.o(.text.SystemInit)
    UART2_IRQHandler                         0x00000a09   Thumb Code    32  main.o(.text.UART2_IRQHandler)
    backward                                 0x00000b35   Thumb Code    32  motorcontrol.o(.text.backward)
    control                                  0x00000b59   Thumb Code   384  main.o(.text.control)
    duty_cycle_calc                          0x00000ce5   Thumb Code    36  audio.o(.text.duty_cycle_calc)
    end_sound_thread                         0x00000d09   Thumb Code    28  main.o(.text.end_sound_thread)
    flashLEDFast                             0x00000d29   Thumb Code   328  main.o(.text.flashLEDFast)
    flashLEDSlow                             0x00000e75   Thumb Code   332  main.o(.text.flashLEDSlow)
    flashLedMovingThread                     0x00000fc5   Thumb Code    16  main.o(.text.flashLedMovingThread)
    flashLedStationaryThread                 0x00000fdd   Thumb Code    16  main.o(.text.flashLedStationaryThread)
    forward                                  0x00000ff5   Thumb Code    28  motorcontrol.o(.text.forward)
    freq_calc                                0x00001015   Thumb Code    20  audio.o(.text.freq_calc)
    initAudio                                0x0000102d   Thumb Code   108  audio.o(.text.initAudio)
    initBackLED                              0x000010a5   Thumb Code   260  main.o(.text.initBackLED)
    initFrontLED                             0x000011b5   Thumb Code   268  main.o(.text.initFrontLED)
    initLED                                  0x000012d9   Thumb Code    84  main.o(.text.initLED)
    initMotor                                0x0000132d   Thumb Code   228  motorcontrol.o(.text.initMotor)
    initUART2                                0x00001455   Thumb Code   156  serial.o(.text.initUART2)
    left                                     0x0000151d   Thumb Code    28  motorcontrol.o(.text.left)
    leftBackward                             0x00001539   Thumb Code    28  motorcontrol.o(.text.leftBackward)
    leftForward                              0x00001555   Thumb Code    28  motorcontrol.o(.text.leftForward)
    leftMotorMove                            0x00001579   Thumb Code    68  motorcontrol.o(.text.leftMotorMove)
    lightAllLED                              0x000015c5   Thumb Code    76  main.o(.text.lightAllLED)
    lightAllLedThread                        0x00001615   Thumb Code    16  main.o(.text.lightAllLedThread)
    main                                     0x0000162d   Thumb Code    84  main.o(.text.main)
    offAllLED                                0x00001691   Thumb Code    62  main.o(.text.offAllLED)
    osDelay                                  0x000016d1   Thumb Code    40  rtx_delay.o(.text.osDelay)
    osKernelInitialize                       0x000016f9   Thumb Code    40  rtx_kernel.o(.text.osKernelInitialize)
    osKernelStart                            0x00001721   Thumb Code    36  rtx_kernel.o(.text.osKernelStart)
    osMessageQueueGet                        0x00001745   Thumb Code   116  rtx_msgqueue.o(.text.osMessageQueueGet)
    osMessageQueueNew                        0x000017b9   Thumb Code    36  rtx_msgqueue.o(.text.osMessageQueueNew)
    osMessageQueuePut                        0x000017dd   Thumb Code   120  rtx_msgqueue.o(.text.osMessageQueuePut)
    osRtxErrorNotify                         0x00001855   Thumb Code    64  rtx_config.o(.text.osRtxErrorNotify)
    osRtxIdleThread                          0x00001895   Thumb Code     8  rtx_config.o(.text.osRtxIdleThread)
    osRtxMemoryAlloc                         0x0000189d   Thumb Code   124  rtx_memory.o(.text.osRtxMemoryAlloc)
    osRtxMemoryFree                          0x00001919   Thumb Code    78  rtx_memory.o(.text.osRtxMemoryFree)
    osRtxMemoryInit                          0x00001967   Thumb Code    50  rtx_memory.o(.text.osRtxMemoryInit)
    osRtxMemoryPoolAlloc                     0x00001999   Thumb Code    46  rtx_mempool.o(.text.osRtxMemoryPoolAlloc)
    osRtxMemoryPoolFree                      0x000019c7   Thumb Code    58  rtx_mempool.o(.text.osRtxMemoryPoolFree)
    osRtxMemoryPoolInit                      0x00001a01   Thumb Code    62  rtx_mempool.o(.text.osRtxMemoryPoolInit)
    osRtxMutexOwnerRelease                   0x00001afb   Thumb Code    68  rtx_mutex.o(.text.osRtxMutexOwnerRelease)
    osRtxPendSV_Handler                      0x00001b41   Thumb Code   124  rtx_system.o(.text.osRtxPendSV_Handler)
    osRtxPostProcess                         0x00001bbd   Thumb Code   104  rtx_system.o(.text.osRtxPostProcess)
    osRtxThreadDelayTick                     0x00001d15   Thumb Code    52  rtx_thread.o(.text.osRtxThreadDelayTick)
    osRtxThreadDispatch                      0x00001d49   Thumb Code    76  rtx_thread.o(.text.osRtxThreadDispatch)
    osRtxThreadListGet                       0x00001de5   Thumb Code    20  rtx_thread.o(.text.osRtxThreadListGet)
    osRtxThreadListPut                       0x00001df9   Thumb Code    44  rtx_thread.o(.text.osRtxThreadListPut)
    osRtxThreadListRemove                    0x00001e25   Thumb Code    24  rtx_thread.o(.text.osRtxThreadListRemove)
    osRtxThreadReadyPut                      0x00001e65   Thumb Code    20  rtx_thread.o(.text.osRtxThreadReadyPut)
    osRtxThreadRegPtr                        0x00001e79   Thumb Code     6  rtx_thread.o(.text.osRtxThreadRegPtr)
    osRtxThreadStackCheck                    0x00001e81   Thumb Code    40  rtx_thread.o(.text.osRtxThreadStackCheck)
    osRtxThreadStartup                       0x00001ea9   Thumb Code    56  rtx_thread.o(.text.osRtxThreadStartup)
    osRtxThreadSwitch                        0x00001ee1   Thumb Code    20  rtx_thread.o(.text.osRtxThreadSwitch)
    osRtxThreadWaitEnter                     0x00001ef5   Thumb Code    60  rtx_thread.o(.text.osRtxThreadWaitEnter)
    osRtxThreadWaitExit                      0x00001f31   Thumb Code    34  rtx_thread.o(.text.osRtxThreadWaitExit)
    osRtxTick_Handler                        0x00001f55   Thumb Code   112  rtx_system.o(.text.osRtxTick_Handler)
    osRtxTimerThread                         0x00001fc5   Thumb Code    60  rtx_timer.o(.text.osRtxTimerThread)
    osThreadExit                             0x00002061   Thumb Code    12  rtx_thread.o(.text.osThreadExit)
    osThreadNew                              0x0000206d   Thumb Code    36  rtx_thread.o(.text.osThreadNew)
    playEndAudio                             0x00002091   Thumb Code   140  audio.o(.text.playEndAudio)
    pwm_cal                                  0x00002121   Thumb Code    28  motorcontrol.o(.text.pwm_cal)
    right                                    0x00002141   Thumb Code    28  motorcontrol.o(.text.right)
    rightBackward                            0x0000215d   Thumb Code    28  motorcontrol.o(.text.rightBackward)
    rightForward                             0x00002179   Thumb Code    28  motorcontrol.o(.text.rightForward)
    rightMotorMove                           0x0000219d   Thumb Code    68  motorcontrol.o(.text.rightMotorMove)
    run_sound_thread                         0x000021e9   Thumb Code   152  main.o(.text.run_sound_thread)
    runningLED                               0x0000228d   Thumb Code   248  main.o(.text.runningLED)
    runningLedThread                         0x00002389   Thumb Code    16  main.o(.text.runningLedThread)
    setLEDOutput                             0x000023a1   Thumb Code    68  main.o(.text.setLEDOutput)
    stop                                     0x000023e5   Thumb Code    28  motorcontrol.o(.text.stop)
    stopSound                                0x00002401   Thumb Code    24  audio.o(.text.stopSound)
    __scatterload_copy                       0x00002bd1   Thumb Code    14  handlers.o(i.__scatterload_copy)
    __scatterload_zeroinit                   0x00002bdf   Thumb Code    14  handlers.o(i.__scatterload_zeroinit)
    osRtxConfig                              0x00002bec   Data         104  rtx_lib.o(.rodata)
    os_cb_sections                           0x00002c54   Data          56  rtx_lib.o(.rodata)
    allled_attr                              0x00002c8c   Data          36  main.o(.rodata.allled_attr)
    flashled_attr1                           0x00002cb0   Data          36  main.o(.rodata.flashled_attr1)
    flashled_attr2                           0x00002cd4   Data          36  main.o(.rodata.flashled_attr2)
    osRtxUserSVC                             0x00002cf8   Data           4  rtx_lib.o(.rodata.osRtxUserSVC)
    runningled_attr                          0x00002d5c   Data          36  main.o(.rodata.runningled_attr)
    threadAttr                               0x00002d8c   Data          36  main.o(.rodata.threadAttr)
    Region$$Table$$Base                      0x00002db0   Number         0  anon$$obj.o(Region$$Table)
    Region$$Table$$Limit                     0x00002dd0   Number         0  anon$$obj.o(Region$$Table)
    SystemCoreClock                          0x1ffff000   Data           4  system_mkl25z4.o(.data.SystemCoreClock)
    end_song                                 0x1ffff004   Data         104  audio.o(.data.end_song)
    osRtxInfo                                0x1ffff06c   Data         164  rtx_kernel.o(.data.os)
    run_song                                 0x1ffff110   Data         704  main.o(.data.run_song)
    endSound                                 0x1ffff5d8   Data           1  main.o(.bss.endSound)
    .bss.os.msgqueue.cb$$Base                0x20000a20   Number         0  rtx_lib.o(.bss.os.msgqueue.cb)
    .bss.os.msgqueue.cb$$Limit               0x20000a54   Number         0  rtx_lib.o(.bss.os.msgqueue.cb)
    .bss.os.thread.cb$$Base                  0x20000aa4   Number         0  rtx_lib.o(.bss.os.thread.cb)
    .bss.os.thread.cb$$Limit                 0x20000b2c   Number         0  rtx_lib.o(.bss.os.thread.cb)
    runSound                                 0x20000d30   Data           1  main.o(.bss.runSound)
    running                                  0x20000d31   Data           1  main.o(.bss.running)
    rx_data                                  0x20000f38   Data           1  main.o(.bss.rx_data)
    station                                  0x20000f39   Data           1  main.o(.bss.station)
    __initial_sp                             0x20001040   Data           0  startup_mkl25z4.o(STACK)



==============================================================================

Memory Map of the image

  Image Entry point : 0x000000d5

  Load Region LR_1 (Base: 0x00000000, Size: 0x000031a0, Max: 0xffffffff, ABSOLUTE, COMPRESSED[0x00002e98])

    Execution Region ER_RO (Exec base: 0x00000000, Load base: 0x00000000, Size: 0x00002dd0, Max: 0xffffffff, ABSOLUTE)

    Exec Addr    Load Addr    Size         Type   Attr      Idx    E Section Name        Object

    0x00000000   0x00000000   0x000000c0   Data   RO          163    RESET               startup_mkl25z4.o
    0x000000c0   0x000000c0   0x00000000   Code   RO          649  * .ARM.Collect$$$$00000000  mc_p.l(entry.o)
    0x000000c0   0x000000c0   0x00000004   Code   RO          672    .ARM.Collect$$$$00000001  mc_p.l(entry2.o)
    0x000000c4   0x000000c4   0x00000004   Code   RO          675    .ARM.Collect$$$$00000004  mc_p.l(entry5.o)
    0x000000c8   0x000000c8   0x00000000   Code   RO          677    .ARM.Collect$$$$00000008  mc_p.l(entry7b.o)
    0x000000c8   0x000000c8   0x00000000   Code   RO          679    .ARM.Collect$$$$0000000A  mc_p.l(entry8b.o)
    0x000000c8   0x000000c8   0x00000008   Code   RO          680    .ARM.Collect$$$$0000000B  mc_p.l(entry9a.o)
    0x000000d0   0x000000d0   0x00000000   Code   RO          682    .ARM.Collect$$$$0000000D  mc_p.l(entry10a.o)
    0x000000d0   0x000000d0   0x00000000   Code   RO          684    .ARM.Collect$$$$0000000F  mc_p.l(entry11a.o)
    0x000000d0   0x000000d0   0x00000004   Code   RO          673    .ARM.Collect$$$$00002712  mc_p.l(entry2.o)
    0x000000d4   0x000000d4   0x00000028   Code   RO          165  * .text               startup_mkl25z4.o
    0x000000fc   0x000000fc   0x000000a4   Code   RO          401    .text               RTX_CM0.lib(irq_cm0.o)
    0x000001a0   0x000001a0   0x00000024   Code   RO          658    .text               mc_p.l(memcpya.o)
    0x000001c4   0x000001c4   0x00000024   Code   RO          660    .text               mc_p.l(memseta.o)
    0x000001e8   0x000001e8   0x0000007a   Code   RO          664    .text               mf_p.l(fmul.o)
    0x00000262   0x00000262   0x0000007c   Code   RO          666    .text               mf_p.l(fdiv.o)
    0x000002de   0x000002de   0x00000016   Code   RO          668    .text               mf_p.l(fflti.o)
    0x000002f4   0x000002f4   0x00000032   Code   RO          670    .text               mf_p.l(ffixi.o)
    0x00000326   0x00000326   0x0000003e   Code   RO          688    .text               mc_p.l(uidiv_div0.o)
    0x00000364   0x00000364   0x00000050   Code   RO          690    .text               mc_p.l(idiv_div0.o)
    0x000003b4   0x000003b4   0x00000000   Code   RO          694    .text               mc_p.l(iusefp.o)
    0x000003b4   0x000003b4   0x00000024   Code   RO          697    .text               mc_p.l(init.o)
    0x000003d8   0x000003d8   0x0000001e   Code   RO          625    .text.MessageQueueRemove  RTX_CM0.lib(rtx_msgqueue.o)
    0x000003f6   0x000003f6   0x00000006   Code   RO          573    .text.OS_Tick_GetIRQn  RTX_CM0.lib(os_systick.o)
    0x000003fc   0x000003fc   0x00000002   Code   RO          186    .text.osRtxKernelPreInit  RTX_CM0.lib(rtx_kernel.o)
    0x000003fe   0x000003fe   0x00000002   Code   RO          702    i.__scatterload_null  mc_p.l(handlers.o)
    0x00000400   0x00000400   0x00000010   Code   RO          164    .ARM.__at_0x400     startup_mkl25z4.o
    0x00000410   0x00000410   0x00000082   Code   RO          695    .text               mf_p.l(fepilogue.o)
    0x00000492   0x00000492   0x00000056   Code   RO          707    .text               mc_p.l(__dczerorl2.o)
    0x000004e8   0x000004e8   0x0000004c   Code   RO          633    .text.MessageQueueGet  RTX_CM0.lib(rtx_msgqueue.o)
    0x00000534   0x00000534   0x00000062   Code   RO          627    .text.MessageQueuePut  RTX_CM0.lib(rtx_msgqueue.o)
    0x00000596   0x00000596   0x00000002   PAD
    0x00000598   0x00000598   0x00000008   Code   RO          571    .text.OS_Tick_AcknowledgeIRQ  RTX_CM0.lib(os_systick.o)
    0x000005a0   0x000005a0   0x00000024   Code   RO          567    .text.OS_Tick_Enable  RTX_CM0.lib(os_systick.o)
    0x000005c4   0x000005c4   0x00000048   Code   RO          565    .text.OS_Tick_Setup  RTX_CM0.lib(os_systick.o)
    0x0000060c   0x0000060c   0x00000210   Code   RO          176    .text.SystemCoreClockUpdate  system_mkl25z4.o
    0x0000081c   0x0000081c   0x00000150   Code   RO          174    .text.SystemInit    system_mkl25z4.o
    0x0000096c   0x0000096c   0x0000004e   Code   RO          331    .text.ThreadFlagsCheck  RTX_CM0.lib(rtx_thread.o)
    0x000009ba   0x000009ba   0x00000002   PAD
    0x000009bc   0x000009bc   0x0000004c   Code   RO          422    .text.TimerInsert   RTX_CM0.lib(rtx_timer.o)
    0x00000a08   0x00000a08   0x00000028   Code   RO           28    .text.UART2_IRQHandler  main.o
    0x00000a30   0x00000a30   0x00000028   Code   RO           30    .text.__NVIC_ClearPendingIRQ  main.o
    0x00000a58   0x00000a58   0x0000002c   Code   RO          104    .text.__NVIC_ClearPendingIRQ  serial.o
    0x00000a84   0x00000a84   0x0000002c   Code   RO          106    .text.__NVIC_EnableIRQ  serial.o
    0x00000ab0   0x00000ab0   0x00000084   Code   RO          102    .text.__NVIC_SetPriority  serial.o
    0x00000b34   0x00000b34   0x00000024   Code   RO           77    .text.backward      motorcontrol.o
    0x00000b58   0x00000b58   0x0000018c   Code   RO           38    .text.control       main.o
    0x00000ce4   0x00000ce4   0x00000024   Code   RO          117    .text.duty_cycle_calc  audio.o
    0x00000d08   0x00000d08   0x00000020   Code   RO           34    .text.end_sound_thread  main.o
    0x00000d28   0x00000d28   0x0000014c   Code   RO           12    .text.flashLEDFast  main.o
    0x00000e74   0x00000e74   0x00000150   Code   RO           14    .text.flashLEDSlow  main.o
    0x00000fc4   0x00000fc4   0x00000018   Code   RO           24    .text.flashLedMovingThread  main.o
    0x00000fdc   0x00000fdc   0x00000018   Code   RO           22    .text.flashLedStationaryThread  main.o
    0x00000ff4   0x00000ff4   0x00000020   Code   RO           75    .text.forward       motorcontrol.o
    0x00001014   0x00001014   0x00000018   Code   RO          115    .text.freq_calc     audio.o
    0x0000102c   0x0000102c   0x00000078   Code   RO          119    .text.initAudio     audio.o
    0x000010a4   0x000010a4   0x00000110   Code   RO            8    .text.initBackLED   main.o
    0x000011b4   0x000011b4   0x00000124   Code   RO            6    .text.initFrontLED  main.o
    0x000012d8   0x000012d8   0x00000054   Code   RO            2    .text.initLED       main.o
    0x0000132c   0x0000132c   0x00000128   Code   RO           69    .text.initMotor     motorcontrol.o
    0x00001454   0x00001454   0x000000c8   Code   RO          100    .text.initUART2     serial.o
    0x0000151c   0x0000151c   0x0000001c   Code   RO           79    .text.left          motorcontrol.o
    0x00001538   0x00001538   0x0000001c   Code   RO           91    .text.leftBackward  motorcontrol.o
    0x00001554   0x00001554   0x00000024   Code   RO           89    .text.leftForward   motorcontrol.o
    0x00001578   0x00001578   0x0000004c   Code   RO           73    .text.leftMotorMove  motorcontrol.o
    0x000015c4   0x000015c4   0x00000050   Code   RO           16    .text.lightAllLED   main.o
    0x00001614   0x00001614   0x00000018   Code   RO           26    .text.lightAllLedThread  main.o
    0x0000162c   0x0000162c   0x00000064   Code   RO           40    .text.main          main.o
    0x00001690   0x00001690   0x0000003e   Code   RO           10    .text.offAllLED     main.o
    0x000016ce   0x000016ce   0x00000002   PAD
    0x000016d0   0x000016d0   0x00000028   Code   RO          384    .text.osDelay       RTX_CM0.lib(rtx_delay.o)
    0x000016f8   0x000016f8   0x00000028   Code   RO          188    .text.osKernelInitialize  RTX_CM0.lib(rtx_kernel.o)
    0x00001720   0x00001720   0x00000024   Code   RO          198    .text.osKernelStart  RTX_CM0.lib(rtx_kernel.o)
    0x00001744   0x00001744   0x00000074   Code   RO          599    .text.osMessageQueueGet  RTX_CM0.lib(rtx_msgqueue.o)
    0x000017b8   0x000017b8   0x00000024   Code   RO          593    .text.osMessageQueueNew  RTX_CM0.lib(rtx_msgqueue.o)
    0x000017dc   0x000017dc   0x00000078   Code   RO          597    .text.osMessageQueuePut  RTX_CM0.lib(rtx_msgqueue.o)
    0x00001854   0x00001854   0x00000040   Code   RO          153    .text.osRtxErrorNotify  rtx_config.o
    0x00001894   0x00001894   0x00000008   Code   RO          151    .text.osRtxIdleThread  rtx_config.o
    0x0000189c   0x0000189c   0x0000007c   Code   RO          484    .text.osRtxMemoryAlloc  RTX_CM0.lib(rtx_memory.o)
    0x00001918   0x00001918   0x0000004e   Code   RO          486    .text.osRtxMemoryFree  RTX_CM0.lib(rtx_memory.o)
    0x00001966   0x00001966   0x00000032   Code   RO          482    .text.osRtxMemoryInit  RTX_CM0.lib(rtx_memory.o)
    0x00001998   0x00001998   0x0000002e   Code   RO          499    .text.osRtxMemoryPoolAlloc  RTX_CM0.lib(rtx_mempool.o)
    0x000019c6   0x000019c6   0x0000003a   Code   RO          501    .text.osRtxMemoryPoolFree  RTX_CM0.lib(rtx_mempool.o)
    0x00001a00   0x00001a00   0x0000003e   Code   RO          497    .text.osRtxMemoryPoolInit  RTX_CM0.lib(rtx_mempool.o)
    0x00001a3e   0x00001a3e   0x000000bc   Code   RO          623    .text.osRtxMessageQueuePostProcess  RTX_CM0.lib(rtx_msgqueue.o)
    0x00001afa   0x00001afa   0x00000044   Code   RO          447    .text.osRtxMutexOwnerRelease  RTX_CM0.lib(rtx_mutex.o)
    0x00001b3e   0x00001b3e   0x00000002   PAD
    0x00001b40   0x00001b40   0x0000007c   Code   RO          552    .text.osRtxPendSV_Handler  RTX_CM0.lib(rtx_system.o)
    0x00001bbc   0x00001bbc   0x00000068   Code   RO          554    .text.osRtxPostProcess  RTX_CM0.lib(rtx_system.o)
    0x00001c24   0x00001c24   0x00000034   Code   RO          271    .text.osRtxThreadBlock  RTX_CM0.lib(rtx_thread.o)
    0x00001c58   0x00001c58   0x0000007c   Code   RO          279    .text.osRtxThreadDelayInsert  RTX_CM0.lib(rtx_thread.o)
    0x00001cd4   0x00001cd4   0x00000040   Code   RO          275    .text.osRtxThreadDelayRemove  RTX_CM0.lib(rtx_thread.o)
    0x00001d14   0x00001d14   0x00000034   Code   RO          261    .text.osRtxThreadDelayTick  RTX_CM0.lib(rtx_thread.o)
    0x00001d48   0x00001d48   0x0000004c   Code   RO          269    .text.osRtxThreadDispatch  RTX_CM0.lib(rtx_thread.o)
    0x00001d94   0x00001d94   0x00000050   Code   RO          355    .text.osRtxThreadFree  RTX_CM0.lib(rtx_thread.o)
    0x00001de4   0x00001de4   0x00000014   Code   RO          253    .text.osRtxThreadListGet  RTX_CM0.lib(rtx_thread.o)
    0x00001df8   0x00001df8   0x0000002c   Code   RO          251    .text.osRtxThreadListPut  RTX_CM0.lib(rtx_thread.o)
    0x00001e24   0x00001e24   0x00000018   Code   RO          257    .text.osRtxThreadListRemove  RTX_CM0.lib(rtx_thread.o)
    0x00001e3c   0x00001e3c   0x00000026   Code   RO          329    .text.osRtxThreadPostProcess  RTX_CM0.lib(rtx_thread.o)
    0x00001e62   0x00001e62   0x00000002   PAD
    0x00001e64   0x00001e64   0x00000014   Code   RO          259    .text.osRtxThreadReadyPut  RTX_CM0.lib(rtx_thread.o)
    0x00001e78   0x00001e78   0x00000006   Code   RO          263    .text.osRtxThreadRegPtr  RTX_CM0.lib(rtx_thread.o)
    0x00001e7e   0x00001e7e   0x00000002   PAD
    0x00001e80   0x00001e80   0x00000028   Code   RO          267    .text.osRtxThreadStackCheck  RTX_CM0.lib(rtx_thread.o)
    0x00001ea8   0x00001ea8   0x00000038   Code   RO          281    .text.osRtxThreadStartup  RTX_CM0.lib(rtx_thread.o)
    0x00001ee0   0x00001ee0   0x00000014   Code   RO          265    .text.osRtxThreadSwitch  RTX_CM0.lib(rtx_thread.o)
    0x00001ef4   0x00001ef4   0x0000003c   Code   RO          277    .text.osRtxThreadWaitEnter  RTX_CM0.lib(rtx_thread.o)
    0x00001f30   0x00001f30   0x00000022   Code   RO          273    .text.osRtxThreadWaitExit  RTX_CM0.lib(rtx_thread.o)
    0x00001f52   0x00001f52   0x00000002   PAD
    0x00001f54   0x00001f54   0x00000070   Code   RO          550    .text.osRtxTick_Handler  RTX_CM0.lib(rtx_system.o)
    0x00001fc4   0x00001fc4   0x0000003c   Code   RO          406    .text.osRtxTimerThread  RTX_CM0.lib(rtx_timer.o)
    0x00002000   0x00002000   0x00000060   Code   RO          408    .text.osRtxTimerTick  RTX_CM0.lib(rtx_timer.o)
    0x00002060   0x00002060   0x0000000c   Code   RO          313    .text.osThreadExit  RTX_CM0.lib(rtx_thread.o)
    0x0000206c   0x0000206c   0x00000024   Code   RO          285    .text.osThreadNew   RTX_CM0.lib(rtx_thread.o)
    0x00002090   0x00002090   0x00000090   Code   RO          121    .text.playEndAudio  audio.o
    0x00002120   0x00002120   0x00000020   Code   RO           67    .text.pwm_cal       motorcontrol.o
    0x00002140   0x00002140   0x0000001c   Code   RO           81    .text.right         motorcontrol.o
    0x0000215c   0x0000215c   0x0000001c   Code   RO           87    .text.rightBackward  motorcontrol.o
    0x00002178   0x00002178   0x00000024   Code   RO           85    .text.rightForward  motorcontrol.o
    0x0000219c   0x0000219c   0x0000004c   Code   RO           71    .text.rightMotorMove  motorcontrol.o
    0x000021e8   0x000021e8   0x000000a4   Code   RO           32    .text.run_sound_thread  main.o
    0x0000228c   0x0000228c   0x000000fc   Code   RO           18    .text.runningLED    main.o
    0x00002388   0x00002388   0x00000018   Code   RO           20    .text.runningLedThread  main.o
    0x000023a0   0x000023a0   0x00000044   Code   RO            4    .text.setLEDOutput  main.o
    0x000023e4   0x000023e4   0x0000001c   Code   RO           83    .text.stop          motorcontrol.o
    0x00002400   0x00002400   0x00000020   Code   RO          123    .text.stopSound     audio.o
    0x00002420   0x00002420   0x00000012   Code   RO          388    .text.svcRtxDelay   RTX_CM0.lib(rtx_delay.o)
    0x00002432   0x00002432   0x00000002   PAD
    0x00002434   0x00002434   0x00000140   Code   RO          226    .text.svcRtxKernelInitialize  RTX_CM0.lib(rtx_kernel.o)
    0x00002574   0x00002574   0x00000080   Code   RO          228    .text.svcRtxKernelStart  RTX_CM0.lib(rtx_kernel.o)
    0x000025f4   0x000025f4   0x000000e8   Code   RO          635    .text.svcRtxMessageQueueGet  RTX_CM0.lib(rtx_msgqueue.o)
    0x000026dc   0x000026dc   0x000001e4   Code   RO          621    .text.svcRtxMessageQueueNew  RTX_CM0.lib(rtx_msgqueue.o)
    0x000028c0   0x000028c0   0x000000b8   Code   RO          631    .text.svcRtxMessageQueuePut  RTX_CM0.lib(rtx_msgqueue.o)
    0x00002978   0x00002978   0x0000006c   Code   RO          359    .text.svcRtxThreadExit  RTX_CM0.lib(rtx_thread.o)
    0x000029e4   0x000029e4   0x000001ec   Code   RO          283    .text.svcRtxThreadNew  RTX_CM0.lib(rtx_thread.o)
    0x00002bd0   0x00002bd0   0x0000000e   Code   RO          701    i.__scatterload_copy  mc_p.l(handlers.o)
    0x00002bde   0x00002bde   0x0000000e   Code   RO          703    i.__scatterload_zeroinit  mc_p.l(handlers.o)
    0x00002bec   0x00002bec   0x00000068   Data   RO          138    .rodata             rtx_lib.o
    0x00002c54   0x00002c54   0x00000038   Data   RO          141    .rodata             rtx_lib.o
    0x00002c8c   0x00002c8c   0x00000024   Data   RO           54    .rodata.allled_attr  main.o
    0x00002cb0   0x00002cb0   0x00000024   Data   RO           50    .rodata.flashled_attr1  main.o
    0x00002cd4   0x00002cd4   0x00000024   Data   RO           52    .rodata.flashled_attr2  main.o
    0x00002cf8   0x00002cf8   0x00000004   Data   RO          140    .rodata.osRtxUserSVC  rtx_lib.o
    0x00002cfc   0x00002cfc   0x00000024   Data   RO          135    .rodata.os_idle_thread_attr  rtx_lib.o
    0x00002d20   0x00002d20   0x00000018   Data   RO          137    .rodata.os_timer_mq_attr  rtx_lib.o
    0x00002d38   0x00002d38   0x00000024   Data   RO          136    .rodata.os_timer_thread_attr  rtx_lib.o
    0x00002d5c   0x00002d5c   0x00000024   Data   RO           48    .rodata.runningled_attr  main.o
    0x00002d80   0x00002d80   0x0000000b   Data   RO          240    .rodata.str1.4      RTX_CM0.lib(rtx_kernel.o)
    0x00002d8b   0x00002d8b   0x00000001   PAD
    0x00002d8c   0x00002d8c   0x00000024   Data   RO           55    .rodata.threadAttr  main.o
    0x00002db0   0x00002db0   0x00000020   Data   RO          700    Region$$Table       anon$$obj.o


    Execution Region ER_RW (Exec base: 0x1ffff000, Load base: 0x00002dd0, Size: 0x000003d0, Max: 0xffffffff, ABSOLUTE, COMPRESSED[0x000000c8])

    Exec Addr    Load Addr    Size         Type   Attr      Idx    E Section Name        Object

    0x1ffff000   COMPRESSED   0x00000004   Data   RW          178    .data.SystemCoreClock  system_mkl25z4.o
    0x1ffff004   COMPRESSED   0x00000068   Data   RW          125    .data.end_song      audio.o
    0x1ffff06c   COMPRESSED   0x000000a4   Data   RW          241    .data.os            RTX_CM0.lib(rtx_kernel.o)
    0x1ffff110   COMPRESSED   0x000002c0   Data   RW           56    .data.run_song      main.o


    Execution Region ER_ZI (Exec base: 0x1ffff3d0, Load base: 0x00002e98, Size: 0x00001c70, Max: 0xffffffff, ABSOLUTE)

    Exec Addr    Load Addr    Size         Type   Attr      Idx    E Section Name        Object

    0x1ffff3d0        -       0x00000001   Zero   RW          583    .bss.PendST         RTX_CM0.lib(os_systick.o)
    0x1ffff3d1   0x00002e98   0x00000007   PAD
    0x1ffff3d8        -       0x00000200   Zero   RW           53    .bss.allled_stk     main.o
    0x1ffff5d8        -       0x00000001   Zero   RW           43    .bss.endSound       main.o
    0x1ffff5d9   0x00002e98   0x00000007   PAD
    0x1ffff5e0        -       0x00000200   Zero   RW           49    .bss.flashled_stk1  main.o
    0x1ffff7e0        -       0x00000200   Zero   RW           51    .bss.flashled_stk2  main.o
    0x1ffff9e0        -       0x00001040   Zero   RW          134    .bss.os             rtx_lib.o
    0x20000a20        -       0x00000034   Zero   RW          144    .bss.os.msgqueue.cb  rtx_lib.o
    0x20000a54        -       0x00000050   Zero   RW          145    .bss.os.msgqueue.mem  rtx_lib.o
    0x20000aa4        -       0x00000088   Zero   RW          142    .bss.os.thread.cb   rtx_lib.o
    0x20000b2c   0x00002e98   0x00000004   PAD
    0x20000b30        -       0x00000200   Zero   RW          143    .bss.os.thread.stack  rtx_lib.o
    0x20000d30        -       0x00000001   Zero   RW           42    .bss.runSound       main.o
    0x20000d31        -       0x00000001   Zero   RW           45    .bss.running        main.o
    0x20000d32   0x00002e98   0x00000006   PAD
    0x20000d38        -       0x00000200   Zero   RW           47    .bss.runningled_stk  main.o
    0x20000f38        -       0x00000001   Zero   RW           57    .bss.rx_data        main.o
    0x20000f39        -       0x00000001   Zero   RW           46    .bss.station        main.o
    0x20000f3a   0x00002e98   0x00000006   PAD
    0x20000f40        -       0x00000100   Zero   RW          161    STACK               startup_mkl25z4.o


==============================================================================

Image component sizes


      Code (inc. data)   RO Data    RW Data    ZI Data      Debug   Object Name

       356         28          0        104          0       2684   audio.o
      2646        136        180        704       2053      10191   main.o
       760        112          0          0          0       3322   motorcontrol.o
        72         20          0          0          0        722   rtx_config.o
         0          0        260          0       4940       5489   rtx_lib.o
       420         60          0          0          0       3826   serial.o
        56         30        192          0        256        876   startup_mkl25z4.o
       864        100          0          4          0       3324   system_mkl25z4.o

    ----------------------------------------------------------------------
      5176        486        664        812       7272      30434   Object Totals
         0          0         32          0          0          0   (incl. Generated)
         2          0          0          0         23          0   (incl. Padding)

    ----------------------------------------------------------------------

      Code (inc. data)   RO Data    RW Data    ZI Data      Debug   Library Member Name

       164          8          0          0          0        496   irq_cm0.o
       122         16          0          0          1       2766   os_systick.o
        58          4          0          0          0       2753   rtx_delay.o
       526         24         11        164          0      16105   rtx_kernel.o
       252          0          0          0          0       2564   rtx_memory.o
       166          0          0          0          0      14282   rtx_mempool.o
      1564         40          0          0          0      17889   rtx_msgqueue.o
        68          0          0          0          0       9201   rtx_mutex.o
       340         14          0          0          0       4635   rtx_system.o
      1536         56          0          0          0      30867   rtx_thread.o
       232         20          0          0          0      10018   rtx_timer.o
        86          0          0          0          0          0   __dczerorl2.o
         0          0          0          0          0          0   entry.o
         0          0          0          0          0          0   entry10a.o
         0          0          0          0          0          0   entry11a.o
         8          4          0          0          0          0   entry2.o
         4          0          0          0          0          0   entry5.o
         0          0          0          0          0          0   entry7b.o
         0          0          0          0          0          0   entry8b.o
         8          4          0          0          0          0   entry9a.o
        30          0          0          0          0          0   handlers.o
        80          6          0          0          0         72   idiv_div0.o
        36          8          0          0          0         68   init.o
         0          0          0          0          0          0   iusefp.o
        36          0          0          0          0         60   memcpya.o
        36          0          0          0          0        100   memseta.o
        62          0          0          0          0         72   uidiv_div0.o
       124          0          0          0          0         72   fdiv.o
       130          0          0          0          0        144   fepilogue.o
        50          0          0          0          0         60   ffixi.o
        22          0          0          0          0         68   fflti.o
       122          0          0          0          0         72   fmul.o

    ----------------------------------------------------------------------
      5876        204         12        164          8     112364   Library Totals
        14          0          1          0          7          0   (incl. Padding)

    ----------------------------------------------------------------------

      Code (inc. data)   RO Data    RW Data    ZI Data      Debug   Library Name

      5028        182         11        164          1     111576   RTX_CM0.lib
       386         22          0          0          0        372   mc_p.l
       448          0          0          0          0        416   mf_p.l

    ----------------------------------------------------------------------
      5876        204         12        164          8     112364   Library Totals

    ----------------------------------------------------------------------

==============================================================================


      Code (inc. data)   RO Data    RW Data    ZI Data      Debug   

     11052        690        676        976       7280     142418   Grand Totals
     11052        690        676        200       7280     142418   ELF Image Totals (compressed)
     11052        690        676        200          0          0   ROM Totals

==============================================================================

    Total RO  Size (Code + RO Data)                11728 (  11.45kB)
    Total RW  Size (RW Data + ZI Data)              8256 (   8.06kB)
    Total ROM Size (Code + RO Data + RW Data)      11928 (  11.65kB)

==============================================================================

