Component: Arm Compiler for Embedded 6.19 Tool: armlink [5e73cb00]

==============================================================================

Section Cross References

    main.o(.text.runningLedThread) refers to rtx_thread.o(.text.osThreadNew) for osThreadNew
    main.o(.text.runningLedThread) refers to led.o(.text.runningLED) for runningLED
    main.o(.text.runningLedThread) refers to main.o(.rodata.runningled_attr) for runningled_attr
    main.o(.ARM.exidx.text.runningLedThread) refers to main.o(.text.runningLedThread) for [Anonymous Symbol]
    main.o(.text.flashLedStationaryThread) refers to rtx_thread.o(.text.osThreadNew) for osThreadNew
    main.o(.text.flashLedStationaryThread) refers to led.o(.text.flashLEDFast) for flashLEDFast
    main.o(.text.flashLedStationaryThread) refers to main.o(.rodata.flashled_attr1) for flashled_attr1
    main.o(.ARM.exidx.text.flashLedStationaryThread) refers to main.o(.text.flashLedStationaryThread) for [Anonymous Symbol]
    main.o(.text.flashLedMovingThread) refers to rtx_thread.o(.text.osThreadNew) for osThreadNew
    main.o(.text.flashLedMovingThread) refers to led.o(.text.flashLEDSlow) for flashLEDSlow
    main.o(.text.flashLedMovingThread) refers to main.o(.rodata.flashled_attr2) for flashled_attr2
    main.o(.ARM.exidx.text.flashLedMovingThread) refers to main.o(.text.flashLedMovingThread) for [Anonymous Symbol]
    main.o(.text.lightAllLedThread) refers to rtx_thread.o(.text.osThreadNew) for osThreadNew
    main.o(.text.lightAllLedThread) refers to led.o(.text.lightAllLED) for lightAllLED
    main.o(.text.lightAllLedThread) refers to main.o(.rodata.allled_attr) for allled_attr
    main.o(.ARM.exidx.text.lightAllLedThread) refers to main.o(.text.lightAllLedThread) for [Anonymous Symbol]
    main.o(.text.UART2_IRQHandler) refers to main.o(.text.__NVIC_ClearPendingIRQ) for __NVIC_ClearPendingIRQ
    main.o(.text.UART2_IRQHandler) refers to main.o(.bss.rx_data) for rx_data
    main.o(.ARM.exidx.text.UART2_IRQHandler) refers to main.o(.text.UART2_IRQHandler) for [Anonymous Symbol]
    main.o(.ARM.exidx.text.__NVIC_ClearPendingIRQ) refers to main.o(.text.__NVIC_ClearPendingIRQ) for [Anonymous Symbol]
    main.o(.text.run_sound_thread) refers to rtx_evflags.o(.text.osEventFlagsWait) for osEventFlagsWait
    main.o(.text.run_sound_thread) refers to idiv_div0.o(.text) for __aeabi_idiv
    main.o(.text.run_sound_thread) refers to audio.o(.text.freq_calc) for freq_calc
    main.o(.text.run_sound_thread) refers to audio.o(.text.duty_cycle_calc) for duty_cycle_calc
    main.o(.text.run_sound_thread) refers to rtx_delay.o(.text.osDelay) for osDelay
    main.o(.text.run_sound_thread) refers to main.o(.bss.flagRunningSound) for flagRunningSound
    main.o(.text.run_sound_thread) refers to main.o(.data.run_song) for run_song
    main.o(.ARM.exidx.text.run_sound_thread) refers to main.o(.text.run_sound_thread) for [Anonymous Symbol]
    main.o(.text.end_sound_thread) refers to rtx_evflags.o(.text.osEventFlagsWait) for osEventFlagsWait
    main.o(.text.end_sound_thread) refers to audio.o(.text.playEndAudio) for playEndAudio
    main.o(.text.end_sound_thread) refers to main.o(.bss.flagEndingSound) for flagEndingSound
    main.o(.ARM.exidx.text.end_sound_thread) refers to main.o(.text.end_sound_thread) for [Anonymous Symbol]
    main.o(.text.motor_thread) refers to rtx_evflags.o(.text.osEventFlagsWait) for osEventFlagsWait
    main.o(.text.motor_thread) refers to motorcontrol.o(.text.forward) for forward
    main.o(.text.motor_thread) refers to main.o(.bss.flagRunning) for flagRunning
    main.o(.ARM.exidx.text.motor_thread) refers to main.o(.text.motor_thread) for [Anonymous Symbol]
    main.o(.text.control) refers to rtx_evflags.o(.text.osEventFlagsClear) for osEventFlagsClear
    main.o(.text.control) refers to rtx_evflags.o(.text.osEventFlagsSet) for osEventFlagsSet
    main.o(.text.control) refers to motorcontrol.o(.text.forward) for forward
    main.o(.text.control) refers to motorcontrol.o(.text.backward) for backward
    main.o(.text.control) refers to motorcontrol.o(.text.left) for left
    main.o(.text.control) refers to motorcontrol.o(.text.right) for right
    main.o(.text.control) refers to motorcontrol.o(.text.stop) for stop
    main.o(.text.control) refers to motorcontrol.o(.text.rightForward) for rightForward
    main.o(.text.control) refers to motorcontrol.o(.text.leftForward) for leftForward
    main.o(.text.control) refers to motorcontrol.o(.text.rightBackward) for rightBackward
    main.o(.text.control) refers to motorcontrol.o(.text.leftBackward) for leftBackward
    main.o(.text.control) refers to audio.o(.text.stopSound) for stopSound
    main.o(.text.control) refers to main.o(.bss.flagRunning) for flagRunning
    main.o(.text.control) refers to main.o(.bss.flagRunningSound) for flagRunningSound
    main.o(.text.control) refers to main.o(.bss.flagStation) for flagStation
    main.o(.text.control) refers to main.o(.bss.rx_data) for rx_data
[...]
    Removing os_systick.o(.text.OS_Tick_GetInterval), (12 bytes).
    Removing os_systick.o(.ARM.exidx.text.OS_Tick_GetInterval), (8 bytes).
    Removing os_systick.o(.text.OS_Tick_GetCount), (16 bytes).
    Removing os_systick.o(.ARM.exidx.text.OS_Tick_GetCount), (8 bytes).
    Removing os_systick.o(.text.OS_Tick_GetOverflow), (16 bytes).
    Removing os_systick.o(.ARM.exidx.text.OS_Tick_GetOverflow), (8 bytes).
    Removing rtx_msgqueue.o(.text), (0 bytes).
    Removing rtx_msgqueue.o(.ARM.exidx.text.osMessageQueueNew), (8 bytes).
    Removing rtx_msgqueue.o(.text.osMessageQueueGetName), (36 bytes).
    Removing rtx_msgqueue.o(.ARM.exidx.text.osMessageQueueGetName), (8 bytes).
    Removing rtx_msgqueue.o(.ARM.exidx.text.osMessageQueuePut), (8 bytes).
    Removing rtx_msgqueue.o(.ARM.exidx.text.osMessageQueueGet), (8 bytes).
    Removing rtx_msgqueue.o(.text.osMessageQueueGetCapacity), (48 bytes).
    Removing rtx_msgqueue.o(.ARM.exidx.text.osMessageQueueGetCapacity), (8 bytes).
    Removing rtx_msgqueue.o(.text.svcRtxMessageQueueGetCapacity), (18 bytes).
    Removing rtx_msgqueue.o(.ARM.exidx.text.svcRtxMessageQueueGetCapacity), (8 bytes).
    Removing rtx_msgqueue.o(.text.osMessageQueueGetMsgSize), (48 bytes).
    Removing rtx_msgqueue.o(.ARM.exidx.text.osMessageQueueGetMsgSize), (8 bytes).
    Removing rtx_msgqueue.o(.text.svcRtxMessageQueueGetMsgSize), (18 bytes).
    Removing rtx_msgqueue.o(.ARM.exidx.text.svcRtxMessageQueueGetMsgSize), (8 bytes).
    Removing rtx_msgqueue.o(.text.osMessageQueueGetCount), (48 bytes).
    Removing rtx_msgqueue.o(.ARM.exidx.text.osMessageQueueGetCount), (8 bytes).
    Removing rtx_msgqueue.o(.text.svcRtxMessageQueueGetCount), (18 bytes).
    Removing rtx_msgqueue.o(.ARM.exidx.text.svcRtxMessageQueueGetCount), (8 bytes).
    Removing rtx_msgqueue.o(.text.osMessageQueueGetSpace), (36 bytes).
    Removing rtx_msgqueue.o(.ARM.exidx.text.osMessageQueueGetSpace), (8 bytes).
    Removing rtx_msgqueue.o(.text.svcRtxMessageQueueGetSpace), (22 bytes).
    Removing rtx_msgqueue.o(.ARM.exidx.text.svcRtxMessageQueueGetSpace), (8 bytes).
    Removing rtx_msgqueue.o(.text.osMessageQueueReset), (40 bytes).
    Removing rtx_msgqueue.o(.ARM.exidx.text.osMessageQueueReset), (8 bytes).
    Removing rtx_msgqueue.o(.text.osMessageQueueDelete), (40 bytes).
    Removing rtx_msgqueue.o(.ARM.exidx.text.osMessageQueueDelete), (8 bytes).
    Removing rtx_msgqueue.o(.ARM.exidx.text.svcRtxMessageQueueNew), (8 bytes).
    Removing rtx_msgqueue.o(.ARM.exidx.text.osRtxMessageQueuePostProcess), (8 bytes).
    Removing rtx_msgqueue.o(.ARM.exidx.text.MessageQueueRemove), (8 bytes).
    Removing rtx_msgqueue.o(.ARM.exidx.text.MessageQueuePut), (8 bytes).
    Removing rtx_msgqueue.o(.text.svcRtxMessageQueueGetName), (18 bytes).
    Removing rtx_msgqueue.o(.ARM.exidx.text.svcRtxMessageQueueGetName), (8 bytes).
    Removing rtx_msgqueue.o(.ARM.exidx.text.svcRtxMessageQueuePut), (8 bytes).
    Removing rtx_msgqueue.o(.ARM.exidx.text.MessageQueueGet), (8 bytes).
    Removing rtx_msgqueue.o(.ARM.exidx.text.svcRtxMessageQueueGet), (8 bytes).
    Removing rtx_msgqueue.o(.text.svcRtxMessageQueueReset), (162 bytes).
    Removing rtx_msgqueue.o(.ARM.exidx.text.svcRtxMessageQueueReset), (8 bytes).
    Removing rtx_msgqueue.o(.text.svcRtxMessageQueueDelete), (112 bytes).
    Removing rtx_msgqueue.o(.ARM.exidx.text.svcRtxMessageQueueDelete), (8 bytes).

402 unused section(s) (total 8875 bytes) removed from the image.

==============================================================================

Image Symbol Table

    Local Symbols

    Symbol Name                              Value     Ov Type        Size  Object(Section)

    ../clib/../cmprslib/zerorunl2.c          0x00000000   Number         0  __dczerorl2.o ABSOLUTE
    ../clib/division.s                       0x00000000   Number         0  aeabi_sdiv.o ABSOLUTE
    ../clib/division.s                       0x00000000   Number         0  aeabi_sdiv_div0.o ABSOLUTE
    ../clib/microlib/division.c              0x00000000   Number         0  uidiv.o ABSOLUTE
    ../clib/microlib/division.c              0x00000000   Number         0  idiv.o ABSOLUTE
    ../clib/microlib/division.c              0x00000000   Number         0  uidiv_div0.o ABSOLUTE
    ../clib/microlib/division.c              0x00000000   Number         0  idiv_div0.o ABSOLUTE
    ../clib/microlib/division.c              0x00000000   Number         0  idiv0.o ABSOLUTE
    ../clib/microlib/init/entry.s            0x00000000   Number         0  entry.o ABSOLUTE
    ../clib/microlib/init/entry.s            0x00000000   Number         0  entry2.o ABSOLUTE
    ../clib/microlib/init/entry.s            0x00000000   Number         0  entry5.o ABSOLUTE
    ../clib/microlib/init/entry.s            0x00000000   Number         0  entry7a.o ABSOLUTE
    ../clib/microlib/init/entry.s            0x00000000   Number         0  entry7b.o ABSOLUTE
    ../clib/microlib/init/entry.s            0x00000000   Number         0  entry8a.o ABSOLUTE
    ../clib/microlib/init/entry.s            0x00000000   Number         0  entry8b.o ABSOLUTE
    ../clib/microlib/init/entry.s            0x00000000   Number         0  entry9a.o ABSOLUTE
    ../clib/microlib/init/entry.s            0x00000000   Number         0  entry9b.o ABSOLUTE
    ../clib/microlib/init/entry.s            0x00000000   Number         0  entry10a.o ABSOLUTE
    ../clib/microlib/init/entry.s            0x00000000   Number         0  entry10b.o ABSOLUTE
    ../clib/microlib/init/entry.s            0x00000000   Number         0  entry11a.o ABSOLUTE
    ../clib/microlib/init/entry.s            0x00000000   Number         0  entry11b.o ABSOLUTE
    ../clib/microlib/string/memcpy.c         0x00000000   Number         0  memcpya.o ABSOLUTE
    ../clib/microlib/string/memcpy.c         0x00000000   Number         0  memcpyb.o ABSOLUTE
    ../clib/microlib/string/memset.c         0x00000000   Number         0  memseta.o ABSOLUTE
    ../clib/microlib/stubs.s                 0x00000000   Number         0  iusefp.o ABSOLUTE
    ../fplib/microlib/fpdiv.c                0x00000000   Number         0  fdiv.o ABSOLUTE
    ../fplib/microlib/fpepilogue.c           0x00000000   Number         0  fepilogue.o ABSOLUTE
    ../fplib/microlib/fpfix.c                0x00000000   Number         0  ffixi.o ABSOLUTE
    ../fplib/microlib/fpflt.c                0x00000000   Number         0  fflti.o ABSOLUTE
    ../fplib/microlib/fpmul.c                0x00000000   Number         0  fmul.o ABSOLUTE
    ..\..\..\Source\ARM\irq_cm0.s            0x00000000   Number         0  irq_cm0.o ABSOLUTE
    Audio.c                                  0x00000000   Number         0  audio.o ABSOLUTE
    LED.c                                    0x00000000   Number         0  led.o ABSOLUTE
    MotorControl.c                           0x00000000   Number         0  motorcontrol.o ABSOLUTE
    RTE/Device/MKL25Z128xxx4/startup_MKL25Z4.s 0x00000000   Number         0  startup_mkl25z4.o ABSOLUTE
    RTX_Config.c                             0x00000000   Number         0  rtx_config.o ABSOLUTE
    Serial.c                                 0x00000000   Number         0  serial.o ABSOLUTE
    dc.s                                     0x00000000   Number         0  dc.o ABSOLUTE
    handlers.s                               0x00000000   Number         0  handlers.o ABSOLUTE
    init.s                                   0x00000000   Number         0  init.o ABSOLUTE
    main.c                                   0x00000000   Number         0  main.o ABSOLUTE
    os_systick.c                             0x00000000   Number         0  os_systick.o ABSOLUTE
    rtx_delay.c                              0x00000000   Number         0  rtx_delay.o ABSOLUTE
    rtx_evflags.c                            0x00000000   Number         0  rtx_evflags.o ABSOLUTE
    rtx_kernel.c                             0x00000000   Number         0  rtx_kernel.o ABSOLUTE
    rtx_lib.c                                0x00000000   Number         0  rtx_lib.o ABSOLUTE
    rtx_memory.c                             0x00000000   Number         0  rtx_memory.o ABSOLUTE
    rtx_mempool.c                            0x00000000   Number         0  rtx_mempool.o ABSOLUTE
    rtx_msgqueue.c                           0x00000000   Number         0  rtx_msgqueue.o ABSOLUTE
    rtx_mutex.c                              0x00000000   Number         0  rtx_mutex.o ABSOLUTE
    rtx_system.c                             0x00000000   Number         0  rtx_system.o ABSOLUTE
    rtx_thread.c                             0x00000000   Number         0  rtx_thread.o ABSOLUTE
    rtx_timer.c                              0x00000000   Number         0  rtx_timer.o ABSOLUTE
    system_MKL25Z4.c                         0x00000000   Number         0  system_mkl25z4.o ABSOLUTE
    RESET                                    0x00000000   Section      192  startup_mkl25z4.o(RESET)
    .ARM.Collect$$$$00000000                 0x000000c0   Section        0  entry.o(.ARM.Collect$$$$00000000)
    .ARM.Collect$$$$00000001                 0x000000c0   Section        4  entry2.o(.ARM.Collect$$$$00000001)
    .ARM.Collect$$$$00000004                 0x000000c4   Section        4  entry5.o(.ARM.Collect$$$$00000004)
    .ARM.Collect$$$$00000008                 0x000000c8   Section        0  entry7b.o(.ARM.Collect$$$$00000008)
    .ARM.Collect$$$$0000000A                 0x000000c8   Section        0  entry8b.o(.ARM.Collect$$$$0000000A)
    .ARM.Collect$$$$0000000B                 0x000000c8   Section        8  entry9a.o(.ARM.Collect$$$$0000000B)
    __lit__00000000                          0x000000d0   Data           4  entry2.o(.ARM.Collect$$$$00002712)
    .ARM.Collect$$$$0000000D                 0x000000d0   Section        0  entry10a.o(.ARM.Collect$$$$0000000D)
    .ARM.Collect$$$$0000000F                 0x000000d0   Section        0  entry11a.o(.ARM.Collect$$$$0000000F)
    .ARM.Collect$$$$00002712                 0x000000d0   Section        4  entry2.o(.ARM.Collect$$$$00002712)
    .text                                    0x000000d4   Section       40  startup_mkl25z4.o(.text)
    .text                                    0x000000fc   Section      164  irq_cm0.o(.text)
    .text                                    0x000001a0   Section        0  memcpya.o(.text)
    .text                                    0x000001c4   Section        0  memseta.o(.text)
    .text                                    0x000001e8   Section        0  fmul.o(.text)
    .text                                    0x00000262   Section        0  fdiv.o(.text)
    .text                                    0x000002de   Section        0  fflti.o(.text)
    .text                                    0x000002f4   Section        0  ffixi.o(.text)
    .text                                    0x00000326   Section        0  uidiv_div0.o(.text)
    .text                                    0x00000364   Section        0  idiv_div0.o(.text)
    .text                                    0x000003b4   Section        0  iusefp.o(.text)
    .text                                    0x000003b4   Section       36  init.o(.text)
    MessageQueueRemove                       0x000003d9   Thumb Code    30  rtx_msgqueue.o(.text.MessageQueueRemove)
    [Anonymous Symbol]                       0x000003d8   Section        0  rtx_msgqueue.o(.text.MessageQueueRemove)
    [Anonymous Symbol]                       0x000003f6   Section        0  os_systick.o(.text.OS_Tick_GetIRQn)
    [Anonymous Symbol]                       0x000003fc   Section        0  rtx_kernel.o(.text.osRtxKernelPreInit)
    i.__scatterload_null                     0x000003fe   Section        2  handlers.o(i.__scatterload_null)
    .ARM.__at_0x400                          0x00000400   Section       16  startup_mkl25z4.o(.ARM.__at_0x400)
    .text                                    0x00000410   Section        0  fepilogue.o(.text)
    .text                                    0x00000492   Section        0  __dczerorl2.o(.text)
    EventFlagsCheck                          0x000004e9   Thumb Code    78  rtx_evflags.o(.text.EventFlagsCheck)
    [Anonymous Symbol]                       0x000004e8   Section        0  rtx_evflags.o(.text.EventFlagsCheck)
    MessageQueueGet                          0x00000537   Thumb Code    76  rtx_msgqueue.o(.text.MessageQueueGet)
    [Anonymous Symbol]                       0x00000536   Section        0  rtx_msgqueue.o(.text.MessageQueueGet)
    MessageQueuePut                          0x00000583   Thumb Code    98  rtx_msgqueue.o(.text.MessageQueuePut)
    [Anonymous Symbol]                       0x00000582   Section        0  rtx_msgqueue.o(.text.MessageQueuePut)
    [Anonymous Symbol]                       0x000005e4   Section        0  os_systick.o(.text.OS_Tick_AcknowledgeIRQ)
    [Anonymous Symbol]                       0x000005ec   Section        0  os_systick.o(.text.OS_Tick_Enable)
    __arm_cp.1_1                             0x0000060c   Number         4  os_systick.o(.text.OS_Tick_Enable)
    [Anonymous Symbol]                       0x00000610   Section        0  os_systick.o(.text.OS_Tick_Setup)
    __arm_cp.0_1                             0x0000064c   Number         4  os_systick.o(.text.OS_Tick_Setup)
    __arm_cp.0_2                             0x00000650   Number         4  os_systick.o(.text.OS_Tick_Setup)
    __arm_cp.0_3                             0x00000654   Number         4  os_systick.o(.text.OS_Tick_Setup)
    [Anonymous Symbol]                       0x00000658   Section        0  system_mkl25z4.o(.text.SystemCoreClockUpdate)
    __arm_cp.1_1                             0x00000854   Number         4  system_mkl25z4.o(.text.SystemCoreClockUpdate)
    __arm_cp.1_4                             0x00000858   Number         4  system_mkl25z4.o(.text.SystemCoreClockUpdate)
    __arm_cp.1_8                             0x0000085c   Number         4  system_mkl25z4.o(.text.SystemCoreClockUpdate)
    __arm_cp.1_9                             0x00000860   Number         4  system_mkl25z4.o(.text.SystemCoreClockUpdate)
    __arm_cp.1_11                            0x00000864   Number         4  system_mkl25z4.o(.text.SystemCoreClockUpdate)
    [Anonymous Symbol]                       0x00000868   Section        0  system_mkl25z4.o(.text.SystemInit)
    __arm_cp.0_0                             0x00000968   Number         4  system_mkl25z4.o(.text.SystemInit)
    __arm_cp.0_1                             0x0000096c   Number         4  system_mkl25z4.o(.text.SystemInit)
    __arm_cp.0_2                             0x00000970   Number         4  system_mkl25z4.o(.text.SystemInit)
    __arm_cp.0_3                             0x00000974   Number         4  system_mkl25z4.o(.text.SystemInit)
    __arm_cp.0_4                             0x00000978   Number         4  system_mkl25z4.o(.text.SystemInit)
    __arm_cp.0_5                             0x0000097c   Number         4  system_mkl25z4.o(.text.SystemInit)
    __arm_cp.0_6                             0x00000980   Number         4  system_mkl25z4.o(.text.SystemInit)
    __arm_cp.0_7                             0x00000984   Number         4  system_mkl25z4.o(.text.SystemInit)
    __arm_cp.0_8                             0x00000988   Number         4  system_mkl25z4.o(.text.SystemInit)
    __arm_cp.0_9                             0x0000098c   Number         4  system_mkl25z4.o(.text.SystemInit)
    __arm_cp.0_10                            0x00000990   Number         4  system_mkl25z4.o(.text.SystemInit)
    __arm_cp.0_11                            0x00000994   Number         4  system_mkl25z4.o(.text.SystemInit)
    __arm_cp.0_12                            0x00000998   Number         4  system_mkl25z4.o(.text.SystemInit)
    __arm_cp.0_13                            0x0000099c   Number         4  system_mkl25z4.o(.text.SystemInit)
    __arm_cp.0_14                            0x000009a0   Number         4  system_mkl25z4.o(.text.SystemInit)
    __arm_cp.0_15                            0x000009a4   Number         4  system_mkl25z4.o(.text.SystemInit)
    __arm_cp.0_16                            0x000009a8   Number         4  system_mkl25z4.o(.text.SystemInit)
    __arm_cp.0_17                            0x000009ac   Number         4  system_mkl25z4.o(.text.SystemInit)
    __arm_cp.0_18                            0x000009b0   Number         4  system_mkl25z4.o(.text.SystemInit)
    __arm_cp.0_19                            0x000009b4   Number         4  system_mkl25z4.o(.text.SystemInit)
    ThreadFlagsCheck                         0x000009b9   Thumb Code    78  rtx_thread.o(.text.ThreadFlagsCheck)
    [Anonymous Symbol]                       0x000009b8   Section        0  rtx_thread.o(.text.ThreadFlagsCheck)
    TimerInsert                              0x00000a09   Thumb Code    76  rtx_timer.o(.text.TimerInsert)
    [Anonymous Symbol]                       0x00000a08   Section        0  rtx_timer.o(.text.TimerInsert)
    __arm_cp.8_0                             0x00000a50   Number         4  rtx_timer.o(.text.TimerInsert)
    [Anonymous Symbol]                       0x00000a54   Section        0  main.o(.text.UART2_IRQHandler)
    __arm_cp.4_0                             0x00000a74   Number         4  main.o(.text.UART2_IRQHandler)
    __arm_cp.4_1                             0x00000a78   Number         4  main.o(.text.UART2_IRQHandler)
    __NVIC_ClearPendingIRQ                   0x00000a7d   Thumb Code    40  main.o(.text.__NVIC_ClearPendingIRQ)
    [Anonymous Symbol]                       0x00000a7c   Section        0  main.o(.text.__NVIC_ClearPendingIRQ)
    __NVIC_ClearPendingIRQ                   0x00000aa5   Thumb Code    40  serial.o(.text.__NVIC_ClearPendingIRQ)
    [Anonymous Symbol]                       0x00000aa4   Section        0  serial.o(.text.__NVIC_ClearPendingIRQ)
    __arm_cp.2_0                             0x00000acc   Number         4  serial.o(.text.__NVIC_ClearPendingIRQ)
    __NVIC_EnableIRQ                         0x00000ad1   Thumb Code    40  serial.o(.text.__NVIC_EnableIRQ)
    [Anonymous Symbol]                       0x00000ad0   Section        0  serial.o(.text.__NVIC_EnableIRQ)
    __arm_cp.3_0                             0x00000af8   Number         4  serial.o(.text.__NVIC_EnableIRQ)
    __NVIC_SetPriority                       0x00000afd   Thumb Code   124  serial.o(.text.__NVIC_SetPriority)
    [Anonymous Symbol]                       0x00000afc   Section        0  serial.o(.text.__NVIC_SetPriority)
    __arm_cp.1_0                             0x00000b78   Number         4  serial.o(.text.__NVIC_SetPriority)
    __arm_cp.1_1                             0x00000b7c   Number         4  serial.o(.text.__NVIC_SetPriority)
    [Anonymous Symbol]                       0x00000b80   Section        0  motorcontrol.o(.text.backward)
    __arm_cp.5_0                             0x00000ba0   Number         4  motorcontrol.o(.text.backward)
    [Anonymous Symbol]                       0x00000ba4   Section        0  main.o(.text.control)
    __arm_cp.9_0                             0x00000da4   Number         4  main.o(.text.control)
    __arm_cp.9_1                             0x00000da8   Number         4  main.o(.text.control)
    __arm_cp.9_3                             0x00000dac   Number         4  main.o(.text.control)
    [Anonymous Symbol]                       0x00000db0   Section        0  audio.o(.text.duty_cycle_calc)
    [Anonymous Symbol]                       0x00000dd4   Section        0  main.o(.text.end_sound_thread)
    __arm_cp.7_0                             0x00000df0   Number         4  main.o(.text.end_sound_thread)
    [Anonymous Symbol]                       0x00000df4   Section        0  led.o(.text.flashLEDFast)
    __arm_cp.5_0                             0x00000f40   Number         4  led.o(.text.flashLEDFast)
    [Anonymous Symbol]                       0x00000f44   Section        0  led.o(.text.flashLEDSlow)
    __arm_cp.6_0                             0x00001090   Number         4  led.o(.text.flashLEDSlow)
    [Anonymous Symbol]                       0x00001094   Section        0  main.o(.text.flashLedMovingThread)
    __arm_cp.2_0                             0x000010a4   Number         4  main.o(.text.flashLedMovingThread)
    __arm_cp.2_1                             0x000010a8   Number         4  main.o(.text.flashLedMovingThread)
    [Anonymous Symbol]                       0x000010ac   Section        0  main.o(.text.flashLedStationaryThread)
    __arm_cp.1_0                             0x000010bc   Number         4  main.o(.text.flashLedStationaryThread)
    __arm_cp.1_1                             0x000010c0   Number         4  main.o(.text.flashLedStationaryThread)
    [Anonymous Symbol]                       0x000010c4   Section        0  motorcontrol.o(.text.forward)
    __arm_cp.4_0                             0x000010e0   Number         4  motorcontrol.o(.text.forward)
    [Anonymous Symbol]                       0x000010e4   Section        0  audio.o(.text.freq_calc)
    __arm_cp.0_0                             0x000010f8   Number         4  audio.o(.text.freq_calc)
    [Anonymous Symbol]                       0x000010fc   Section        0  audio.o(.text.initAudio)
    __arm_cp.2_1                             0x00001168   Number         4  audio.o(.text.initAudio)
    __arm_cp.2_4                             0x0000116c   Number         4  audio.o(.text.initAudio)
    __arm_cp.2_5                             0x00001170   Number         4  audio.o(.text.initAudio)
    [Anonymous Symbol]                       0x00001174   Section        0  led.o(.text.initBackLED)
    __arm_cp.3_0                             0x00001278   Number         4  led.o(.text.initBackLED)
    __arm_cp.3_1                             0x0000127c   Number         4  led.o(.text.initBackLED)
    __arm_cp.3_3                             0x00001280   Number         4  led.o(.text.initBackLED)
    [Anonymous Symbol]                       0x00001284   Section        0  led.o(.text.initFrontLED)
    __arm_cp.2_0                             0x00001390   Number         4  led.o(.text.initFrontLED)
    __arm_cp.2_1                             0x00001394   Number         4  led.o(.text.initFrontLED)
    __arm_cp.2_2                             0x00001398   Number         4  led.o(.text.initFrontLED)
    __arm_cp.2_3                             0x0000139c   Number         4  led.o(.text.initFrontLED)
    __arm_cp.2_4                             0x000013a0   Number         4  led.o(.text.initFrontLED)
    __arm_cp.2_5                             0x000013a4   Number         4  led.o(.text.initFrontLED)
    [Anonymous Symbol]                       0x000013a8   Section        0  led.o(.text.initLED)
    [Anonymous Symbol]                       0x000013fc   Section        0  motorcontrol.o(.text.initMotor)
    __arm_cp.1_0                             0x000014e0   Number         4  motorcontrol.o(.text.initMotor)
    __arm_cp.1_1                             0x000014e4   Number         4  motorcontrol.o(.text.initMotor)
    __arm_cp.1_2                             0x000014e8   Number         4  motorcontrol.o(.text.initMotor)
    __arm_cp.1_3                             0x000014ec   Number         4  motorcontrol.o(.text.initMotor)
    __arm_cp.1_4                             0x000014f0   Number         4  motorcontrol.o(.text.initMotor)
    __arm_cp.1_5                             0x000014f4   Number         4  motorcontrol.o(.text.initMotor)
    __arm_cp.1_6                             0x000014f8   Number         4  motorcontrol.o(.text.initMotor)
    __arm_cp.1_7                             0x000014fc   Number         4  motorcontrol.o(.text.initMotor)
    __arm_cp.1_8                             0x00001500   Number         4  motorcontrol.o(.text.initMotor)
    __arm_cp.1_9                             0x00001504   Number         4  motorcontrol.o(.text.initMotor)
    __arm_cp.1_10                            0x00001508   Number         4  motorcontrol.o(.text.initMotor)
    __arm_cp.1_11                            0x0000150c   Number         4  motorcontrol.o(.text.initMotor)
    __arm_cp.1_12                            0x00001510   Number         4  motorcontrol.o(.text.initMotor)
    __arm_cp.1_13                            0x00001514   Number         4  motorcontrol.o(.text.initMotor)
    __arm_cp.1_14                            0x00001518   Number         4  motorcontrol.o(.text.initMotor)
    __arm_cp.1_15                            0x0000151c   Number         4  motorcontrol.o(.text.initMotor)
    __arm_cp.1_16                            0x00001520   Number         4  motorcontrol.o(.text.initMotor)
    [Anonymous Symbol]                       0x00001524   Section        0  serial.o(.text.initUART2)
    __arm_cp.0_0                             0x000015c0   Number         4  serial.o(.text.initUART2)
    __arm_cp.0_1                             0x000015c4   Number         4  serial.o(.text.initUART2)
    __arm_cp.0_2                             0x000015c8   Number         4  serial.o(.text.initUART2)
    __arm_cp.0_3                             0x000015cc   Number         4  serial.o(.text.initUART2)
    __arm_cp.0_4                             0x000015d0   Number         4  serial.o(.text.initUART2)
    __arm_cp.0_5                             0x000015d4   Number         4  serial.o(.text.initUART2)
    __arm_cp.0_6                             0x000015d8   Number         4  serial.o(.text.initUART2)
    __arm_cp.0_7                             0x000015dc   Number         4  serial.o(.text.initUART2)
    __arm_cp.0_8                             0x000015e0   Number         4  serial.o(.text.initUART2)
    __arm_cp.0_9                             0x000015e4   Number         4  serial.o(.text.initUART2)
    __arm_cp.0_10                            0x000015e8   Number         4  serial.o(.text.initUART2)
    [Anonymous Symbol]                       0x000015ec   Section        0  motorcontrol.o(.text.left)
    [Anonymous Symbol]                       0x00001608   Section        0  motorcontrol.o(.text.leftBackward)
    [Anonymous Symbol]                       0x00001624   Section        0  motorcontrol.o(.text.leftForward)
    __arm_cp.11_0                            0x00001640   Number         4  motorcontrol.o(.text.leftForward)
    __arm_cp.11_1                            0x00001644   Number         4  motorcontrol.o(.text.leftForward)
    [Anonymous Symbol]                       0x00001648   Section        0  motorcontrol.o(.text.leftMotorMove)
    __arm_cp.3_0                             0x0000168c   Number         4  motorcontrol.o(.text.leftMotorMove)
    __arm_cp.3_1                             0x00001690   Number         4  motorcontrol.o(.text.leftMotorMove)
    [Anonymous Symbol]                       0x00001694   Section        0  led.o(.text.lightAllLED)
    [Anonymous Symbol]                       0x000016e4   Section        0  main.o(.text.lightAllLedThread)
    __arm_cp.3_0                             0x000016f4   Number         4  main.o(.text.lightAllLedThread)
    __arm_cp.3_1                             0x000016f8   Number         4  main.o(.text.lightAllLedThread)
    [Anonymous Symbol]                       0x000016fc   Section        0  main.o(.text.main)
    __arm_cp.10_0                            0x0000178c   Number         4  main.o(.text.main)
    __arm_cp.10_1                            0x00001790   Number         4  main.o(.text.main)
    __arm_cp.10_2                            0x00001794   Number         4  main.o(.text.main)
    __arm_cp.10_3                            0x00001798   Number         4  main.o(.text.main)
    __arm_cp.10_4                            0x0000179c   Number         4  main.o(.text.main)
    __arm_cp.10_5                            0x000017a0   Number         4  main.o(.text.main)
    __arm_cp.10_6                            0x000017a4   Number         4  main.o(.text.main)
    __arm_cp.10_7                            0x000017a8   Number         4  main.o(.text.main)
    [Anonymous Symbol]                       0x000017ac   Section        0  led.o(.text.offAllLED)
    [Anonymous Symbol]                       0x000017ec   Section        0  rtx_delay.o(.text.osDelay)
    __arm_cp.0_0                             0x00001810   Number         4  rtx_delay.o(.text.osDelay)
    [Anonymous Symbol]                       0x00001814   Section        0  rtx_evflags.o(.text.osEventFlagsClear)
    __arm_cp.3_0                             0x00001834   Number         4  rtx_evflags.o(.text.osEventFlagsClear)
    [Anonymous Symbol]                       0x00001838   Section        0  rtx_evflags.o(.text.osEventFlagsNew)
    __arm_cp.0_0                             0x00001858   Number         4  rtx_evflags.o(.text.osEventFlagsNew)
    [Anonymous Symbol]                       0x0000185c   Section        0  rtx_evflags.o(.text.osEventFlagsSet)
    __arm_cp.2_0                             0x000018a8   Number         4  rtx_evflags.o(.text.osEventFlagsSet)
    [Anonymous Symbol]                       0x000018ac   Section        0  rtx_evflags.o(.text.osEventFlagsWait)
    __arm_cp.7_0                             0x000018ec   Number         4  rtx_evflags.o(.text.osEventFlagsWait)
    [Anonymous Symbol]                       0x000018f0   Section        0  rtx_kernel.o(.text.osKernelInitialize)
    __arm_cp.1_0                             0x00001914   Number         4  rtx_kernel.o(.text.osKernelInitialize)
    [Anonymous Symbol]                       0x00001918   Section        0  rtx_kernel.o(.text.osKernelStart)
    __arm_cp.6_0                             0x00001938   Number         4  rtx_kernel.o(.text.osKernelStart)
    [Anonymous Symbol]                       0x0000193c   Section        0  rtx_msgqueue.o(.text.osMessageQueueGet)
    __arm_cp.3_0                             0x000019ac   Number         4  rtx_msgqueue.o(.text.osMessageQueueGet)
    [Anonymous Symbol]                       0x000019b0   Section        0  rtx_msgqueue.o(.text.osMessageQueueNew)
    __arm_cp.0_0                             0x000019d0   Number         4  rtx_msgqueue.o(.text.osMessageQueueNew)
    [Anonymous Symbol]                       0x000019d4   Section        0  rtx_msgqueue.o(.text.osMessageQueuePut)
    __arm_cp.2_0                             0x00001a48   Number         4  rtx_msgqueue.o(.text.osMessageQueuePut)
    [Anonymous Symbol]                       0x00001a4c   Section        0  rtx_config.o(.text.osRtxErrorNotify)
    osRtxEventFlagsPostProcess               0x00001a8d   Thumb Code    52  rtx_evflags.o(.text.osRtxEventFlagsPostProcess)
    [Anonymous Symbol]                       0x00001a8c   Section        0  rtx_evflags.o(.text.osRtxEventFlagsPostProcess)
    [Anonymous Symbol]                       0x00001ac0   Section        0  rtx_config.o(.text.osRtxIdleThread)
    [Anonymous Symbol]                       0x00001ac8   Section        0  rtx_memory.o(.text.osRtxMemoryAlloc)
    [Anonymous Symbol]                       0x00001b44   Section        0  rtx_memory.o(.text.osRtxMemoryFree)
    [Anonymous Symbol]                       0x00001b92   Section        0  rtx_memory.o(.text.osRtxMemoryInit)
    [Anonymous Symbol]                       0x00001bc4   Section        0  rtx_mempool.o(.text.osRtxMemoryPoolAlloc)
    [Anonymous Symbol]                       0x00001bf2   Section        0  rtx_mempool.o(.text.osRtxMemoryPoolFree)
    [Anonymous Symbol]                       0x00001c2c   Section        0  rtx_mempool.o(.text.osRtxMemoryPoolInit)
    osRtxMessageQueuePostProcess             0x00001c6b   Thumb Code   188  rtx_msgqueue.o(.text.osRtxMessageQueuePostProcess)
    [Anonymous Symbol]                       0x00001c6a   Section        0  rtx_msgqueue.o(.text.osRtxMessageQueuePostProcess)
    [Anonymous Symbol]                       0x00001d26   Section        0  rtx_mutex.o(.text.osRtxMutexOwnerRelease)
    [Anonymous Symbol]                       0x00001d6c   Section        0  rtx_system.o(.text.osRtxPendSV_Handler)
    [Anonymous Symbol]                       0x00001de8   Section        0  rtx_system.o(.text.osRtxPostProcess)
    __arm_cp.2_1                             0x00001e4c   Number         4  rtx_system.o(.text.osRtxPostProcess)
    osRtxThreadBlock                         0x00001e51   Thumb Code    52  rtx_thread.o(.text.osRtxThreadBlock)
    [Anonymous Symbol]                       0x00001e50   Section        0  rtx_thread.o(.text.osRtxThreadBlock)
    osRtxThreadDelayInsert                   0x00001e85   Thumb Code   124  rtx_thread.o(.text.osRtxThreadDelayInsert)
    [Anonymous Symbol]                       0x00001e84   Section        0  rtx_thread.o(.text.osRtxThreadDelayInsert)
    osRtxThreadDelayRemove                   0x00001f01   Thumb Code    64  rtx_thread.o(.text.osRtxThreadDelayRemove)
    [Anonymous Symbol]                       0x00001f00   Section        0  rtx_thread.o(.text.osRtxThreadDelayRemove)
    [Anonymous Symbol]                       0x00001f40   Section        0  rtx_thread.o(.text.osRtxThreadDelayTick)
    [Anonymous Symbol]                       0x00001f74   Section        0  rtx_thread.o(.text.osRtxThreadDispatch)
    osRtxThreadFree                          0x00001fc1   Thumb Code    80  rtx_thread.o(.text.osRtxThreadFree)
    [Anonymous Symbol]                       0x00001fc0   Section        0  rtx_thread.o(.text.osRtxThreadFree)
    [Anonymous Symbol]                       0x00002010   Section        0  rtx_thread.o(.text.osRtxThreadListGet)
    [Anonymous Symbol]                       0x00002024   Section        0  rtx_thread.o(.text.osRtxThreadListPut)
    [Anonymous Symbol]                       0x00002050   Section        0  rtx_thread.o(.text.osRtxThreadListRemove)
    osRtxThreadPostProcess                   0x00002069   Thumb Code    38  rtx_thread.o(.text.osRtxThreadPostProcess)
    [Anonymous Symbol]                       0x00002068   Section        0  rtx_thread.o(.text.osRtxThreadPostProcess)
    [Anonymous Symbol]                       0x00002090   Section        0  rtx_thread.o(.text.osRtxThreadReadyPut)
    [Anonymous Symbol]                       0x000020a4   Section        0  rtx_thread.o(.text.osRtxThreadRegPtr)
    [Anonymous Symbol]                       0x000020ac   Section        0  rtx_thread.o(.text.osRtxThreadStackCheck)
    __arm_cp.8_1                             0x000020d0   Number         4  rtx_thread.o(.text.osRtxThreadStackCheck)
    [Anonymous Symbol]                       0x000020d4   Section        0  rtx_thread.o(.text.osRtxThreadStartup)
    __arm_cp.15_1                            0x00002104   Number         4  rtx_thread.o(.text.osRtxThreadStartup)
    __arm_cp.15_3                            0x00002108   Number         4  rtx_thread.o(.text.osRtxThreadStartup)
    [Anonymous Symbol]                       0x0000210c   Section        0  rtx_thread.o(.text.osRtxThreadSwitch)
    __arm_cp.7_0                             0x0000211c   Number         4  rtx_thread.o(.text.osRtxThreadSwitch)
    [Anonymous Symbol]                       0x00002120   Section        0  rtx_thread.o(.text.osRtxThreadWaitEnter)
    __arm_cp.13_0                            0x00002158   Number         4  rtx_thread.o(.text.osRtxThreadWaitEnter)
    [Anonymous Symbol]                       0x0000215c   Section        0  rtx_thread.o(.text.osRtxThreadWaitExit)
    [Anonymous Symbol]                       0x00002180   Section        0  rtx_system.o(.text.osRtxTick_Handler)
    [Anonymous Symbol]                       0x000021f0   Section        0  rtx_timer.o(.text.osRtxTimerThread)
    __arm_cp.0_0                             0x00002220   Number         4  rtx_timer.o(.text.osRtxTimerThread)
    __arm_cp.0_1                             0x00002224   Number         4  rtx_timer.o(.text.osRtxTimerThread)
    __arm_cp.0_2                             0x00002228   Number         4  rtx_timer.o(.text.osRtxTimerThread)
    osRtxTimerTick                           0x0000222d   Thumb Code    96  rtx_timer.o(.text.osRtxTimerTick)
    [Anonymous Symbol]                       0x0000222c   Section        0  rtx_timer.o(.text.osRtxTimerTick)
    __arm_cp.1_0                             0x00002288   Number         4  rtx_timer.o(.text.osRtxTimerTick)
    [Anonymous Symbol]                       0x0000228c   Section        0  rtx_thread.o(.text.osThreadExit)
    __arm_cp.31_0                            0x00002294   Number         4  rtx_thread.o(.text.osThreadExit)
    [Anonymous Symbol]                       0x00002298   Section        0  rtx_thread.o(.text.osThreadNew)
    __arm_cp.17_0                            0x000022b8   Number         4  rtx_thread.o(.text.osThreadNew)
    [Anonymous Symbol]                       0x000022bc   Section        0  audio.o(.text.playEndAudio)
    __arm_cp.3_0                             0x00002348   Number         4  audio.o(.text.playEndAudio)
    [Anonymous Symbol]                       0x0000234c   Section        0  motorcontrol.o(.text.pwm_cal)
    __arm_cp.0_1                             0x00002368   Number         4  motorcontrol.o(.text.pwm_cal)
    [Anonymous Symbol]                       0x0000236c   Section        0  motorcontrol.o(.text.right)
    [Anonymous Symbol]                       0x00002388   Section        0  motorcontrol.o(.text.rightBackward)
    [Anonymous Symbol]                       0x000023a4   Section        0  motorcontrol.o(.text.rightForward)
    __arm_cp.9_0                             0x000023c0   Number         4  motorcontrol.o(.text.rightForward)
    __arm_cp.9_1                             0x000023c4   Number         4  motorcontrol.o(.text.rightForward)
    [Anonymous Symbol]                       0x000023c8   Section        0  motorcontrol.o(.text.rightMotorMove)
    __arm_cp.2_0                             0x0000240c   Number         4  motorcontrol.o(.text.rightMotorMove)
    __arm_cp.2_1                             0x00002410   Number         4  motorcontrol.o(.text.rightMotorMove)
    [Anonymous Symbol]                       0x00002414   Section        0  main.o(.text.run_sound_thread)
    __arm_cp.6_0                             0x000024b0   Number         4  main.o(.text.run_sound_thread)
    __arm_cp.6_1                             0x000024b4   Number         4  main.o(.text.run_sound_thread)
    __arm_cp.6_3                             0x000024b8   Number         4  main.o(.text.run_sound_thread)
    [Anonymous Symbol]                       0x000024bc   Section        0  led.o(.text.runningLED)
    __arm_cp.8_0                             0x000025b4   Number         4  led.o(.text.runningLED)
    [Anonymous Symbol]                       0x000025b8   Section        0  main.o(.text.runningLedThread)
    __arm_cp.0_0                             0x000025c8   Number         4  main.o(.text.runningLedThread)
    __arm_cp.0_1                             0x000025cc   Number         4  main.o(.text.runningLedThread)
    [Anonymous Symbol]                       0x000025d0   Section        0  led.o(.text.setLEDOutput)
    [Anonymous Symbol]                       0x00002614   Section        0  motorcontrol.o(.text.stop)
    [Anonymous Symbol]                       0x00002630   Section        0  audio.o(.text.stopSound)
    __arm_cp.4_0                             0x00002648   Number         4  audio.o(.text.stopSound)
    __arm_cp.4_1                             0x0000264c   Number         4  audio.o(.text.stopSound)
    svcRtxDelay                              0x00002651   Thumb Code    18  rtx_delay.o(.text.svcRtxDelay)
    [Anonymous Symbol]                       0x00002650   Section        0  rtx_delay.o(.text.svcRtxDelay)
    svcRtxEventFlagsClear                    0x00002663   Thumb Code    50  rtx_evflags.o(.text.svcRtxEventFlagsClear)
    [Anonymous Symbol]                       0x00002662   Section        0  rtx_evflags.o(.text.svcRtxEventFlagsClear)
    svcRtxEventFlagsNew                      0x00002695   Thumb Code   112  rtx_evflags.o(.text.svcRtxEventFlagsNew)
    [Anonymous Symbol]                       0x00002694   Section        0  rtx_evflags.o(.text.svcRtxEventFlagsNew)
    __arm_cp.9_1                             0x00002700   Number         4  rtx_evflags.o(.text.svcRtxEventFlagsNew)
    svcRtxEventFlagsSet                      0x00002705   Thumb Code   124  rtx_evflags.o(.text.svcRtxEventFlagsSet)
    [Anonymous Symbol]                       0x00002704   Section        0  rtx_evflags.o(.text.svcRtxEventFlagsSet)
    svcRtxEventFlagsWait                     0x00002781   Thumb Code    96  rtx_evflags.o(.text.svcRtxEventFlagsWait)
    [Anonymous Symbol]                       0x00002780   Section        0  rtx_evflags.o(.text.svcRtxEventFlagsWait)
    svcRtxKernelInitialize                   0x000027e1   Thumb Code   320  rtx_kernel.o(.text.svcRtxKernelInitialize)
    [Anonymous Symbol]                       0x000027e0   Section        0  rtx_kernel.o(.text.svcRtxKernelInitialize)
    __arm_cp.20_2                            0x0000291c   Number         4  rtx_kernel.o(.text.svcRtxKernelInitialize)
    svcRtxKernelStart                        0x00002921   Thumb Code   128  rtx_kernel.o(.text.svcRtxKernelStart)
    [Anonymous Symbol]                       0x00002920   Section        0  rtx_kernel.o(.text.svcRtxKernelStart)
    __arm_cp.21_1                            0x00002994   Number         4  rtx_kernel.o(.text.svcRtxKernelStart)
    __arm_cp.21_2                            0x00002998   Number         4  rtx_kernel.o(.text.svcRtxKernelStart)
    __arm_cp.21_3                            0x0000299c   Number         4  rtx_kernel.o(.text.svcRtxKernelStart)
    svcRtxMessageQueueGet                    0x000029a1   Thumb Code   232  rtx_msgqueue.o(.text.svcRtxMessageQueueGet)
    [Anonymous Symbol]                       0x000029a0   Section        0  rtx_msgqueue.o(.text.svcRtxMessageQueueGet)
    __arm_cp.21_0                            0x00002a84   Number         4  rtx_msgqueue.o(.text.svcRtxMessageQueueGet)
    svcRtxMessageQueueNew                    0x00002a89   Thumb Code   484  rtx_msgqueue.o(.text.svcRtxMessageQueueNew)
    [Anonymous Symbol]                       0x00002a88   Section        0  rtx_msgqueue.o(.text.svcRtxMessageQueueNew)
    __arm_cp.14_0                            0x00002c54   Number         4  rtx_msgqueue.o(.text.svcRtxMessageQueueNew)
    __arm_cp.14_1                            0x00002c58   Number         4  rtx_msgqueue.o(.text.svcRtxMessageQueueNew)
    __arm_cp.14_2                            0x00002c5c   Number         4  rtx_msgqueue.o(.text.svcRtxMessageQueueNew)
    __arm_cp.14_3                            0x00002c60   Number         4  rtx_msgqueue.o(.text.svcRtxMessageQueueNew)
    __arm_cp.14_4                            0x00002c64   Number         4  rtx_msgqueue.o(.text.svcRtxMessageQueueNew)
    __arm_cp.14_5                            0x00002c68   Number         4  rtx_msgqueue.o(.text.svcRtxMessageQueueNew)
    svcRtxMessageQueuePut                    0x00002c6d   Thumb Code   184  rtx_msgqueue.o(.text.svcRtxMessageQueuePut)
    [Anonymous Symbol]                       0x00002c6c   Section        0  rtx_msgqueue.o(.text.svcRtxMessageQueuePut)
    svcRtxThreadExit                         0x00002d25   Thumb Code   108  rtx_thread.o(.text.svcRtxThreadExit)
    [Anonymous Symbol]                       0x00002d24   Section        0  rtx_thread.o(.text.svcRtxThreadExit)
    __arm_cp.54_0                            0x00002d8c   Number         4  rtx_thread.o(.text.svcRtxThreadExit)
    svcRtxThreadNew                          0x00002d91   Thumb Code   492  rtx_thread.o(.text.svcRtxThreadNew)
    [Anonymous Symbol]                       0x00002d90   Section        0  rtx_thread.o(.text.svcRtxThreadNew)
    __arm_cp.16_0                            0x00002f64   Number         4  rtx_thread.o(.text.svcRtxThreadNew)
    __arm_cp.16_1                            0x00002f68   Number         4  rtx_thread.o(.text.svcRtxThreadNew)
    __arm_cp.16_2                            0x00002f6c   Number         4  rtx_thread.o(.text.svcRtxThreadNew)
    __arm_cp.16_3                            0x00002f70   Number         4  rtx_thread.o(.text.svcRtxThreadNew)
    __arm_cp.16_4                            0x00002f74   Number         4  rtx_thread.o(.text.svcRtxThreadNew)
    __arm_cp.16_5                            0x00002f78   Number         4  rtx_thread.o(.text.svcRtxThreadNew)
    i.__scatterload_copy                     0x00002f7c   Section       14  handlers.o(i.__scatterload_copy)
    i.__scatterload_zeroinit                 0x00002f8a   Section       14  handlers.o(i.__scatterload_zeroinit)
    __tagsym$$used.0                         0x00002f98   Number         0  rtx_lib.o(.rodata)
    __tagsym$$used.1                         0x00003000   Number         0  rtx_lib.o(.rodata)
    os_idle_thread_attr                      0x000030a8   Data          36  rtx_lib.o(.rodata.os_idle_thread_attr)
    [Anonymous Symbol]                       0x000030a8   Section        0  rtx_lib.o(.rodata.os_idle_thread_attr)
    os_timer_mq_attr                         0x000030cc   Data          24  rtx_lib.o(.rodata.os_timer_mq_attr)
    [Anonymous Symbol]                       0x000030cc   Section        0  rtx_lib.o(.rodata.os_timer_mq_attr)
    os_timer_thread_attr                     0x000030e4   Data          36  rtx_lib.o(.rodata.os_timer_thread_attr)
    [Anonymous Symbol]                       0x000030e4   Section        0  rtx_lib.o(.rodata.os_timer_thread_attr)
    .L.str                                   0x0000312c   Data          11  rtx_kernel.o(.rodata.str1.4)
    [Anonymous Symbol]                       0x0000312c   Section        0  rtx_kernel.o(.rodata.str1.4)
    PendST                                   0x1ffff3d0   Data           1  os_systick.o(.bss.PendST)
    [Anonymous Symbol]                       0x1ffff3d0   Section        0  os_systick.o(.bss.PendST)
    allled_stk                               0x1ffff3d8   Data         512  main.o(.bss.allled_stk)
    [Anonymous Symbol]                       0x1ffff3d8   Section        0  main.o(.bss.allled_stk)
    flashled_stk1                            0x1ffff5f0   Data         512  main.o(.bss.flashled_stk1)
    [Anonymous Symbol]                       0x1ffff5f0   Section        0  main.o(.bss.flashled_stk1)
    flashled_stk2                            0x1ffff7f0   Data         512  main.o(.bss.flashled_stk2)
    [Anonymous Symbol]                       0x1ffff7f0   Section        0  main.o(.bss.flashled_stk2)
    os_isr_queue                             0x1ffff9f0   Data          64  rtx_lib.o(.bss.os)
    [Anonymous Symbol]                       0x1ffff9f0   Section        0  rtx_lib.o(.bss.os)
    os_mem                                   0x1ffffa30   Data        4096  rtx_lib.o(.bss.os)
    os_timer_mq_cb                           0x20000a30   Data          52  rtx_lib.o(.bss.os.msgqueue.cb)
    [Anonymous Symbol]                       0x20000a30   Section        0  rtx_lib.o(.bss.os.msgqueue.cb)
    os_timer_mq_data                         0x20000a64   Data          80  rtx_lib.o(.bss.os.msgqueue.mem)
    [Anonymous Symbol]                       0x20000a64   Section        0  rtx_lib.o(.bss.os.msgqueue.mem)
    os_idle_thread_cb                        0x20000ab4   Data          68  rtx_lib.o(.bss.os.thread.cb)
    [Anonymous Symbol]                       0x20000ab4   Section        0  rtx_lib.o(.bss.os.thread.cb)
    os_timer_thread_cb                       0x20000af8   Data          68  rtx_lib.o(.bss.os.thread.cb)
    os_idle_thread_stack                     0x20000b40   Data         256  rtx_lib.o(.bss.os.thread.stack)
    [Anonymous Symbol]                       0x20000b40   Section        0  rtx_lib.o(.bss.os.thread.stack)
    os_timer_thread_stack                    0x20000c40   Data         256  rtx_lib.o(.bss.os.thread.stack)
    runningled_stk                           0x20000d40   Data         512  main.o(.bss.runningled_stk)
    [Anonymous Symbol]                       0x20000d40   Section        0  main.o(.bss.runningled_stk)
    STACK                                    0x20000f48   Section      256  startup_mkl25z4.o(STACK)

    Global Symbols

    Symbol Name                              Value     Ov Type        Size  Object(Section)

    BuildAttributes$$THM_ISAv3M$S$PE$A:L22$X:L11$S22$IEEE1$IW$~IW$USESV6$~STKCKD$USESV7$~SHL$OTIME$ROPI$EBA8$MICROLIB$REQ8$PRES8$EABIv2 0x00000000   Number         0  anon$$obj.o ABSOLUTE
    __Vectors                                0x00000000   Data           4  startup_mkl25z4.o(RESET)
    .bss.os.evflags.cb$$Base                  - Undefined Weak Reference
    .bss.os.evflags.cb$$Limit                 - Undefined Weak Reference
    .bss.os.mempool.cb$$Base                  - Undefined Weak Reference
    .bss.os.mempool.cb$$Limit                 - Undefined Weak Reference
    .bss.os.mutex.cb$$Base                    - Undefined Weak Reference
    .bss.os.mutex.cb$$Limit                   - Undefined Weak Reference
    .bss.os.semaphore.cb$$Base                - Undefined Weak Reference
    .bss.os.semaphore.cb$$Limit               - Undefined Weak Reference
    .bss.os.timer.cb$$Base                    - Undefined Weak Reference
    .bss.os.timer.cb$$Limit                   - Undefined Weak Reference
    __cpp_initialize__aeabi_                  - Undefined Weak Reference
    __cxa_finalize                            - Undefined Weak Reference
    _clock_init                               - Undefined Weak Reference
    _microlib_exit                            - Undefined Weak Reference
    __Vectors_End                            0x000000c0   Data           0  startup_mkl25z4.o(RESET)
    __Vectors_Size                           0x000000c0   Number         0  startup_mkl25z4.o ABSOLUTE
    __main                                   0x000000c1   Thumb Code     0  entry.o(.ARM.Collect$$$$00000000)
    _main_stk                                0x000000c1   Thumb Code     0  entry2.o(.ARM.Collect$$$$00000001)
    _main_scatterload                        0x000000c5   Thumb Code     0  entry5.o(.ARM.Collect$$$$00000004)
    __main_after_scatterload                 0x000000c9   Thumb Code     0  entry5.o(.ARM.Collect$$$$00000004)
    _main_clock                              0x000000c9   Thumb Code     0  entry7b.o(.ARM.Collect$$$$00000008)
    _main_cpp_init                           0x000000c9   Thumb Code     0  entry8b.o(.ARM.Collect$$$$0000000A)
    _main_init                               0x000000c9   Thumb Code     0  entry9a.o(.ARM.Collect$$$$0000000B)
    __rt_final_cpp                           0x000000d1   Thumb Code     0  entry10a.o(.ARM.Collect$$$$0000000D)
    __rt_final_exit                          0x000000d1   Thumb Code     0  entry11a.o(.ARM.Collect$$$$0000000F)
    Reset_Handler                            0x000000d5   Thumb Code    12  startup_mkl25z4.o(.text)
    NMI_Handler                              0x000000e1   Thumb Code     2  startup_mkl25z4.o(.text)
    HardFault_Handler                        0x000000e3   Thumb Code     2  startup_mkl25z4.o(.text)
    ADC0_IRQHandler                          0x000000eb   Thumb Code     0  startup_mkl25z4.o(.text)
    CMP0_IRQHandler                          0x000000eb   Thumb Code     0  startup_mkl25z4.o(.text)
    DAC0_IRQHandler                          0x000000eb   Thumb Code     0  startup_mkl25z4.o(.text)
    DMA0_IRQHandler                          0x000000eb   Thumb Code     0  startup_mkl25z4.o(.text)
    DMA1_IRQHandler                          0x000000eb   Thumb Code     0  startup_mkl25z4.o(.text)
    DMA2_IRQHandler                          0x000000eb   Thumb Code     0  startup_mkl25z4.o(.text)
    DMA3_IRQHandler                          0x000000eb   Thumb Code     0  startup_mkl25z4.o(.text)
    DefaultISR                               0x000000eb   Thumb Code     0  startup_mkl25z4.o(.text)
    FTFA_IRQHandler                          0x000000eb   Thumb Code     0  startup_mkl25z4.o(.text)
    I2C0_IRQHandler                          0x000000eb   Thumb Code     0  startup_mkl25z4.o(.text)
    I2C1_IRQHandler                          0x000000eb   Thumb Code     0  startup_mkl25z4.o(.text)
    LLWU_IRQHandler                          0x000000eb   Thumb Code     0  startup_mkl25z4.o(.text)
    LPTMR0_IRQHandler                        0x000000eb   Thumb Code     0  startup_mkl25z4.o(.text)
    LVD_LVW_IRQHandler                       0x000000eb   Thumb Code     0  startup_mkl25z4.o(.text)
    MCG_IRQHandler                           0x000000eb   Thumb Code     0  startup_mkl25z4.o(.text)
    PIT_IRQHandler                           0x000000eb   Thumb Code     0  startup_mkl25z4.o(.text)
    PORTA_IRQHandler                         0x000000eb   Thumb Code     0  startup_mkl25z4.o(.text)
    PORTD_IRQHandler                         0x000000eb   Thumb Code     0  startup_mkl25z4.o(.text)
    RTC_IRQHandler                           0x000000eb   Thumb Code     0  startup_mkl25z4.o(.text)
    RTC_Seconds_IRQHandler                   0x000000eb   Thumb Code     0  startup_mkl25z4.o(.text)
    Reserved20_IRQHandler                    0x000000eb   Thumb Code     0  startup_mkl25z4.o(.text)
    Reserved39_IRQHandler                    0x000000eb   Thumb Code     0  startup_mkl25z4.o(.text)
    Reserved45_IRQHandler                    0x000000eb   Thumb Code     0  startup_mkl25z4.o(.text)
    SPI0_IRQHandler                          0x000000eb   Thumb Code     0  startup_mkl25z4.o(.text)
    SPI1_IRQHandler                          0x000000eb   Thumb Code     0  startup_mkl25z4.o(.text)
    TPM0_IRQHandler                          0x000000eb   Thumb Code     0  startup_mkl25z4.o(.text)
    TPM1_IRQHandler                          0x000000eb   Thumb Code     0  startup_mkl25z4.o(.text)
    TPM2_IRQHandler                          0x000000eb   Thumb Code     0  startup_mkl25z4.o(.text)
    TSI0_IRQHandler                          0x000000eb   Thumb Code     0  startup_mkl25z4.o(.text)
    UART0_IRQHandler                         0x000000eb   Thumb Code     0  startup_mkl25z4.o(.text)
    UART1_IRQHandler                         0x000000eb   Thumb Code     0  startup_mkl25z4.o(.text)
    USB0_IRQHandler                          0x000000eb   Thumb Code     0  startup_mkl25z4.o(.text)
    SVC_Handler                              0x000000fd   Thumb Code   132  irq_cm0.o(.text)
    PendSV_Handler                           0x00000181   Thumb Code    12  irq_cm0.o(.text)
    SysTick_Handler                          0x0000018d   Thumb Code    12  irq_cm0.o(.text)
    __aeabi_memcpy                           0x000001a1   Thumb Code    36  memcpya.o(.text)
    __aeabi_memcpy4                          0x000001a1   Thumb Code     0  memcpya.o(.text)
    __aeabi_memcpy8                          0x000001a1   Thumb Code     0  memcpya.o(.text)
    __aeabi_memset                           0x000001c5   Thumb Code    14  memseta.o(.text)
    __aeabi_memset4                          0x000001c5   Thumb Code     0  memseta.o(.text)
    __aeabi_memset8                          0x000001c5   Thumb Code     0  memseta.o(.text)
    __aeabi_memclr                           0x000001d3   Thumb Code     4  memseta.o(.text)
    __aeabi_memclr4                          0x000001d3   Thumb Code     0  memseta.o(.text)
    __aeabi_memclr8                          0x000001d3   Thumb Code     0  memseta.o(.text)
    _memset$wrapper                          0x000001d7   Thumb Code    18  memseta.o(.text)
    __aeabi_fmul                             0x000001e9   Thumb Code   122  fmul.o(.text)
    __aeabi_fdiv                             0x00000263   Thumb Code   124  fdiv.o(.text)
    __aeabi_i2f                              0x000002df   Thumb Code    22  fflti.o(.text)
    __aeabi_f2iz                             0x000002f5   Thumb Code    50  ffixi.o(.text)
    __aeabi_uidiv                            0x00000327   Thumb Code     0  uidiv_div0.o(.text)
    __aeabi_uidivmod                         0x00000327   Thumb Code    62  uidiv_div0.o(.text)
    __aeabi_idiv                             0x00000365   Thumb Code     0  idiv_div0.o(.text)
    __aeabi_idivmod$div0                     0x00000365   Thumb Code    74  idiv_div0.o(.text)
    __I$use$fp                               0x000003b5   Thumb Code     0  iusefp.o(.text)
    __scatterload                            0x000003b5   Thumb Code    28  init.o(.text)
    __scatterload_rt2                        0x000003b5   Thumb Code     0  init.o(.text)
    OS_Tick_GetIRQn                          0x000003f7   Thumb Code     6  os_systick.o(.text.OS_Tick_GetIRQn)
    osRtxKernelPreInit                       0x000003fd   Thumb Code     2  rtx_kernel.o(.text.osRtxKernelPreInit)
    __scatterload_null                       0x000003ff   Thumb Code     2  handlers.o(i.__scatterload_null)
    _float_round                             0x00000411   Thumb Code    16  fepilogue.o(.text)
    _float_epilogue                          0x00000421   Thumb Code   114  fepilogue.o(.text)
    __decompress                             0x00000493   Thumb Code     0  __dczerorl2.o(.text)
    __decompress1                            0x00000493   Thumb Code    86  __dczerorl2.o(.text)
    OS_Tick_AcknowledgeIRQ                   0x000005e5   Thumb Code     8  os_systick.o(.text.OS_Tick_AcknowledgeIRQ)
    OS_Tick_Enable                           0x000005ed   Thumb Code    36  os_systick.o(.text.OS_Tick_Enable)
    OS_Tick_Setup                            0x00000611   Thumb Code    72  os_systick.o(.text.OS_Tick_Setup)
    SystemCoreClockUpdate                    0x00000659   Thumb Code   508  system_mkl25z4.o(.text.SystemCoreClockUpdate)
    SystemInit                               0x00000869   Thumb Code   256  system_mkl25z4.o(.text.SystemInit)
    UART2_IRQHandler                         0x00000a55   Thumb Code    32  main.o(.text.UART2_IRQHandler)
    backward                                 0x00000b81   Thumb Code    32  motorcontrol.o(.text.backward)
    control                                  0x00000ba5   Thumb Code   512  main.o(.text.control)
    duty_cycle_calc                          0x00000db1   Thumb Code    36  audio.o(.text.duty_cycle_calc)
    end_sound_thread                         0x00000dd5   Thumb Code    28  main.o(.text.end_sound_thread)
    flashLEDFast                             0x00000df5   Thumb Code   332  led.o(.text.flashLEDFast)
    flashLEDSlow                             0x00000f45   Thumb Code   332  led.o(.text.flashLEDSlow)
    flashLedMovingThread                     0x00001095   Thumb Code    16  main.o(.text.flashLedMovingThread)
    flashLedStationaryThread                 0x000010ad   Thumb Code    16  main.o(.text.flashLedStationaryThread)
    forward                                  0x000010c5   Thumb Code    28  motorcontrol.o(.text.forward)
    freq_calc                                0x000010e5   Thumb Code    20  audio.o(.text.freq_calc)
    initAudio                                0x000010fd   Thumb Code   108  audio.o(.text.initAudio)
    initBackLED                              0x00001175   Thumb Code   260  led.o(.text.initBackLED)
    initFrontLED                             0x00001285   Thumb Code   268  led.o(.text.initFrontLED)
    initLED                                  0x000013a9   Thumb Code    84  led.o(.text.initLED)
    initMotor                                0x000013fd   Thumb Code   228  motorcontrol.o(.text.initMotor)
    initUART2                                0x00001525   Thumb Code   156  serial.o(.text.initUART2)
    left                                     0x000015ed   Thumb Code    28  motorcontrol.o(.text.left)
    leftBackward                             0x00001609   Thumb Code    28  motorcontrol.o(.text.leftBackward)
    leftForward                              0x00001625   Thumb Code    28  motorcontrol.o(.text.leftForward)
    leftMotorMove                            0x00001649   Thumb Code    68  motorcontrol.o(.text.leftMotorMove)
    lightAllLED                              0x00001695   Thumb Code    80  led.o(.text.lightAllLED)
    lightAllLedThread                        0x000016e5   Thumb Code    16  main.o(.text.lightAllLedThread)
    main                                     0x000016fd   Thumb Code   144  main.o(.text.main)
    offAllLED                                0x000017ad   Thumb Code    62  led.o(.text.offAllLED)
    osDelay                                  0x000017ed   Thumb Code    40  rtx_delay.o(.text.osDelay)
    osEventFlagsClear                        0x00001815   Thumb Code    36  rtx_evflags.o(.text.osEventFlagsClear)
    osEventFlagsNew                          0x00001839   Thumb Code    36  rtx_evflags.o(.text.osEventFlagsNew)
    osEventFlagsSet                          0x0000185d   Thumb Code    80  rtx_evflags.o(.text.osEventFlagsSet)
    osEventFlagsWait                         0x000018ad   Thumb Code    68  rtx_evflags.o(.text.osEventFlagsWait)
    osKernelInitialize                       0x000018f1   Thumb Code    40  rtx_kernel.o(.text.osKernelInitialize)
    osKernelStart                            0x00001919   Thumb Code    36  rtx_kernel.o(.text.osKernelStart)
    osMessageQueueGet                        0x0000193d   Thumb Code   116  rtx_msgqueue.o(.text.osMessageQueueGet)
    osMessageQueueNew                        0x000019b1   Thumb Code    36  rtx_msgqueue.o(.text.osMessageQueueNew)
    osMessageQueuePut                        0x000019d5   Thumb Code   120  rtx_msgqueue.o(.text.osMessageQueuePut)
    osRtxErrorNotify                         0x00001a4d   Thumb Code    64  rtx_config.o(.text.osRtxErrorNotify)
    osRtxIdleThread                          0x00001ac1   Thumb Code     8  rtx_config.o(.text.osRtxIdleThread)
    osRtxMemoryAlloc                         0x00001ac9   Thumb Code   124  rtx_memory.o(.text.osRtxMemoryAlloc)
    osRtxMemoryFree                          0x00001b45   Thumb Code    78  rtx_memory.o(.text.osRtxMemoryFree)
    osRtxMemoryInit                          0x00001b93   Thumb Code    50  rtx_memory.o(.text.osRtxMemoryInit)
    osRtxMemoryPoolAlloc                     0x00001bc5   Thumb Code    46  rtx_mempool.o(.text.osRtxMemoryPoolAlloc)
    osRtxMemoryPoolFree                      0x00001bf3   Thumb Code    58  rtx_mempool.o(.text.osRtxMemoryPoolFree)
    osRtxMemoryPoolInit                      0x00001c2d   Thumb Code    62  rtx_mempool.o(.text.osRtxMemoryPoolInit)
    osRtxMutexOwnerRelease                   0x00001d27   Thumb Code    68  rtx_mutex.o(.text.osRtxMutexOwnerRelease)
    osRtxPendSV_Handler                      0x00001d6d   Thumb Code   124  rtx_system.o(.text.osRtxPendSV_Handler)
    osRtxPostProcess                         0x00001de9   Thumb Code   104  rtx_system.o(.text.osRtxPostProcess)
    osRtxThreadDelayTick                     0x00001f41   Thumb Code    52  rtx_thread.o(.text.osRtxThreadDelayTick)
    osRtxThreadDispatch                      0x00001f75   Thumb Code    76  rtx_thread.o(.text.osRtxThreadDispatch)
    osRtxThreadListGet                       0x00002011   Thumb Code    20  rtx_thread.o(.text.osRtxThreadListGet)
    osRtxThreadListPut                       0x00002025   Thumb Code    44  rtx_thread.o(.text.osRtxThreadListPut)
    osRtxThreadListRemove                    0x00002051   Thumb Code    24  rtx_thread.o(.text.osRtxThreadListRemove)
    osRtxThreadReadyPut                      0x00002091   Thumb Code    20  rtx_thread.o(.text.osRtxThreadReadyPut)
    osRtxThreadRegPtr                        0x000020a5   Thumb Code     6  rtx_thread.o(.text.osRtxThreadRegPtr)
    osRtxThreadStackCheck                    0x000020ad   Thumb Code    40  rtx_thread.o(.text.osRtxThreadStackCheck)
    osRtxThreadStartup                       0x000020d5   Thumb Code    56  rtx_thread.o(.text.osRtxThreadStartup)
    osRtxThreadSwitch                        0x0000210d   Thumb Code    20  rtx_thread.o(.text.osRtxThreadSwitch)
    osRtxThreadWaitEnter                     0x00002121   Thumb Code    60  rtx_thread.o(.text.osRtxThreadWaitEnter)
    osRtxThreadWaitExit                      0x0000215d   Thumb Code    34  rtx_thread.o(.text.osRtxThreadWaitExit)
    osRtxTick_Handler                        0x00002181   Thumb Code   112  rtx_system.o(.text.osRtxTick_Handler)
    osRtxTimerThread                         0x000021f1   Thumb Code    60  rtx_timer.o(.text.osRtxTimerThread)
    osThreadExit                             0x0000228d   Thumb Code    12  rtx_thread.o(.text.osThreadExit)
    osThreadNew                              0x00002299   Thumb Code    36  rtx_thread.o(.text.osThreadNew)
    playEndAudio                             0x000022bd   Thumb Code   140  audio.o(.text.playEndAudio)
    pwm_cal                                  0x0000234d   Thumb Code    28  motorcontrol.o(.text.pwm_cal)
    right                                    0x0000236d   Thumb Code    28  motorcontrol.o(.text.right)
    rightBackward                            0x00002389   Thumb Code    28  motorcontrol.o(.text.rightBackward)
    rightForward                             0x000023a5   Thumb Code    28  motorcontrol.o(.text.rightForward)
    rightMotorMove                           0x000023c9   Thumb Code    68  motorcontrol.o(.text.rightMotorMove)
    run_sound_thread                         0x00002415   Thumb Code   156  main.o(.text.run_sound_thread)
    runningLED                               0x000024bd   Thumb Code   248  led.o(.text.runningLED)
    runningLedThread                         0x000025b9   Thumb Code    16  main.o(.text.runningLedThread)
    setLEDOutput                             0x000025d1   Thumb Code    68  led.o(.text.setLEDOutput)
    stop                                     0x00002615   Thumb Code    28  motorcontrol.o(.text.stop)
    stopSound                                0x00002631   Thumb Code    24  audio.o(.text.stopSound)
    __scatterload_copy                       0x00002f7d   Thumb Code    14  handlers.o(i.__scatterload_copy)
    __scatterload_zeroinit                   0x00002f8b   Thumb Code    14  handlers.o(i.__scatterload_zeroinit)
    osRtxConfig                              0x00002f98   Data         104  rtx_lib.o(.rodata)
    os_cb_sections                           0x00003000   Data          56  rtx_lib.o(.rodata)
    allled_attr                              0x00003038   Data          36  main.o(.rodata.allled_attr)
    flashled_attr1                           0x0000305c   Data          36  main.o(.rodata.flashled_attr1)
    flashled_attr2                           0x00003080   Data          36  main.o(.rodata.flashled_attr2)
    osRtxUserSVC                             0x000030a4   Data           4  rtx_lib.o(.rodata.osRtxUserSVC)
    runningled_attr                          0x00003108   Data          36  main.o(.rodata.runningled_attr)
    Region$$Table$$Base                      0x00003138   Number         0  anon$$obj.o(Region$$Table)
    Region$$Table$$Limit                     0x00003158   Number         0  anon$$obj.o(Region$$Table)
    SystemCoreClock                          0x1ffff000   Data           4  system_mkl25z4.o(.data.SystemCoreClock)
    end_song                                 0x1ffff004   Data         104  audio.o(.data.end_song)
    osRtxInfo                                0x1ffff06c   Data         164  rtx_kernel.o(.data.os)
    run_song                                 0x1ffff110   Data         704  main.o(.data.run_song)
    flagEndingSound                          0x1ffff5d8   Data           4  main.o(.bss.flagEndingSound)
    flagFinish                               0x1ffff5dc   Data           4  main.o(.bss.flagFinish)
    flagRunning                              0x1ffff5e0   Data           4  main.o(.bss.flagRunning)
    flagRunningSound                         0x1ffff5e4   Data           4  main.o(.bss.flagRunningSound)
    flagStation                              0x1ffff5e8   Data           4  main.o(.bss.flagStation)
    .bss.os.msgqueue.cb$$Base                0x20000a30   Number         0  rtx_lib.o(.bss.os.msgqueue.cb)
    .bss.os.msgqueue.cb$$Limit               0x20000a64   Number         0  rtx_lib.o(.bss.os.msgqueue.cb)
    .bss.os.thread.cb$$Base                  0x20000ab4   Number         0  rtx_lib.o(.bss.os.thread.cb)
    .bss.os.thread.cb$$Limit                 0x20000b3c   Number         0  rtx_lib.o(.bss.os.thread.cb)
    rx_data                                  0x20000f40   Data           1  main.o(.bss.rx_data)
    __initial_sp                             0x20001048   Data           0  startup_mkl25z4.o(STACK)



==============================================================================

Memory Map of the image

  Image Entry point : 0x000000d5

  Load Region LR_1 (Base: 0x00000000, Size: 0x00003528, Max: 0xffffffff, ABSOLUTE, COMPRESSED[0x00003220])

    Execution Region ER_RO (Exec base: 0x00000000, Load base: 0x00000000, Size: 0x00003158, Max: 0xffffffff, ABSOLUTE)

    Exec Addr    Load Addr    Size         Type   Attr      Idx    E Section Name        Object

    0x00000000   0x00000000   0x000000c0   Data   RO          168    RESET               startup_mkl25z4.o
    0x000000c0   0x000000c0   0x00000000   Code   RO          695  * .ARM.Collect$$$$00000000  mc_p.l(entry.o)
    0x000000c0   0x000000c0   0x00000004   Code   RO          718    .ARM.Collect$$$$00000001  mc_p.l(entry2.o)
    0x000000c4   0x000000c4   0x00000004   Code   RO          721    .ARM.Collect$$$$00000004  mc_p.l(entry5.o)
    0x000000c8   0x000000c8   0x00000000   Code   RO          723    .ARM.Collect$$$$00000008  mc_p.l(entry7b.o)
    0x000000c8   0x000000c8   0x00000000   Code   RO          725    .ARM.Collect$$$$0000000A  mc_p.l(entry8b.o)
    0x000000c8   0x000000c8   0x00000008   Code   RO          726    .ARM.Collect$$$$0000000B  mc_p.l(entry9a.o)
    0x000000d0   0x000000d0   0x00000000   Code   RO          728    .ARM.Collect$$$$0000000D  mc_p.l(entry10a.o)
    0x000000d0   0x000000d0   0x00000000   Code   RO          730    .ARM.Collect$$$$0000000F  mc_p.l(entry11a.o)
    0x000000d0   0x000000d0   0x00000004   Code   RO          719    .ARM.Collect$$$$00002712  mc_p.l(entry2.o)
    0x000000d4   0x000000d4   0x00000028   Code   RO          170  * .text               startup_mkl25z4.o
    0x000000fc   0x000000fc   0x000000a4   Code   RO          447    .text               RTX_CM0.lib(irq_cm0.o)
    0x000001a0   0x000001a0   0x00000024   Code   RO          704    .text               mc_p.l(memcpya.o)
    0x000001c4   0x000001c4   0x00000024   Code   RO          706    .text               mc_p.l(memseta.o)
    0x000001e8   0x000001e8   0x0000007a   Code   RO          710    .text               mf_p.l(fmul.o)
    0x00000262   0x00000262   0x0000007c   Code   RO          712    .text               mf_p.l(fdiv.o)
    0x000002de   0x000002de   0x00000016   Code   RO          714    .text               mf_p.l(fflti.o)
    0x000002f4   0x000002f4   0x00000032   Code   RO          716    .text               mf_p.l(ffixi.o)
    0x00000326   0x00000326   0x0000003e   Code   RO          734    .text               mc_p.l(uidiv_div0.o)
    0x00000364   0x00000364   0x00000050   Code   RO          736    .text               mc_p.l(idiv_div0.o)
    0x000003b4   0x000003b4   0x00000000   Code   RO          740    .text               mc_p.l(iusefp.o)
    0x000003b4   0x000003b4   0x00000024   Code   RO          743    .text               mc_p.l(init.o)
    0x000003d8   0x000003d8   0x0000001e   Code   RO          671    .text.MessageQueueRemove  RTX_CM0.lib(rtx_msgqueue.o)
    0x000003f6   0x000003f6   0x00000006   Code   RO          619    .text.OS_Tick_GetIRQn  RTX_CM0.lib(os_systick.o)
    0x000003fc   0x000003fc   0x00000002   Code   RO          191    .text.osRtxKernelPreInit  RTX_CM0.lib(rtx_kernel.o)
    0x000003fe   0x000003fe   0x00000002   Code   RO          748    i.__scatterload_null  mc_p.l(handlers.o)
    0x00000400   0x00000400   0x00000010   Code   RO          169    .ARM.__at_0x400     startup_mkl25z4.o
    0x00000410   0x00000410   0x00000082   Code   RO          741    .text               mf_p.l(fepilogue.o)
    0x00000492   0x00000492   0x00000056   Code   RO          753    .text               mc_p.l(__dczerorl2.o)
    0x000004e8   0x000004e8   0x0000004e   Code   RO          428    .text.EventFlagsCheck  RTX_CM0.lib(rtx_evflags.o)
    0x00000536   0x00000536   0x0000004c   Code   RO          679    .text.MessageQueueGet  RTX_CM0.lib(rtx_msgqueue.o)
    0x00000582   0x00000582   0x00000062   Code   RO          673    .text.MessageQueuePut  RTX_CM0.lib(rtx_msgqueue.o)
    0x000005e4   0x000005e4   0x00000008   Code   RO          617    .text.OS_Tick_AcknowledgeIRQ  RTX_CM0.lib(os_systick.o)
    0x000005ec   0x000005ec   0x00000024   Code   RO          613    .text.OS_Tick_Enable  RTX_CM0.lib(os_systick.o)
    0x00000610   0x00000610   0x00000048   Code   RO          611    .text.OS_Tick_Setup  RTX_CM0.lib(os_systick.o)
    0x00000658   0x00000658   0x00000210   Code   RO          181    .text.SystemCoreClockUpdate  system_mkl25z4.o
    0x00000868   0x00000868   0x00000150   Code   RO          179    .text.SystemInit    system_mkl25z4.o
    0x000009b8   0x000009b8   0x0000004e   Code   RO          336    .text.ThreadFlagsCheck  RTX_CM0.lib(rtx_thread.o)
    0x00000a06   0x00000a06   0x00000002   PAD
    0x00000a08   0x00000a08   0x0000004c   Code   RO          468    .text.TimerInsert   RTX_CM0.lib(rtx_timer.o)
    0x00000a54   0x00000a54   0x00000028   Code   RO           10    .text.UART2_IRQHandler  main.o
    0x00000a7c   0x00000a7c   0x00000028   Code   RO           12    .text.__NVIC_ClearPendingIRQ  main.o
    0x00000aa4   0x00000aa4   0x0000002c   Code   RO           84    .text.__NVIC_ClearPendingIRQ  serial.o
    0x00000ad0   0x00000ad0   0x0000002c   Code   RO           86    .text.__NVIC_EnableIRQ  serial.o
    0x00000afc   0x00000afc   0x00000084   Code   RO           82    .text.__NVIC_SetPriority  serial.o
    0x00000b80   0x00000b80   0x00000024   Code   RO           57    .text.backward      motorcontrol.o
    0x00000ba4   0x00000ba4   0x0000020c   Code   RO           20    .text.control       main.o
    0x00000db0   0x00000db0   0x00000024   Code   RO           97    .text.duty_cycle_calc  audio.o
    0x00000dd4   0x00000dd4   0x00000020   Code   RO           16    .text.end_sound_thread  main.o
    0x00000df4   0x00000df4   0x00000150   Code   RO          123    .text.flashLEDFast  led.o
    0x00000f44   0x00000f44   0x00000150   Code   RO          125    .text.flashLEDSlow  led.o
    0x00001094   0x00001094   0x00000018   Code   RO            6    .text.flashLedMovingThread  main.o
    0x000010ac   0x000010ac   0x00000018   Code   RO            4    .text.flashLedStationaryThread  main.o
    0x000010c4   0x000010c4   0x00000020   Code   RO           55    .text.forward       motorcontrol.o
    0x000010e4   0x000010e4   0x00000018   Code   RO           95    .text.freq_calc     audio.o
    0x000010fc   0x000010fc   0x00000078   Code   RO           99    .text.initAudio     audio.o
    0x00001174   0x00001174   0x00000110   Code   RO          119    .text.initBackLED   led.o
    0x00001284   0x00001284   0x00000124   Code   RO          117    .text.initFrontLED  led.o
    0x000013a8   0x000013a8   0x00000054   Code   RO          113    .text.initLED       led.o
    0x000013fc   0x000013fc   0x00000128   Code   RO           49    .text.initMotor     motorcontrol.o
    0x00001524   0x00001524   0x000000c8   Code   RO           80    .text.initUART2     serial.o
    0x000015ec   0x000015ec   0x0000001c   Code   RO           59    .text.left          motorcontrol.o
    0x00001608   0x00001608   0x0000001c   Code   RO           71    .text.leftBackward  motorcontrol.o
    0x00001624   0x00001624   0x00000024   Code   RO           69    .text.leftForward   motorcontrol.o
    0x00001648   0x00001648   0x0000004c   Code   RO           53    .text.leftMotorMove  motorcontrol.o
    0x00001694   0x00001694   0x00000050   Code   RO          127    .text.lightAllLED   led.o
    0x000016e4   0x000016e4   0x00000018   Code   RO            8    .text.lightAllLedThread  main.o
    0x000016fc   0x000016fc   0x000000b0   Code   RO           22    .text.main          main.o
    0x000017ac   0x000017ac   0x0000003e   Code   RO          121    .text.offAllLED     led.o
    0x000017ea   0x000017ea   0x00000002   PAD
    0x000017ec   0x000017ec   0x00000028   Code   RO          389    .text.osDelay       RTX_CM0.lib(rtx_delay.o)
    0x00001814   0x00001814   0x00000024   Code   RO          412    .text.osEventFlagsClear  RTX_CM0.lib(rtx_evflags.o)
    0x00001838   0x00001838   0x00000024   Code   RO          406    .text.osEventFlagsNew  RTX_CM0.lib(rtx_evflags.o)
    0x0000185c   0x0000185c   0x00000050   Code   RO          410    .text.osEventFlagsSet  RTX_CM0.lib(rtx_evflags.o)
    0x000018ac   0x000018ac   0x00000044   Code   RO          420    .text.osEventFlagsWait  RTX_CM0.lib(rtx_evflags.o)
    0x000018f0   0x000018f0   0x00000028   Code   RO          193    .text.osKernelInitialize  RTX_CM0.lib(rtx_kernel.o)
    0x00001918   0x00001918   0x00000024   Code   RO          203    .text.osKernelStart  RTX_CM0.lib(rtx_kernel.o)
    0x0000193c   0x0000193c   0x00000074   Code   RO          645    .text.osMessageQueueGet  RTX_CM0.lib(rtx_msgqueue.o)
    0x000019b0   0x000019b0   0x00000024   Code   RO          639    .text.osMessageQueueNew  RTX_CM0.lib(rtx_msgqueue.o)
    0x000019d4   0x000019d4   0x00000078   Code   RO          643    .text.osMessageQueuePut  RTX_CM0.lib(rtx_msgqueue.o)
    0x00001a4c   0x00001a4c   0x00000040   Code   RO          158    .text.osRtxErrorNotify  rtx_config.o
    0x00001a8c   0x00001a8c   0x00000034   Code   RO          426    .text.osRtxEventFlagsPostProcess  RTX_CM0.lib(rtx_evflags.o)
    0x00001ac0   0x00001ac0   0x00000008   Code   RO          156    .text.osRtxIdleThread  rtx_config.o
    0x00001ac8   0x00001ac8   0x0000007c   Code   RO          530    .text.osRtxMemoryAlloc  RTX_CM0.lib(rtx_memory.o)
    0x00001b44   0x00001b44   0x0000004e   Code   RO          532    .text.osRtxMemoryFree  RTX_CM0.lib(rtx_memory.o)
    0x00001b92   0x00001b92   0x00000032   Code   RO          528    .text.osRtxMemoryInit  RTX_CM0.lib(rtx_memory.o)
    0x00001bc4   0x00001bc4   0x0000002e   Code   RO          545    .text.osRtxMemoryPoolAlloc  RTX_CM0.lib(rtx_mempool.o)
    0x00001bf2   0x00001bf2   0x0000003a   Code   RO          547    .text.osRtxMemoryPoolFree  RTX_CM0.lib(rtx_mempool.o)
    0x00001c2c   0x00001c2c   0x0000003e   Code   RO          543    .text.osRtxMemoryPoolInit  RTX_CM0.lib(rtx_mempool.o)
    0x00001c6a   0x00001c6a   0x000000bc   Code   RO          669    .text.osRtxMessageQueuePostProcess  RTX_CM0.lib(rtx_msgqueue.o)
    0x00001d26   0x00001d26   0x00000044   Code   RO          493    .text.osRtxMutexOwnerRelease  RTX_CM0.lib(rtx_mutex.o)
    0x00001d6a   0x00001d6a   0x00000002   PAD
    0x00001d6c   0x00001d6c   0x0000007c   Code   RO          598    .text.osRtxPendSV_Handler  RTX_CM0.lib(rtx_system.o)
    0x00001de8   0x00001de8   0x00000068   Code   RO          600    .text.osRtxPostProcess  RTX_CM0.lib(rtx_system.o)
    0x00001e50   0x00001e50   0x00000034   Code   RO          276    .text.osRtxThreadBlock  RTX_CM0.lib(rtx_thread.o)
    0x00001e84   0x00001e84   0x0000007c   Code   RO          284    .text.osRtxThreadDelayInsert  RTX_CM0.lib(rtx_thread.o)
    0x00001f00   0x00001f00   0x00000040   Code   RO          280    .text.osRtxThreadDelayRemove  RTX_CM0.lib(rtx_thread.o)
    0x00001f40   0x00001f40   0x00000034   Code   RO          266    .text.osRtxThreadDelayTick  RTX_CM0.lib(rtx_thread.o)
    0x00001f74   0x00001f74   0x0000004c   Code   RO          274    .text.osRtxThreadDispatch  RTX_CM0.lib(rtx_thread.o)
    0x00001fc0   0x00001fc0   0x00000050   Code   RO          360    .text.osRtxThreadFree  RTX_CM0.lib(rtx_thread.o)
    0x00002010   0x00002010   0x00000014   Code   RO          258    .text.osRtxThreadListGet  RTX_CM0.lib(rtx_thread.o)
    0x00002024   0x00002024   0x0000002c   Code   RO          256    .text.osRtxThreadListPut  RTX_CM0.lib(rtx_thread.o)
    0x00002050   0x00002050   0x00000018   Code   RO          262    .text.osRtxThreadListRemove  RTX_CM0.lib(rtx_thread.o)
    0x00002068   0x00002068   0x00000026   Code   RO          334    .text.osRtxThreadPostProcess  RTX_CM0.lib(rtx_thread.o)
    0x0000208e   0x0000208e   0x00000002   PAD
    0x00002090   0x00002090   0x00000014   Code   RO          264    .text.osRtxThreadReadyPut  RTX_CM0.lib(rtx_thread.o)
    0x000020a4   0x000020a4   0x00000006   Code   RO          268    .text.osRtxThreadRegPtr  RTX_CM0.lib(rtx_thread.o)
    0x000020aa   0x000020aa   0x00000002   PAD
    0x000020ac   0x000020ac   0x00000028   Code   RO          272    .text.osRtxThreadStackCheck  RTX_CM0.lib(rtx_thread.o)
    0x000020d4   0x000020d4   0x00000038   Code   RO          286    .text.osRtxThreadStartup  RTX_CM0.lib(rtx_thread.o)
    0x0000210c   0x0000210c   0x00000014   Code   RO          270    .text.osRtxThreadSwitch  RTX_CM0.lib(rtx_thread.o)
    0x00002120   0x00002120   0x0000003c   Code   RO          282    .text.osRtxThreadWaitEnter  RTX_CM0.lib(rtx_thread.o)
    0x0000215c   0x0000215c   0x00000022   Code   RO          278    .text.osRtxThreadWaitExit  RTX_CM0.lib(rtx_thread.o)
    0x0000217e   0x0000217e   0x00000002   PAD
    0x00002180   0x00002180   0x00000070   Code   RO          596    .text.osRtxTick_Handler  RTX_CM0.lib(rtx_system.o)
    0x000021f0   0x000021f0   0x0000003c   Code   RO          452    .text.osRtxTimerThread  RTX_CM0.lib(rtx_timer.o)
    0x0000222c   0x0000222c   0x00000060   Code   RO          454    .text.osRtxTimerTick  RTX_CM0.lib(rtx_timer.o)
    0x0000228c   0x0000228c   0x0000000c   Code   RO          318    .text.osThreadExit  RTX_CM0.lib(rtx_thread.o)
    0x00002298   0x00002298   0x00000024   Code   RO          290    .text.osThreadNew   RTX_CM0.lib(rtx_thread.o)
    0x000022bc   0x000022bc   0x00000090   Code   RO          101    .text.playEndAudio  audio.o
    0x0000234c   0x0000234c   0x00000020   Code   RO           47    .text.pwm_cal       motorcontrol.o
    0x0000236c   0x0000236c   0x0000001c   Code   RO           61    .text.right         motorcontrol.o
    0x00002388   0x00002388   0x0000001c   Code   RO           67    .text.rightBackward  motorcontrol.o
    0x000023a4   0x000023a4   0x00000024   Code   RO           65    .text.rightForward  motorcontrol.o
    0x000023c8   0x000023c8   0x0000004c   Code   RO           51    .text.rightMotorMove  motorcontrol.o
    0x00002414   0x00002414   0x000000a8   Code   RO           14    .text.run_sound_thread  main.o
    0x000024bc   0x000024bc   0x000000fc   Code   RO          129    .text.runningLED    led.o
    0x000025b8   0x000025b8   0x00000018   Code   RO            2    .text.runningLedThread  main.o
    0x000025d0   0x000025d0   0x00000044   Code   RO          115    .text.setLEDOutput  led.o
    0x00002614   0x00002614   0x0000001c   Code   RO           63    .text.stop          motorcontrol.o
    0x00002630   0x00002630   0x00000020   Code   RO          103    .text.stopSound     audio.o
    0x00002650   0x00002650   0x00000012   Code   RO          393    .text.svcRtxDelay   RTX_CM0.lib(rtx_delay.o)
    0x00002662   0x00002662   0x00000032   Code   RO          414    .text.svcRtxEventFlagsClear  RTX_CM0.lib(rtx_evflags.o)
    0x00002694   0x00002694   0x00000070   Code   RO          424    .text.svcRtxEventFlagsNew  RTX_CM0.lib(rtx_evflags.o)
    0x00002704   0x00002704   0x0000007c   Code   RO          432    .text.svcRtxEventFlagsSet  RTX_CM0.lib(rtx_evflags.o)
    0x00002780   0x00002780   0x00000060   Code   RO          434    .text.svcRtxEventFlagsWait  RTX_CM0.lib(rtx_evflags.o)
    0x000027e0   0x000027e0   0x00000140   Code   RO          231    .text.svcRtxKernelInitialize  RTX_CM0.lib(rtx_kernel.o)
    0x00002920   0x00002920   0x00000080   Code   RO          233    .text.svcRtxKernelStart  RTX_CM0.lib(rtx_kernel.o)
    0x000029a0   0x000029a0   0x000000e8   Code   RO          681    .text.svcRtxMessageQueueGet  RTX_CM0.lib(rtx_msgqueue.o)
    0x00002a88   0x00002a88   0x000001e4   Code   RO          667    .text.svcRtxMessageQueueNew  RTX_CM0.lib(rtx_msgqueue.o)
    0x00002c6c   0x00002c6c   0x000000b8   Code   RO          677    .text.svcRtxMessageQueuePut  RTX_CM0.lib(rtx_msgqueue.o)
    0x00002d24   0x00002d24   0x0000006c   Code   RO          364    .text.svcRtxThreadExit  RTX_CM0.lib(rtx_thread.o)
    0x00002d90   0x00002d90   0x000001ec   Code   RO          288    .text.svcRtxThreadNew  RTX_CM0.lib(rtx_thread.o)
    0x00002f7c   0x00002f7c   0x0000000e   Code   RO          747    i.__scatterload_copy  mc_p.l(handlers.o)
    0x00002f8a   0x00002f8a   0x0000000e   Code   RO          749    i.__scatterload_zeroinit  mc_p.l(handlers.o)
    0x00002f98   0x00002f98   0x00000068   Data   RO          143    .rodata             rtx_lib.o
    0x00003000   0x00003000   0x00000038   Data   RO          146    .rodata             rtx_lib.o
    0x00003038   0x00003038   0x00000024   Data   RO           31    .rodata.allled_attr  main.o
    0x0000305c   0x0000305c   0x00000024   Data   RO           27    .rodata.flashled_attr1  main.o
    0x00003080   0x00003080   0x00000024   Data   RO           29    .rodata.flashled_attr2  main.o
    0x000030a4   0x000030a4   0x00000004   Data   RO          145    .rodata.osRtxUserSVC  rtx_lib.o
    0x000030a8   0x000030a8   0x00000024   Data   RO          140    .rodata.os_idle_thread_attr  rtx_lib.o
    0x000030cc   0x000030cc   0x00000018   Data   RO          142    .rodata.os_timer_mq_attr  rtx_lib.o
    0x000030e4   0x000030e4   0x00000024   Data   RO          141    .rodata.os_timer_thread_attr  rtx_lib.o
    0x00003108   0x00003108   0x00000024   Data   RO           25    .rodata.runningled_attr  main.o
    0x0000312c   0x0000312c   0x0000000b   Data   RO          245    .rodata.str1.4      RTX_CM0.lib(rtx_kernel.o)
    0x00003137   0x00003137   0x00000001   PAD
    0x00003138   0x00003138   0x00000020   Data   RO          746    Region$$Table       anon$$obj.o


    Execution Region ER_RW (Exec base: 0x1ffff000, Load base: 0x00003158, Size: 0x000003d0, Max: 0xffffffff, ABSOLUTE, COMPRESSED[0x000000c8])

    Exec Addr    Load Addr    Size         Type   Attr      Idx    E Section Name        Object

    0x1ffff000   COMPRESSED   0x00000004   Data   RW          183    .data.SystemCoreClock  system_mkl25z4.o
    0x1ffff004   COMPRESSED   0x00000068   Data   RW          105    .data.end_song      audio.o
    0x1ffff06c   COMPRESSED   0x000000a4   Data   RW          246    .data.os            RTX_CM0.lib(rtx_kernel.o)
    0x1ffff110   COMPRESSED   0x000002c0   Data   RW           32    .data.run_song      main.o


    Execution Region ER_ZI (Exec base: 0x1ffff3d0, Load base: 0x00003220, Size: 0x00001c78, Max: 0xffffffff, ABSOLUTE)

    Exec Addr    Load Addr    Size         Type   Attr      Idx    E Section Name        Object

    0x1ffff3d0        -       0x00000001   Zero   RW          629    .bss.PendST         RTX_CM0.lib(os_systick.o)
    0x1ffff3d1   0x00003220   0x00000007   PAD
    0x1ffff3d8        -       0x00000200   Zero   RW           30    .bss.allled_stk     main.o
    0x1ffff5d8        -       0x00000004   Zero   RW           35    .bss.flagEndingSound  main.o
    0x1ffff5dc        -       0x00000004   Zero   RW           38    .bss.flagFinish     main.o
    0x1ffff5e0        -       0x00000004   Zero   RW           36    .bss.flagRunning    main.o
    0x1ffff5e4        -       0x00000004   Zero   RW           34    .bss.flagRunningSound  main.o
    0x1ffff5e8        -       0x00000004   Zero   RW           37    .bss.flagStation    main.o
    0x1ffff5ec   0x00003220   0x00000004   PAD
    0x1ffff5f0        -       0x00000200   Zero   RW           26    .bss.flashled_stk1  main.o
    0x1ffff7f0        -       0x00000200   Zero   RW           28    .bss.flashled_stk2  main.o
    0x1ffff9f0        -       0x00001040   Zero   RW          139    .bss.os             rtx_lib.o
    0x20000a30        -       0x00000034   Zero   RW          149    .bss.os.msgqueue.cb  rtx_lib.o
    0x20000a64        -       0x00000050   Zero   RW          150    .bss.os.msgqueue.mem  rtx_lib.o
    0x20000ab4        -       0x00000088   Zero   RW          147    .bss.os.thread.cb   rtx_lib.o
    0x20000b3c   0x00003220   0x00000004   PAD
    0x20000b40        -       0x00000200   Zero   RW          148    .bss.os.thread.stack  rtx_lib.o
    0x20000d40        -       0x00000200   Zero   RW           24    .bss.runningled_stk  main.o
    0x20000f40        -       0x00000001   Zero   RW           33    .bss.rx_data        main.o
    0x20000f41   0x00003220   0x00000007   PAD
    0x20000f48        -       0x00000100   Zero   RW          166    STACK               startup_mkl25z4.o


==============================================================================

Image component sizes


      Code (inc. data)   RO Data    RW Data    ZI Data      Debug   Object Name

       356         28          0        104          0       2684   audio.o
      1782         48          0          0          0       4439   led.o
      1076        100        144        704       2069       6660   main.o
       760        112          0          0          0       3322   motorcontrol.o
        72         20          0          0          0        722   rtx_config.o
         0          0        260          0       4940       5489   rtx_lib.o
       420         60          0          0          0       3826   serial.o
        56         30        192          0        256        876   startup_mkl25z4.o
       864        100          0          4          0       3324   system_mkl25z4.o

    ----------------------------------------------------------------------
      5388        498        628        812       7280      31342   Object Totals
         0          0         32          0          0          0   (incl. Generated)
         2          0          0          0         15          0   (incl. Padding)

    ----------------------------------------------------------------------

      Code (inc. data)   RO Data    RW Data    ZI Data      Debug   Library Member Name

       164          8          0          0          0        496   irq_cm0.o
       122         16          0          0          1       2766   os_systick.o
        58          4          0          0          0       2753   rtx_delay.o
       732         20          0          0          0      12348   rtx_evflags.o
       526         24         11        164          0      16105   rtx_kernel.o
       252          0          0          0          0       2564   rtx_memory.o
       166          0          0          0          0      14282   rtx_mempool.o
      1564         40          0          0          0      17889   rtx_msgqueue.o
        68          0          0          0          0       9201   rtx_mutex.o
       340         14          0          0          0       4635   rtx_system.o
      1536         56          0          0          0      30867   rtx_thread.o
       232         20          0          0          0      10018   rtx_timer.o
        86          0          0          0          0          0   __dczerorl2.o
         0          0          0          0          0          0   entry.o
         0          0          0          0          0          0   entry10a.o
         0          0          0          0          0          0   entry11a.o
         8          4          0          0          0          0   entry2.o
         4          0          0          0          0          0   entry5.o
         0          0          0          0          0          0   entry7b.o
         0          0          0          0          0          0   entry8b.o
         8          4          0          0          0          0   entry9a.o
        30          0          0          0          0          0   handlers.o
        80          6          0          0          0         72   idiv_div0.o
        36          8          0          0          0         68   init.o
         0          0          0          0          0          0   iusefp.o
        36          0          0          0          0         60   memcpya.o
        36          0          0          0          0        100   memseta.o
        62          0          0          0          0         72   uidiv_div0.o
       124          0          0          0          0         72   fdiv.o
       130          0          0          0          0        144   fepilogue.o
        50          0          0          0          0         60   ffixi.o
        22          0          0          0          0         68   fflti.o
       122          0          0          0          0         72   fmul.o

    ----------------------------------------------------------------------
      6604        224         12        164          8     124712   Library Totals
        10          0          1          0          7          0   (incl. Padding)

    ----------------------------------------------------------------------

      Code (inc. data)   RO Data    RW Data    ZI Data      Debug   Library Name

      5760        202         11        164          1     123924   RTX_CM0.lib
       386         22          0          0          0        372   mc_p.l
       448          0          0          0          0        416   mf_p.l

    ----------------------------------------------------------------------
      6604        224         12        164          8     124712   Library Totals

    ----------------------------------------------------------------------

==============================================================================


      Code (inc. data)   RO Data    RW Data    ZI Data      Debug   

     11992        722        640        976       7288     155638   Grand Totals
     11992        722        640        200       7288     155638   ELF Image Totals (compressed)
     11992        722        640        200          0          0   ROM Totals

==============================================================================

    Total RO  Size (Code + RO Data)                12632 (  12.34kB)
    Total RW  Size (RW Data + ZI Data)              8264 (   8.07kB)
    Total ROM Size (Code + RO Data + RW Data)      12832 (  12.53kB)

==============================================================================

