Component: Arm Compiler for Embedded 6.19 Tool: armlink [5e73cb00]

==============================================================================

Section Cross References

    main.o(.text.runningLedThread) refers to rtx_thread.o(.text.osThreadNew) for osThreadNew
    main.o(.text.runningLedThread) refers to led.o(.text.runningLED) for runningLED
    main.o(.text.runningLedThread) refers to main.o(.rodata.runningled_attr) for runningled_attr
    main.o(.ARM.exidx.text.runningLedThread) refers to main.o(.text.runningLedThread) for [Anonymous Symbol]
    main.o(.text.flashLedStationaryThread) refers to rtx_thread.o(.text.osThreadNew) for osThreadNew
    main.o(.text.flashLedStationaryThread) refers to led.o(.text.flashLEDFast) for flashLEDFast
    main.o(.text.flashLedStationaryThread) refers to main.o(.rodata.flashled_attr1) for flashled_attr1
    main.o(.ARM.exidx.text.flashLedStationaryThread) refers to main.o(.text.flashLedStationaryThread) for [Anonymous Symbol]
    main.o(.text.flashLedMovingThread) refers to rtx_thread.o(.text.osThreadNew) for osThreadNew
    main.o(.text.flashLedMovingThread) refers to led.o(.text.flashLEDSlow) for flashLEDSlow
    main.o(.text.flashLedMovingThread) refers to main.o(.rodata.flashled_attr2) for flashled_attr2
    main.o(.ARM.exidx.text.flashLedMovingThread) refers to main.o(.text.flashLedMovingThread) for [Anonymous Symbol]
    main.o(.text.lightAllLedThread) refers to rtx_thread.o(.text.osThreadNew) for osThreadNew
    main.o(.text.lightAllLedThread) refers to led.o(.text.lightAllLED) for lightAllLED
    main.o(.text.lightAllLedThread) refers to main.o(.rodata.allled_attr) for allled_attr
    main.o(.ARM.exidx.text.lightAllLedThread) refers to main.o(.text.lightAllLedThread) for [Anonymous Symbol]
    main.o(.text.UART2_IRQHandler) refers to main.o(.text.__NVIC_ClearPendingIRQ) for __NVIC_ClearPendingIRQ
    main.o(.text.UART2_IRQHandler) refers to main.o(.bss.rx_data) for rx_data
    main.o(.ARM.exidx.text.UART2_IRQHandler) refers to main.o(.text.UART2_IRQHandler) for [Anonymous Symbol]
    main.o(.ARM.exidx.text.__NVIC_ClearPendingIRQ) refers to main.o(.text.__NVIC_ClearPendingIRQ) for [Anonymous Symbol]
    main.o(.text.run_sound_thread) refers to rtx_evflags.o(.text.osEventFlagsWait) for osEventFlagsWait
    main.o(.text.run_sound_thread) refers to idiv_div0.o(.text) for __aeabi_idiv
    main.o(.text.run_sound_thread) refers to audio.o(.text.freq_calc) for freq_calc
    main.o(.text.run_sound_thread) refers to audio.o(.text.duty_cycle_calc) for duty_cycle_calc
    main.o(.text.run_sound_thread) refers to rtx_delay.o(.text.osDelay) for osDelay
    main.o(.text.run_sound_thread) refers to main.o(.bss.flagRunningSound) for flagRunningSound
    main.o(.text.run_sound_thread) refers to main.o(.data.run_song) for run_song
    main.o(.ARM.exidx.text.run_sound_thread) refers to main.o(.text.run_sound_thread) for [Anonymous Symbol]
    main.o(.ARM.exidx.text.UART2_Receive_Poll) refers to main.o(.text.UART2_Receive_Poll) for [Anonymous Symbol]
    main.o(.text.poll_thread) refers to main.o(.text.UART2_Receive_Poll) for UART2_Receive_Poll
    main.o(.text.poll_thread) refers to main.o(.bss.rx_data) for rx_data
    main.o(.ARM.exidx.text.poll_thread) refers to main.o(.text.poll_thread) for [Anonymous Symbol]
    main.o(.text.end_sound_thread) refers to rtx_evflags.o(.text.osEventFlagsWait) for osEventFlagsWait
    main.o(.text.end_sound_thread) refers to audio.o(.text.playEndAudio) for playEndAudio
    main.o(.text.end_sound_thread) refers to main.o(.bss.flagEndingSound) for flagEndingSound
    main.o(.ARM.exidx.text.end_sound_thread) refers to main.o(.text.end_sound_thread) for [Anonymous Symbol]
    main.o(.text.control) refers to rtx_evflags.o(.text.osEventFlagsClear) for osEventFlagsClear
    main.o(.text.control) refers to rtx_evflags.o(.text.osEventFlagsSet) for osEventFlagsSet
    main.o(.text.control) refers to motorcontrol.o(.text.forward) for forward
    main.o(.text.control) refers to motorcontrol.o(.text.backward) for backward
    main.o(.text.control) refers to motorcontrol.o(.text.left) for left
    main.o(.text.control) refers to motorcontrol.o(.text.right) for right
    main.o(.text.control) refers to motorcontrol.o(.text.stop) for stop
    main.o(.text.control) refers to motorcontrol.o(.text.rightForward) for rightForward
    main.o(.text.control) refers to motorcontrol.o(.text.leftForward) for leftForward
    main.o(.text.control) refers to motorcontrol.o(.text.rightBackward) for rightBackward
    main.o(.text.control) refers to motorcontrol.o(.text.leftBackward) for leftBackward
    main.o(.text.control) refers to audio.o(.text.stopSound) for stopSound
    main.o(.text.control) refers to main.o(.bss.flagRunning) for flagRunning
    main.o(.text.control) refers to main.o(.bss.flagRunningSound) for flagRunningSound
    main.o(.text.control) refers to main.o(.bss.flagStation) for flagStation
[...]
    Removing rtx_mempool.o(.text.svcRtxMemoryPoolGetCapacity), (18 bytes).
    Removing rtx_mempool.o(.ARM.exidx.text.svcRtxMemoryPoolGetCapacity), (8 bytes).
    Removing rtx_mempool.o(.text.osMemoryPoolGetBlockSize), (48 bytes).
    Removing rtx_mempool.o(.ARM.exidx.text.osMemoryPoolGetBlockSize), (8 bytes).
    Removing rtx_mempool.o(.text.svcRtxMemoryPoolGetBlockSize), (18 bytes).
    Removing rtx_mempool.o(.ARM.exidx.text.svcRtxMemoryPoolGetBlockSize), (8 bytes).
    Removing rtx_mempool.o(.text.osMemoryPoolGetCount), (48 bytes).
    Removing rtx_mempool.o(.ARM.exidx.text.osMemoryPoolGetCount), (8 bytes).
    Removing rtx_mempool.o(.text.svcRtxMemoryPoolGetCount), (18 bytes).
    Removing rtx_mempool.o(.ARM.exidx.text.svcRtxMemoryPoolGetCount), (8 bytes).
    Removing rtx_mempool.o(.text.osMemoryPoolGetSpace), (36 bytes).
    Removing rtx_mempool.o(.ARM.exidx.text.osMemoryPoolGetSpace), (8 bytes).
    Removing rtx_mempool.o(.text.svcRtxMemoryPoolGetSpace), (22 bytes).
    Removing rtx_mempool.o(.ARM.exidx.text.svcRtxMemoryPoolGetSpace), (8 bytes).
    Removing rtx_mempool.o(.text.osMemoryPoolDelete), (40 bytes).
    Removing rtx_mempool.o(.ARM.exidx.text.osMemoryPoolDelete), (8 bytes).
    Removing rtx_mempool.o(.text.svcRtxMemoryPoolNew), (444 bytes).
    Removing rtx_mempool.o(.ARM.exidx.text.svcRtxMemoryPoolNew), (8 bytes).
    Removing rtx_mempool.o(.text.osRtxMemoryPoolPostProcess), (40 bytes).
    Removing rtx_mempool.o(.ARM.exidx.text.osRtxMemoryPoolPostProcess), (8 bytes).
    Removing rtx_mempool.o(.text.svcRtxMemoryPoolGetName), (18 bytes).
    Removing rtx_mempool.o(.ARM.exidx.text.svcRtxMemoryPoolGetName), (8 bytes).
    Removing rtx_mempool.o(.text.svcRtxMemoryPoolAlloc), (64 bytes).
    Removing rtx_mempool.o(.ARM.exidx.text.svcRtxMemoryPoolAlloc), (8 bytes).
    Removing rtx_mempool.o(.text.svcRtxMemoryPoolFree), (72 bytes).
    Removing rtx_mempool.o(.ARM.exidx.text.svcRtxMemoryPoolFree), (8 bytes).
    Removing rtx_mempool.o(.text.svcRtxMemoryPoolDelete), (112 bytes).
    Removing rtx_mempool.o(.ARM.exidx.text.svcRtxMemoryPoolDelete), (8 bytes).
    Removing rtx_system.o(.text), (0 bytes).
    Removing rtx_system.o(.ARM.exidx.text.osRtxTick_Handler), (8 bytes).
    Removing rtx_system.o(.ARM.exidx.text.osRtxPendSV_Handler), (8 bytes).
    Removing rtx_system.o(.ARM.exidx.text.osRtxPostProcess), (8 bytes).
    Removing os_systick.o(.text), (0 bytes).
    Removing os_systick.o(.ARM.exidx.text.OS_Tick_Setup), (8 bytes).
    Removing os_systick.o(.ARM.exidx.text.OS_Tick_Enable), (8 bytes).
    Removing os_systick.o(.text.OS_Tick_Disable), (40 bytes).
    Removing os_systick.o(.ARM.exidx.text.OS_Tick_Disable), (8 bytes).
    Removing os_systick.o(.ARM.exidx.text.OS_Tick_AcknowledgeIRQ), (8 bytes).
    Removing os_systick.o(.ARM.exidx.text.OS_Tick_GetIRQn), (8 bytes).
    Removing os_systick.o(.text.OS_Tick_GetClock), (12 bytes).
    Removing os_systick.o(.ARM.exidx.text.OS_Tick_GetClock), (8 bytes).
    Removing os_systick.o(.text.OS_Tick_GetInterval), (12 bytes).
    Removing os_systick.o(.ARM.exidx.text.OS_Tick_GetInterval), (8 bytes).
    Removing os_systick.o(.text.OS_Tick_GetCount), (16 bytes).
    Removing os_systick.o(.ARM.exidx.text.OS_Tick_GetCount), (8 bytes).
    Removing os_systick.o(.text.OS_Tick_GetOverflow), (16 bytes).
    Removing os_systick.o(.ARM.exidx.text.OS_Tick_GetOverflow), (8 bytes).
    Removing rtx_msgqueue.o(.text), (0 bytes).
    Removing rtx_msgqueue.o(.ARM.exidx.text.osMessageQueueNew), (8 bytes).
    Removing rtx_msgqueue.o(.text.osMessageQueueGetName), (36 bytes).
    Removing rtx_msgqueue.o(.ARM.exidx.text.osMessageQueueGetName), (8 bytes).
    Removing rtx_msgqueue.o(.ARM.exidx.text.osMessageQueuePut), (8 bytes).
    Removing rtx_msgqueue.o(.ARM.exidx.text.osMessageQueueGet), (8 bytes).
    Removing rtx_msgqueue.o(.text.osMessageQueueGetCapacity), (48 bytes).
    Removing rtx_msgqueue.o(.ARM.exidx.text.osMessageQueueGetCapacity), (8 bytes).
    Removing rtx_msgqueue.o(.text.svcRtxMessageQueueGetCapacity), (18 bytes).
    Removing rtx_msgqueue.o(.ARM.exidx.text.svcRtxMessageQueueGetCapacity), (8 bytes).
    Removing rtx_msgqueue.o(.text.osMessageQueueGetMsgSize), (48 bytes).
    Removing rtx_msgqueue.o(.ARM.exidx.text.osMessageQueueGetMsgSize), (8 bytes).
    Removing rtx_msgqueue.o(.text.svcRtxMessageQueueGetMsgSize), (18 bytes).
    Removing rtx_msgqueue.o(.ARM.exidx.text.svcRtxMessageQueueGetMsgSize), (8 bytes).
    Removing rtx_msgqueue.o(.text.osMessageQueueGetCount), (48 bytes).
    Removing rtx_msgqueue.o(.ARM.exidx.text.osMessageQueueGetCount), (8 bytes).
    Removing rtx_msgqueue.o(.text.svcRtxMessageQueueGetCount), (18 bytes).
    Removing rtx_msgqueue.o(.ARM.exidx.text.svcRtxMessageQueueGetCount), (8 bytes).
    Removing rtx_msgqueue.o(.text.osMessageQueueGetSpace), (36 bytes).
    Removing rtx_msgqueue.o(.ARM.exidx.text.osMessageQueueGetSpace), (8 bytes).
    Removing rtx_msgqueue.o(.text.svcRtxMessageQueueGetSpace), (22 bytes).
    Removing rtx_msgqueue.o(.ARM.exidx.text.svcRtxMessageQueueGetSpace), (8 bytes).
    Removing rtx_msgqueue.o(.text.osMessageQueueReset), (40 bytes).
    Removing rtx_msgqueue.o(.ARM.exidx.text.osMessageQueueReset), (8 bytes).
    Removing rtx_msgqueue.o(.text.osMessageQueueDelete), (40 bytes).
    Removing rtx_msgqueue.o(.ARM.exidx.text.osMessageQueueDelete), (8 bytes).
    Removing rtx_msgqueue.o(.ARM.exidx.text.svcRtxMessageQueueNew), (8 bytes).
    Removing rtx_msgqueue.o(.ARM.exidx.text.osRtxMessageQueuePostProcess), (8 bytes).
    Removing rtx_msgqueue.o(.ARM.exidx.text.MessageQueueRemove), (8 bytes).
    Removing rtx_msgqueue.o(.ARM.exidx.text.MessageQueuePut), (8 bytes).
    Removing rtx_msgqueue.o(.text.svcRtxMessageQueueGetName), (18 bytes).
    Removing rtx_msgqueue.o(.ARM.exidx.text.svcRtxMessageQueueGetName), (8 bytes).
    Removing rtx_msgqueue.o(.ARM.exidx.text.svcRtxMessageQueuePut), (8 bytes).
    Removing rtx_msgqueue.o(.ARM.exidx.text.MessageQueueGet), (8 bytes).
    Removing rtx_msgqueue.o(.ARM.exidx.text.svcRtxMessageQueueGet), (8 bytes).
    Removing rtx_msgqueue.o(.text.svcRtxMessageQueueReset), (162 bytes).
    Removing rtx_msgqueue.o(.ARM.exidx.text.svcRtxMessageQueueReset), (8 bytes).
    Removing rtx_msgqueue.o(.text.svcRtxMessageQueueDelete), (112 bytes).
    Removing rtx_msgqueue.o(.ARM.exidx.text.svcRtxMessageQueueDelete), (8 bytes).

416 unused section(s) (total 10601 bytes) removed from the image.

==============================================================================

Image Symbol Table

    Local Symbols

    Symbol Name                              Value     Ov Type        Size  Object(Section)

    ../clib/../cmprslib/zerorunl2.c          0x00000000   Number         0  __dczerorl2.o ABSOLUTE
    ../clib/division.s                       0x00000000   Number         0  aeabi_sdiv.o ABSOLUTE
    ../clib/division.s                       0x00000000   Number         0  aeabi_sdiv_div0.o ABSOLUTE
    ../clib/microlib/division.c              0x00000000   Number         0  uidiv.o ABSOLUTE
    ../clib/microlib/division.c              0x00000000   Number         0  idiv.o ABSOLUTE
    ../clib/microlib/division.c              0x00000000   Number         0  uidiv_div0.o ABSOLUTE
    ../clib/microlib/division.c              0x00000000   Number         0  idiv_div0.o ABSOLUTE
    ../clib/microlib/division.c              0x00000000   Number         0  idiv0.o ABSOLUTE
    ../clib/microlib/init/entry.s            0x00000000   Number         0  entry.o ABSOLUTE
    ../clib/microlib/init/entry.s            0x00000000   Number         0  entry2.o ABSOLUTE
    ../clib/microlib/init/entry.s            0x00000000   Number         0  entry5.o ABSOLUTE
    ../clib/microlib/init/entry.s            0x00000000   Number         0  entry7a.o ABSOLUTE
    ../clib/microlib/init/entry.s            0x00000000   Number         0  entry7b.o ABSOLUTE
    ../clib/microlib/init/entry.s            0x00000000   Number         0  entry8a.o ABSOLUTE
    ../clib/microlib/init/entry.s            0x00000000   Number         0  entry8b.o ABSOLUTE
    ../clib/microlib/init/entry.s            0x00000000   Number         0  entry9a.o ABSOLUTE
    ../clib/microlib/init/entry.s            0x00000000   Number         0  entry9b.o ABSOLUTE
    ../clib/microlib/init/entry.s            0x00000000   Number         0  entry10a.o ABSOLUTE
    ../clib/microlib/init/entry.s            0x00000000   Number         0  entry10b.o ABSOLUTE
    ../clib/microlib/init/entry.s            0x00000000   Number         0  entry11a.o ABSOLUTE
    ../clib/microlib/init/entry.s            0x00000000   Number         0  entry11b.o ABSOLUTE
    ../clib/microlib/string/memcpy.c         0x00000000   Number         0  memcpya.o ABSOLUTE
    ../clib/microlib/string/memcpy.c         0x00000000   Number         0  memcpyb.o ABSOLUTE
    ../clib/microlib/string/memset.c         0x00000000   Number         0  memseta.o ABSOLUTE
    ../clib/microlib/stubs.s                 0x00000000   Number         0  iusefp.o ABSOLUTE
    ../fplib/microlib/fpdiv.c                0x00000000   Number         0  fdiv.o ABSOLUTE
    ../fplib/microlib/fpepilogue.c           0x00000000   Number         0  fepilogue.o ABSOLUTE
    ../fplib/microlib/fpfix.c                0x00000000   Number         0  ffixi.o ABSOLUTE
    ../fplib/microlib/fpflt.c                0x00000000   Number         0  fflti.o ABSOLUTE
    ../fplib/microlib/fpmul.c                0x00000000   Number         0  fmul.o ABSOLUTE
    ..\..\..\Source\ARM\irq_cm0.s            0x00000000   Number         0  irq_cm0.o ABSOLUTE
    Audio.c                                  0x00000000   Number         0  audio.o ABSOLUTE
    LED.c                                    0x00000000   Number         0  led.o ABSOLUTE
    MotorControl.c                           0x00000000   Number         0  motorcontrol.o ABSOLUTE
    RTE/Device/MKL25Z128xxx4/startup_MKL25Z4.s 0x00000000   Number         0  startup_mkl25z4.o ABSOLUTE
    RTX_Config.c                             0x00000000   Number         0  rtx_config.o ABSOLUTE
    Serial.c                                 0x00000000   Number         0  serial.o ABSOLUTE
    dc.s                                     0x00000000   Number         0  dc.o ABSOLUTE
    handlers.s                               0x00000000   Number         0  handlers.o ABSOLUTE
    init.s                                   0x00000000   Number         0  init.o ABSOLUTE
    main.c                                   0x00000000   Number         0  main.o ABSOLUTE
    os_systick.c                             0x00000000   Number         0  os_systick.o ABSOLUTE
    rtx_delay.c                              0x00000000   Number         0  rtx_delay.o ABSOLUTE
    rtx_evflags.c                            0x00000000   Number         0  rtx_evflags.o ABSOLUTE
    rtx_kernel.c                             0x00000000   Number         0  rtx_kernel.o ABSOLUTE
    rtx_lib.c                                0x00000000   Number         0  rtx_lib.o ABSOLUTE
    rtx_memory.c                             0x00000000   Number         0  rtx_memory.o ABSOLUTE
    rtx_mempool.c                            0x00000000   Number         0  rtx_mempool.o ABSOLUTE
    rtx_msgqueue.c                           0x00000000   Number         0  rtx_msgqueue.o ABSOLUTE
    rtx_mutex.c                              0x00000000   Number         0  rtx_mutex.o ABSOLUTE
    rtx_system.c                             0x00000000   Number         0  rtx_system.o ABSOLUTE
    rtx_thread.c                             0x00000000   Number         0  rtx_thread.o ABSOLUTE
    rtx_timer.c                              0x00000000   Number         0  rtx_timer.o ABSOLUTE
    system_MKL25Z4.c                         0x00000000   Number         0  system_mkl25z4.o ABSOLUTE
    RESET                                    0x00000000   Section      192  startup_mkl25z4.o(RESET)
    .ARM.Collect$$$$00000000                 0x000000c0   Section        0  entry.o(.ARM.Collect$$$$00000000)
    .ARM.Collect$$$$00000001                 0x000000c0   Section        4  entry2.o(.ARM.Collect$$$$00000001)
    .ARM.Collect$$$$00000004                 0x000000c4   Section        4  entry5.o(.ARM.Collect$$$$00000004)
    .ARM.Collect$$$$00000008                 0x000000c8   Section        0  entry7b.o(.ARM.Collect$$$$00000008)
    .ARM.Collect$$$$0000000A                 0x000000c8   Section        0  entry8b.o(.ARM.Collect$$$$0000000A)
    .ARM.Collect$$$$0000000B                 0x000000c8   Section        8  entry9a.o(.ARM.Collect$$$$0000000B)
    __lit__00000000                          0x000000d0   Data           4  entry2.o(.ARM.Collect$$$$00002712)
    .ARM.Collect$$$$0000000D                 0x000000d0   Section        0  entry10a.o(.ARM.Collect$$$$0000000D)
    .ARM.Collect$$$$0000000F                 0x000000d0   Section        0  entry11a.o(.ARM.Collect$$$$0000000F)
    .ARM.Collect$$$$00002712                 0x000000d0   Section        4  entry2.o(.ARM.Collect$$$$00002712)
    .text                                    0x000000d4   Section       40  startup_mkl25z4.o(.text)
    .text                                    0x000000fc   Section      164  irq_cm0.o(.text)
    .text                                    0x000001a0   Section        0  memcpya.o(.text)
    .text                                    0x000001c4   Section        0  memseta.o(.text)
    .text                                    0x000001e8   Section        0  fmul.o(.text)
    .text                                    0x00000262   Section        0  fdiv.o(.text)
    .text                                    0x000002de   Section        0  fflti.o(.text)
    .text                                    0x000002f4   Section        0  ffixi.o(.text)
    .text                                    0x00000326   Section        0  uidiv_div0.o(.text)
    .text                                    0x00000364   Section        0  idiv_div0.o(.text)
    .text                                    0x000003b4   Section        0  iusefp.o(.text)
    .text                                    0x000003b4   Section       36  init.o(.text)
    MessageQueueRemove                       0x000003d9   Thumb Code    30  rtx_msgqueue.o(.text.MessageQueueRemove)
    [Anonymous Symbol]                       0x000003d8   Section        0  rtx_msgqueue.o(.text.MessageQueueRemove)
    [Anonymous Symbol]                       0x000003f6   Section        0  os_systick.o(.text.OS_Tick_GetIRQn)
    [Anonymous Symbol]                       0x000003fc   Section        0  rtx_kernel.o(.text.osRtxKernelPreInit)
    i.__scatterload_null                     0x000003fe   Section        2  handlers.o(i.__scatterload_null)
    .ARM.__at_0x400                          0x00000400   Section       16  startup_mkl25z4.o(.ARM.__at_0x400)
    .text                                    0x00000410   Section        0  fepilogue.o(.text)
    .text                                    0x00000492   Section        0  __dczerorl2.o(.text)
    EventFlagsCheck                          0x000004e9   Thumb Code    78  rtx_evflags.o(.text.EventFlagsCheck)
    [Anonymous Symbol]                       0x000004e8   Section        0  rtx_evflags.o(.text.EventFlagsCheck)
    MessageQueueGet                          0x00000537   Thumb Code    76  rtx_msgqueue.o(.text.MessageQueueGet)
    [Anonymous Symbol]                       0x00000536   Section        0  rtx_msgqueue.o(.text.MessageQueueGet)
    MessageQueuePut                          0x00000583   Thumb Code    98  rtx_msgqueue.o(.text.MessageQueuePut)
    [Anonymous Symbol]                       0x00000582   Section        0  rtx_msgqueue.o(.text.MessageQueuePut)
    [Anonymous Symbol]                       0x000005e4   Section        0  os_systick.o(.text.OS_Tick_AcknowledgeIRQ)
    [Anonymous Symbol]                       0x000005ec   Section        0  os_systick.o(.text.OS_Tick_Enable)
    __arm_cp.1_1                             0x0000060c   Number         4  os_systick.o(.text.OS_Tick_Enable)
    [Anonymous Symbol]                       0x00000610   Section        0  os_systick.o(.text.OS_Tick_Setup)
    __arm_cp.0_1                             0x0000064c   Number         4  os_systick.o(.text.OS_Tick_Setup)
    __arm_cp.0_2                             0x00000650   Number         4  os_systick.o(.text.OS_Tick_Setup)
    __arm_cp.0_3                             0x00000654   Number         4  os_systick.o(.text.OS_Tick_Setup)
    [Anonymous Symbol]                       0x00000658   Section        0  system_mkl25z4.o(.text.SystemCoreClockUpdate)
    __arm_cp.1_1                             0x00000854   Number         4  system_mkl25z4.o(.text.SystemCoreClockUpdate)
    __arm_cp.1_4                             0x00000858   Number         4  system_mkl25z4.o(.text.SystemCoreClockUpdate)
    __arm_cp.1_8                             0x0000085c   Number         4  system_mkl25z4.o(.text.SystemCoreClockUpdate)
    __arm_cp.1_9                             0x00000860   Number         4  system_mkl25z4.o(.text.SystemCoreClockUpdate)
    __arm_cp.1_11                            0x00000864   Number         4  system_mkl25z4.o(.text.SystemCoreClockUpdate)
    [Anonymous Symbol]                       0x00000868   Section        0  system_mkl25z4.o(.text.SystemInit)
    __arm_cp.0_0                             0x00000968   Number         4  system_mkl25z4.o(.text.SystemInit)
    __arm_cp.0_1                             0x0000096c   Number         4  system_mkl25z4.o(.text.SystemInit)
    __arm_cp.0_2                             0x00000970   Number         4  system_mkl25z4.o(.text.SystemInit)
    __arm_cp.0_3                             0x00000974   Number         4  system_mkl25z4.o(.text.SystemInit)
    __arm_cp.0_4                             0x00000978   Number         4  system_mkl25z4.o(.text.SystemInit)
    __arm_cp.0_5                             0x0000097c   Number         4  system_mkl25z4.o(.text.SystemInit)
    __arm_cp.0_6                             0x00000980   Number         4  system_mkl25z4.o(.text.SystemInit)
    __arm_cp.0_7                             0x00000984   Number         4  system_mkl25z4.o(.text.SystemInit)
    __arm_cp.0_8                             0x00000988   Number         4  system_mkl25z4.o(.text.SystemInit)
    __arm_cp.0_9                             0x0000098c   Number         4  system_mkl25z4.o(.text.SystemInit)
    __arm_cp.0_10                            0x00000990   Number         4  system_mkl25z4.o(.text.SystemInit)
    __arm_cp.0_11                            0x00000994   Number         4  system_mkl25z4.o(.text.SystemInit)
    __arm_cp.0_12                            0x00000998   Number         4  system_mkl25z4.o(.text.SystemInit)
    __arm_cp.0_13                            0x0000099c   Number         4  system_mkl25z4.o(.text.SystemInit)
    __arm_cp.0_14                            0x000009a0   Number         4  system_mkl25z4.o(.text.SystemInit)
    __arm_cp.0_15                            0x000009a4   Number         4  system_mkl25z4.o(.text.SystemInit)
    __arm_cp.0_16                            0x000009a8   Number         4  system_mkl25z4.o(.text.SystemInit)
    __arm_cp.0_17                            0x000009ac   Number         4  system_mkl25z4.o(.text.SystemInit)
    __arm_cp.0_18                            0x000009b0   Number         4  system_mkl25z4.o(.text.SystemInit)
    __arm_cp.0_19                            0x000009b4   Number         4  system_mkl25z4.o(.text.SystemInit)
    ThreadFlagsCheck                         0x000009b9   Thumb Code    78  rtx_thread.o(.text.ThreadFlagsCheck)
    [Anonymous Symbol]                       0x000009b8   Section        0  rtx_thread.o(.text.ThreadFlagsCheck)
    TimerInsert                              0x00000a09   Thumb Code    76  rtx_timer.o(.text.TimerInsert)
    [Anonymous Symbol]                       0x00000a08   Section        0  rtx_timer.o(.text.TimerInsert)
    __arm_cp.8_0                             0x00000a50   Number         4  rtx_timer.o(.text.TimerInsert)
    [Anonymous Symbol]                       0x00000a54   Section        0  main.o(.text.UART2_IRQHandler)
    __arm_cp.4_0                             0x00000a74   Number         4  main.o(.text.UART2_IRQHandler)
    __arm_cp.4_1                             0x00000a78   Number         4  main.o(.text.UART2_IRQHandler)
    __NVIC_ClearPendingIRQ                   0x00000a7d   Thumb Code    40  main.o(.text.__NVIC_ClearPendingIRQ)
    [Anonymous Symbol]                       0x00000a7c   Section        0  main.o(.text.__NVIC_ClearPendingIRQ)
    __NVIC_ClearPendingIRQ                   0x00000aa5   Thumb Code    40  serial.o(.text.__NVIC_ClearPendingIRQ)
    [Anonymous Symbol]                       0x00000aa4   Section        0  serial.o(.text.__NVIC_ClearPendingIRQ)
    __arm_cp.2_0                             0x00000acc   Number         4  serial.o(.text.__NVIC_ClearPendingIRQ)
    __NVIC_EnableIRQ                         0x00000ad1   Thumb Code    40  serial.o(.text.__NVIC_EnableIRQ)
    [Anonymous Symbol]                       0x00000ad0   Section        0  serial.o(.text.__NVIC_EnableIRQ)
    __arm_cp.3_0                             0x00000af8   Number         4  serial.o(.text.__NVIC_EnableIRQ)
    __NVIC_SetPriority                       0x00000afd   Thumb Code   124  serial.o(.text.__NVIC_SetPriority)
    [Anonymous Symbol]                       0x00000afc   Section        0  serial.o(.text.__NVIC_SetPriority)
    __arm_cp.1_0                             0x00000b78   Number         4  serial.o(.text.__NVIC_SetPriority)
    __arm_cp.1_1                             0x00000b7c   Number         4  serial.o(.text.__NVIC_SetPriority)
    [Anonymous Symbol]                       0x00000b80   Section        0  motorcontrol.o(.text.backward)
    [Anonymous Symbol]                       0x00000ba0   Section        0  main.o(.text.control)
    __arm_cp.10_0                            0x00000da0   Number         4  main.o(.text.control)
    __arm_cp.10_1                            0x00000da4   Number         4  main.o(.text.control)
    __arm_cp.10_3                            0x00000da8   Number         4  main.o(.text.control)
    [Anonymous Symbol]                       0x00000dac   Section        0  audio.o(.text.duty_cycle_calc)
    [Anonymous Symbol]                       0x00000dd0   Section        0  main.o(.text.end_sound_thread)
    __arm_cp.9_0                             0x00000dec   Number         4  main.o(.text.end_sound_thread)
    [Anonymous Symbol]                       0x00000df0   Section        0  led.o(.text.flashLEDFast)
    __arm_cp.5_0                             0x00000f40   Number         4  led.o(.text.flashLEDFast)
    [Anonymous Symbol]                       0x00000f44   Section        0  main.o(.text.flashLedStationaryThread)
    __arm_cp.1_0                             0x00000f54   Number         4  main.o(.text.flashLedStationaryThread)
    __arm_cp.1_1                             0x00000f58   Number         4  main.o(.text.flashLedStationaryThread)
    [Anonymous Symbol]                       0x00000f5c   Section        0  motorcontrol.o(.text.forward)
    __arm_cp.5_0                             0x00000f78   Number         4  motorcontrol.o(.text.forward)
    [Anonymous Symbol]                       0x00000f7c   Section        0  audio.o(.text.freq_calc)
    __arm_cp.0_0                             0x00000f90   Number         4  audio.o(.text.freq_calc)
    [Anonymous Symbol]                       0x00000f94   Section        0  audio.o(.text.initAudio)
    __arm_cp.2_1                             0x00001000   Number         4  audio.o(.text.initAudio)
    __arm_cp.2_4                             0x00001004   Number         4  audio.o(.text.initAudio)
    __arm_cp.2_5                             0x00001008   Number         4  audio.o(.text.initAudio)
    [Anonymous Symbol]                       0x0000100c   Section        0  led.o(.text.initBackLED)
    __arm_cp.3_0                             0x00001110   Number         4  led.o(.text.initBackLED)
    __arm_cp.3_1                             0x00001114   Number         4  led.o(.text.initBackLED)
    __arm_cp.3_3                             0x00001118   Number         4  led.o(.text.initBackLED)
    [Anonymous Symbol]                       0x0000111c   Section        0  led.o(.text.initFrontLED)
    __arm_cp.2_0                             0x00001228   Number         4  led.o(.text.initFrontLED)
    __arm_cp.2_1                             0x0000122c   Number         4  led.o(.text.initFrontLED)
    __arm_cp.2_2                             0x00001230   Number         4  led.o(.text.initFrontLED)
    __arm_cp.2_3                             0x00001234   Number         4  led.o(.text.initFrontLED)
    __arm_cp.2_4                             0x00001238   Number         4  led.o(.text.initFrontLED)
    __arm_cp.2_5                             0x0000123c   Number         4  led.o(.text.initFrontLED)
    [Anonymous Symbol]                       0x00001240   Section        0  led.o(.text.initLED)
    [Anonymous Symbol]                       0x00001294   Section        0  motorcontrol.o(.text.initMotor)
    __arm_cp.2_0                             0x00001378   Number         4  motorcontrol.o(.text.initMotor)
    __arm_cp.2_1                             0x0000137c   Number         4  motorcontrol.o(.text.initMotor)
    __arm_cp.2_2                             0x00001380   Number         4  motorcontrol.o(.text.initMotor)
    __arm_cp.2_3                             0x00001384   Number         4  motorcontrol.o(.text.initMotor)
    __arm_cp.2_4                             0x00001388   Number         4  motorcontrol.o(.text.initMotor)
    __arm_cp.2_5                             0x0000138c   Number         4  motorcontrol.o(.text.initMotor)
    __arm_cp.2_6                             0x00001390   Number         4  motorcontrol.o(.text.initMotor)
    __arm_cp.2_7                             0x00001394   Number         4  motorcontrol.o(.text.initMotor)
    __arm_cp.2_8                             0x00001398   Number         4  motorcontrol.o(.text.initMotor)
    __arm_cp.2_9                             0x0000139c   Number         4  motorcontrol.o(.text.initMotor)
    __arm_cp.2_10                            0x000013a0   Number         4  motorcontrol.o(.text.initMotor)
    __arm_cp.2_11                            0x000013a4   Number         4  motorcontrol.o(.text.initMotor)
    __arm_cp.2_12                            0x000013a8   Number         4  motorcontrol.o(.text.initMotor)
    __arm_cp.2_13                            0x000013ac   Number         4  motorcontrol.o(.text.initMotor)
    __arm_cp.2_14                            0x000013b0   Number         4  motorcontrol.o(.text.initMotor)
    __arm_cp.2_15                            0x000013b4   Number         4  motorcontrol.o(.text.initMotor)
    __arm_cp.2_16                            0x000013b8   Number         4  motorcontrol.o(.text.initMotor)
    [Anonymous Symbol]                       0x000013bc   Section        0  serial.o(.text.initUART2)
    __arm_cp.0_0                             0x0000145c   Number         4  serial.o(.text.initUART2)
    __arm_cp.0_1                             0x00001460   Number         4  serial.o(.text.initUART2)
    __arm_cp.0_2                             0x00001464   Number         4  serial.o(.text.initUART2)
    __arm_cp.0_3                             0x00001468   Number         4  serial.o(.text.initUART2)
    __arm_cp.0_4                             0x0000146c   Number         4  serial.o(.text.initUART2)
    __arm_cp.0_5                             0x00001470   Number         4  serial.o(.text.initUART2)
    __arm_cp.0_6                             0x00001474   Number         4  serial.o(.text.initUART2)
    __arm_cp.0_7                             0x00001478   Number         4  serial.o(.text.initUART2)
    __arm_cp.0_8                             0x0000147c   Number         4  serial.o(.text.initUART2)
    __arm_cp.0_9                             0x00001480   Number         4  serial.o(.text.initUART2)
    __arm_cp.0_10                            0x00001484   Number         4  serial.o(.text.initUART2)
    [Anonymous Symbol]                       0x00001488   Section        0  motorcontrol.o(.text.left)
    [Anonymous Symbol]                       0x000014a4   Section        0  motorcontrol.o(.text.leftBackward)
    [Anonymous Symbol]                       0x000014c0   Section        0  motorcontrol.o(.text.leftForward)
    __arm_cp.12_0                            0x000014dc   Number         4  motorcontrol.o(.text.leftForward)
    __arm_cp.12_1                            0x000014e0   Number         4  motorcontrol.o(.text.leftForward)
    [Anonymous Symbol]                       0x000014e4   Section        0  motorcontrol.o(.text.leftMotorMove)
    __arm_cp.4_0                             0x00001528   Number         4  motorcontrol.o(.text.leftMotorMove)
    __arm_cp.4_1                             0x0000152c   Number         4  motorcontrol.o(.text.leftMotorMove)
    [Anonymous Symbol]                       0x00001530   Section        0  main.o(.text.main)
    __arm_cp.12_0                            0x000015bc   Number         4  main.o(.text.main)
    __arm_cp.12_1                            0x000015c0   Number         4  main.o(.text.main)
    __arm_cp.12_2                            0x000015c4   Number         4  main.o(.text.main)
    __arm_cp.12_3                            0x000015c8   Number         4  main.o(.text.main)
    __arm_cp.12_4                            0x000015cc   Number         4  main.o(.text.main)
    __arm_cp.12_5                            0x000015d0   Number         4  main.o(.text.main)
    __arm_cp.12_6                            0x000015d4   Number         4  main.o(.text.main)
    __arm_cp.12_7                            0x000015d8   Number         4  main.o(.text.main)
    [Anonymous Symbol]                       0x000015dc   Section        0  led.o(.text.offAllLED)
    [Anonymous Symbol]                       0x00001618   Section        0  rtx_delay.o(.text.osDelay)
    __arm_cp.0_0                             0x0000163c   Number         4  rtx_delay.o(.text.osDelay)
    [Anonymous Symbol]                       0x00001640   Section        0  rtx_evflags.o(.text.osEventFlagsClear)
    __arm_cp.3_0                             0x00001660   Number         4  rtx_evflags.o(.text.osEventFlagsClear)
    [Anonymous Symbol]                       0x00001664   Section        0  rtx_evflags.o(.text.osEventFlagsNew)
    __arm_cp.0_0                             0x00001684   Number         4  rtx_evflags.o(.text.osEventFlagsNew)
    [Anonymous Symbol]                       0x00001688   Section        0  rtx_evflags.o(.text.osEventFlagsSet)
    __arm_cp.2_0                             0x000016d4   Number         4  rtx_evflags.o(.text.osEventFlagsSet)
    [Anonymous Symbol]                       0x000016d8   Section        0  rtx_evflags.o(.text.osEventFlagsWait)
    __arm_cp.7_0                             0x00001718   Number         4  rtx_evflags.o(.text.osEventFlagsWait)
    [Anonymous Symbol]                       0x0000171c   Section        0  rtx_kernel.o(.text.osKernelInitialize)
    __arm_cp.1_0                             0x00001740   Number         4  rtx_kernel.o(.text.osKernelInitialize)
    [Anonymous Symbol]                       0x00001744   Section        0  rtx_kernel.o(.text.osKernelStart)
    __arm_cp.6_0                             0x00001764   Number         4  rtx_kernel.o(.text.osKernelStart)
    [Anonymous Symbol]                       0x00001768   Section        0  rtx_msgqueue.o(.text.osMessageQueueGet)
    __arm_cp.3_0                             0x000017d8   Number         4  rtx_msgqueue.o(.text.osMessageQueueGet)
    [Anonymous Symbol]                       0x000017dc   Section        0  rtx_msgqueue.o(.text.osMessageQueueNew)
    __arm_cp.0_0                             0x000017fc   Number         4  rtx_msgqueue.o(.text.osMessageQueueNew)
    [Anonymous Symbol]                       0x00001800   Section        0  rtx_msgqueue.o(.text.osMessageQueuePut)
    __arm_cp.2_0                             0x00001874   Number         4  rtx_msgqueue.o(.text.osMessageQueuePut)
    [Anonymous Symbol]                       0x00001878   Section        0  rtx_config.o(.text.osRtxErrorNotify)
    osRtxEventFlagsPostProcess               0x000018b9   Thumb Code    52  rtx_evflags.o(.text.osRtxEventFlagsPostProcess)
    [Anonymous Symbol]                       0x000018b8   Section        0  rtx_evflags.o(.text.osRtxEventFlagsPostProcess)
    [Anonymous Symbol]                       0x000018ec   Section        0  rtx_config.o(.text.osRtxIdleThread)
    [Anonymous Symbol]                       0x000018f4   Section        0  rtx_memory.o(.text.osRtxMemoryAlloc)
    [Anonymous Symbol]                       0x00001970   Section        0  rtx_memory.o(.text.osRtxMemoryFree)
    [Anonymous Symbol]                       0x000019be   Section        0  rtx_memory.o(.text.osRtxMemoryInit)
    [Anonymous Symbol]                       0x000019f0   Section        0  rtx_mempool.o(.text.osRtxMemoryPoolAlloc)
    [Anonymous Symbol]                       0x00001a1e   Section        0  rtx_mempool.o(.text.osRtxMemoryPoolFree)
    [Anonymous Symbol]                       0x00001a58   Section        0  rtx_mempool.o(.text.osRtxMemoryPoolInit)
    osRtxMessageQueuePostProcess             0x00001a97   Thumb Code   188  rtx_msgqueue.o(.text.osRtxMessageQueuePostProcess)
    [Anonymous Symbol]                       0x00001a96   Section        0  rtx_msgqueue.o(.text.osRtxMessageQueuePostProcess)
    [Anonymous Symbol]                       0x00001b52   Section        0  rtx_mutex.o(.text.osRtxMutexOwnerRelease)
    [Anonymous Symbol]                       0x00001b98   Section        0  rtx_system.o(.text.osRtxPendSV_Handler)
    [Anonymous Symbol]                       0x00001c14   Section        0  rtx_system.o(.text.osRtxPostProcess)
    __arm_cp.2_1                             0x00001c78   Number         4  rtx_system.o(.text.osRtxPostProcess)
    osRtxThreadBlock                         0x00001c7d   Thumb Code    52  rtx_thread.o(.text.osRtxThreadBlock)
    [Anonymous Symbol]                       0x00001c7c   Section        0  rtx_thread.o(.text.osRtxThreadBlock)
    osRtxThreadDelayInsert                   0x00001cb1   Thumb Code   124  rtx_thread.o(.text.osRtxThreadDelayInsert)
    [Anonymous Symbol]                       0x00001cb0   Section        0  rtx_thread.o(.text.osRtxThreadDelayInsert)
    osRtxThreadDelayRemove                   0x00001d2d   Thumb Code    64  rtx_thread.o(.text.osRtxThreadDelayRemove)
    [Anonymous Symbol]                       0x00001d2c   Section        0  rtx_thread.o(.text.osRtxThreadDelayRemove)
    [Anonymous Symbol]                       0x00001d6c   Section        0  rtx_thread.o(.text.osRtxThreadDelayTick)
    [Anonymous Symbol]                       0x00001da0   Section        0  rtx_thread.o(.text.osRtxThreadDispatch)
    osRtxThreadFree                          0x00001ded   Thumb Code    80  rtx_thread.o(.text.osRtxThreadFree)
    [Anonymous Symbol]                       0x00001dec   Section        0  rtx_thread.o(.text.osRtxThreadFree)
    [Anonymous Symbol]                       0x00001e3c   Section        0  rtx_thread.o(.text.osRtxThreadListGet)
    [Anonymous Symbol]                       0x00001e50   Section        0  rtx_thread.o(.text.osRtxThreadListPut)
    [Anonymous Symbol]                       0x00001e7c   Section        0  rtx_thread.o(.text.osRtxThreadListRemove)
    osRtxThreadPostProcess                   0x00001e95   Thumb Code    38  rtx_thread.o(.text.osRtxThreadPostProcess)
    [Anonymous Symbol]                       0x00001e94   Section        0  rtx_thread.o(.text.osRtxThreadPostProcess)
    [Anonymous Symbol]                       0x00001ebc   Section        0  rtx_thread.o(.text.osRtxThreadReadyPut)
    [Anonymous Symbol]                       0x00001ed0   Section        0  rtx_thread.o(.text.osRtxThreadRegPtr)
    [Anonymous Symbol]                       0x00001ed8   Section        0  rtx_thread.o(.text.osRtxThreadStackCheck)
    __arm_cp.8_1                             0x00001efc   Number         4  rtx_thread.o(.text.osRtxThreadStackCheck)
    [Anonymous Symbol]                       0x00001f00   Section        0  rtx_thread.o(.text.osRtxThreadStartup)
    __arm_cp.15_1                            0x00001f30   Number         4  rtx_thread.o(.text.osRtxThreadStartup)
    __arm_cp.15_3                            0x00001f34   Number         4  rtx_thread.o(.text.osRtxThreadStartup)
    [Anonymous Symbol]                       0x00001f38   Section        0  rtx_thread.o(.text.osRtxThreadSwitch)
    __arm_cp.7_0                             0x00001f48   Number         4  rtx_thread.o(.text.osRtxThreadSwitch)
    [Anonymous Symbol]                       0x00001f4c   Section        0  rtx_thread.o(.text.osRtxThreadWaitEnter)
    __arm_cp.13_0                            0x00001f84   Number         4  rtx_thread.o(.text.osRtxThreadWaitEnter)
    [Anonymous Symbol]                       0x00001f88   Section        0  rtx_thread.o(.text.osRtxThreadWaitExit)
    [Anonymous Symbol]                       0x00001fac   Section        0  rtx_system.o(.text.osRtxTick_Handler)
    [Anonymous Symbol]                       0x0000201c   Section        0  rtx_timer.o(.text.osRtxTimerThread)
    __arm_cp.0_0                             0x0000204c   Number         4  rtx_timer.o(.text.osRtxTimerThread)
    __arm_cp.0_1                             0x00002050   Number         4  rtx_timer.o(.text.osRtxTimerThread)
    __arm_cp.0_2                             0x00002054   Number         4  rtx_timer.o(.text.osRtxTimerThread)
    osRtxTimerTick                           0x00002059   Thumb Code    96  rtx_timer.o(.text.osRtxTimerTick)
    [Anonymous Symbol]                       0x00002058   Section        0  rtx_timer.o(.text.osRtxTimerTick)
    __arm_cp.1_0                             0x000020b4   Number         4  rtx_timer.o(.text.osRtxTimerTick)
    [Anonymous Symbol]                       0x000020b8   Section        0  rtx_thread.o(.text.osThreadExit)
    __arm_cp.31_0                            0x000020c0   Number         4  rtx_thread.o(.text.osThreadExit)
    [Anonymous Symbol]                       0x000020c4   Section        0  rtx_thread.o(.text.osThreadNew)
    __arm_cp.17_0                            0x000020e4   Number         4  rtx_thread.o(.text.osThreadNew)
    [Anonymous Symbol]                       0x000020e8   Section        0  audio.o(.text.playEndAudio)
    __arm_cp.3_0                             0x00002174   Number         4  audio.o(.text.playEndAudio)
    [Anonymous Symbol]                       0x00002178   Section        0  motorcontrol.o(.text.pwm_cal)
    __arm_cp.0_1                             0x00002194   Number         4  motorcontrol.o(.text.pwm_cal)
    [Anonymous Symbol]                       0x00002198   Section        0  motorcontrol.o(.text.right)
    [Anonymous Symbol]                       0x000021b4   Section        0  motorcontrol.o(.text.rightBackward)
    [Anonymous Symbol]                       0x000021d0   Section        0  motorcontrol.o(.text.rightForward)
    __arm_cp.10_0                            0x000021ec   Number         4  motorcontrol.o(.text.rightForward)
    __arm_cp.10_1                            0x000021f0   Number         4  motorcontrol.o(.text.rightForward)
    [Anonymous Symbol]                       0x000021f4   Section        0  motorcontrol.o(.text.rightMotorMove)
    __arm_cp.3_0                             0x00002238   Number         4  motorcontrol.o(.text.rightMotorMove)
    __arm_cp.3_1                             0x0000223c   Number         4  motorcontrol.o(.text.rightMotorMove)
    [Anonymous Symbol]                       0x00002240   Section        0  main.o(.text.run_sound_thread)
    __arm_cp.6_0                             0x000022dc   Number         4  main.o(.text.run_sound_thread)
    __arm_cp.6_1                             0x000022e0   Number         4  main.o(.text.run_sound_thread)
    __arm_cp.6_3                             0x000022e4   Number         4  main.o(.text.run_sound_thread)
    [Anonymous Symbol]                       0x000022e8   Section        0  led.o(.text.runningLED)
    __arm_cp.8_0                             0x000023f8   Number         4  led.o(.text.runningLED)
    [Anonymous Symbol]                       0x000023fc   Section        0  main.o(.text.runningLedThread)
    __arm_cp.0_0                             0x0000240c   Number         4  main.o(.text.runningLedThread)
    __arm_cp.0_1                             0x00002410   Number         4  main.o(.text.runningLedThread)
    [Anonymous Symbol]                       0x00002414   Section        0  led.o(.text.setLEDOutput)
    [Anonymous Symbol]                       0x00002458   Section        0  motorcontrol.o(.text.stop)
    [Anonymous Symbol]                       0x00002474   Section        0  audio.o(.text.stopSound)
    __arm_cp.4_0                             0x0000248c   Number         4  audio.o(.text.stopSound)
    __arm_cp.4_1                             0x00002490   Number         4  audio.o(.text.stopSound)
    svcRtxDelay                              0x00002495   Thumb Code    18  rtx_delay.o(.text.svcRtxDelay)
    [Anonymous Symbol]                       0x00002494   Section        0  rtx_delay.o(.text.svcRtxDelay)
    svcRtxEventFlagsClear                    0x000024a7   Thumb Code    50  rtx_evflags.o(.text.svcRtxEventFlagsClear)
    [Anonymous Symbol]                       0x000024a6   Section        0  rtx_evflags.o(.text.svcRtxEventFlagsClear)
    svcRtxEventFlagsNew                      0x000024d9   Thumb Code   112  rtx_evflags.o(.text.svcRtxEventFlagsNew)
    [Anonymous Symbol]                       0x000024d8   Section        0  rtx_evflags.o(.text.svcRtxEventFlagsNew)
    __arm_cp.9_1                             0x00002544   Number         4  rtx_evflags.o(.text.svcRtxEventFlagsNew)
    svcRtxEventFlagsSet                      0x00002549   Thumb Code   124  rtx_evflags.o(.text.svcRtxEventFlagsSet)
    [Anonymous Symbol]                       0x00002548   Section        0  rtx_evflags.o(.text.svcRtxEventFlagsSet)
    svcRtxEventFlagsWait                     0x000025c5   Thumb Code    96  rtx_evflags.o(.text.svcRtxEventFlagsWait)
    [Anonymous Symbol]                       0x000025c4   Section        0  rtx_evflags.o(.text.svcRtxEventFlagsWait)
    svcRtxKernelInitialize                   0x00002625   Thumb Code   320  rtx_kernel.o(.text.svcRtxKernelInitialize)
    [Anonymous Symbol]                       0x00002624   Section        0  rtx_kernel.o(.text.svcRtxKernelInitialize)
    __arm_cp.20_2                            0x00002760   Number         4  rtx_kernel.o(.text.svcRtxKernelInitialize)
    svcRtxKernelStart                        0x00002765   Thumb Code   128  rtx_kernel.o(.text.svcRtxKernelStart)
    [Anonymous Symbol]                       0x00002764   Section        0  rtx_kernel.o(.text.svcRtxKernelStart)
    __arm_cp.21_1                            0x000027d8   Number         4  rtx_kernel.o(.text.svcRtxKernelStart)
    __arm_cp.21_2                            0x000027dc   Number         4  rtx_kernel.o(.text.svcRtxKernelStart)
    __arm_cp.21_3                            0x000027e0   Number         4  rtx_kernel.o(.text.svcRtxKernelStart)
    svcRtxMessageQueueGet                    0x000027e5   Thumb Code   232  rtx_msgqueue.o(.text.svcRtxMessageQueueGet)
    [Anonymous Symbol]                       0x000027e4   Section        0  rtx_msgqueue.o(.text.svcRtxMessageQueueGet)
    __arm_cp.21_0                            0x000028c8   Number         4  rtx_msgqueue.o(.text.svcRtxMessageQueueGet)
    svcRtxMessageQueueNew                    0x000028cd   Thumb Code   484  rtx_msgqueue.o(.text.svcRtxMessageQueueNew)
    [Anonymous Symbol]                       0x000028cc   Section        0  rtx_msgqueue.o(.text.svcRtxMessageQueueNew)
    __arm_cp.14_0                            0x00002a98   Number         4  rtx_msgqueue.o(.text.svcRtxMessageQueueNew)
    __arm_cp.14_1                            0x00002a9c   Number         4  rtx_msgqueue.o(.text.svcRtxMessageQueueNew)
    __arm_cp.14_2                            0x00002aa0   Number         4  rtx_msgqueue.o(.text.svcRtxMessageQueueNew)
    __arm_cp.14_3                            0x00002aa4   Number         4  rtx_msgqueue.o(.text.svcRtxMessageQueueNew)
    __arm_cp.14_4                            0x00002aa8   Number         4  rtx_msgqueue.o(.text.svcRtxMessageQueueNew)
    __arm_cp.14_5                            0x00002aac   Number         4  rtx_msgqueue.o(.text.svcRtxMessageQueueNew)
    svcRtxMessageQueuePut                    0x00002ab1   Thumb Code   184  rtx_msgqueue.o(.text.svcRtxMessageQueuePut)
    [Anonymous Symbol]                       0x00002ab0   Section        0  rtx_msgqueue.o(.text.svcRtxMessageQueuePut)
    svcRtxThreadExit                         0x00002b69   Thumb Code   108  rtx_thread.o(.text.svcRtxThreadExit)
    [Anonymous Symbol]                       0x00002b68   Section        0  rtx_thread.o(.text.svcRtxThreadExit)
    __arm_cp.54_0                            0x00002bd0   Number         4  rtx_thread.o(.text.svcRtxThreadExit)
    svcRtxThreadNew                          0x00002bd5   Thumb Code   492  rtx_thread.o(.text.svcRtxThreadNew)
    [Anonymous Symbol]                       0x00002bd4   Section        0  rtx_thread.o(.text.svcRtxThreadNew)
    __arm_cp.16_0                            0x00002da8   Number         4  rtx_thread.o(.text.svcRtxThreadNew)
    __arm_cp.16_1                            0x00002dac   Number         4  rtx_thread.o(.text.svcRtxThreadNew)
    __arm_cp.16_2                            0x00002db0   Number         4  rtx_thread.o(.text.svcRtxThreadNew)
    __arm_cp.16_3                            0x00002db4   Number         4  rtx_thread.o(.text.svcRtxThreadNew)
    __arm_cp.16_4                            0x00002db8   Number         4  rtx_thread.o(.text.svcRtxThreadNew)
    __arm_cp.16_5                            0x00002dbc   Number         4  rtx_thread.o(.text.svcRtxThreadNew)
    i.__scatterload_copy                     0x00002dc0   Section       14  handlers.o(i.__scatterload_copy)
    i.__scatterload_zeroinit                 0x00002dce   Section       14  handlers.o(i.__scatterload_zeroinit)
    __tagsym$$used.0                         0x00002ddc   Number         0  rtx_lib.o(.rodata)
    __tagsym$$used.1                         0x00002e44   Number         0  rtx_lib.o(.rodata)
    os_idle_thread_attr                      0x00002ea4   Data          36  rtx_lib.o(.rodata.os_idle_thread_attr)
    [Anonymous Symbol]                       0x00002ea4   Section        0  rtx_lib.o(.rodata.os_idle_thread_attr)
    os_timer_mq_attr                         0x00002ec8   Data          24  rtx_lib.o(.rodata.os_timer_mq_attr)
    [Anonymous Symbol]                       0x00002ec8   Section        0  rtx_lib.o(.rodata.os_timer_mq_attr)
    os_timer_thread_attr                     0x00002ee0   Data          36  rtx_lib.o(.rodata.os_timer_thread_attr)
    [Anonymous Symbol]                       0x00002ee0   Section        0  rtx_lib.o(.rodata.os_timer_thread_attr)
    .L.str                                   0x00002f28   Data          11  rtx_kernel.o(.rodata.str1.4)
    [Anonymous Symbol]                       0x00002f28   Section        0  rtx_kernel.o(.rodata.str1.4)
    PendST                                   0x1ffff3d0   Data           1  os_systick.o(.bss.PendST)
    [Anonymous Symbol]                       0x1ffff3d0   Section        0  os_systick.o(.bss.PendST)
    flashled_stk1                            0x1ffff3e8   Data         512  main.o(.bss.flashled_stk1)
    [Anonymous Symbol]                       0x1ffff3e8   Section        0  main.o(.bss.flashled_stk1)
    os_isr_queue                             0x1ffff5e8   Data          64  rtx_lib.o(.bss.os)
    [Anonymous Symbol]                       0x1ffff5e8   Section        0  rtx_lib.o(.bss.os)
    os_mem                                   0x1ffff628   Data        4096  rtx_lib.o(.bss.os)
    os_timer_mq_cb                           0x20000628   Data          52  rtx_lib.o(.bss.os.msgqueue.cb)
    [Anonymous Symbol]                       0x20000628   Section        0  rtx_lib.o(.bss.os.msgqueue.cb)
    os_timer_mq_data                         0x2000065c   Data          80  rtx_lib.o(.bss.os.msgqueue.mem)
    [Anonymous Symbol]                       0x2000065c   Section        0  rtx_lib.o(.bss.os.msgqueue.mem)
    os_idle_thread_cb                        0x200006ac   Data          68  rtx_lib.o(.bss.os.thread.cb)
    [Anonymous Symbol]                       0x200006ac   Section        0  rtx_lib.o(.bss.os.thread.cb)
    os_timer_thread_cb                       0x200006f0   Data          68  rtx_lib.o(.bss.os.thread.cb)
    os_idle_thread_stack                     0x20000738   Data         256  rtx_lib.o(.bss.os.thread.stack)
    [Anonymous Symbol]                       0x20000738   Section        0  rtx_lib.o(.bss.os.thread.stack)
    os_timer_thread_stack                    0x20000838   Data         256  rtx_lib.o(.bss.os.thread.stack)
    runningled_stk                           0x20000938   Data         512  main.o(.bss.runningled_stk)
    [Anonymous Symbol]                       0x20000938   Section        0  main.o(.bss.runningled_stk)
    STACK                                    0x20000b40   Section      256  startup_mkl25z4.o(STACK)

    Global Symbols

    Symbol Name                              Value     Ov Type        Size  Object(Section)

    BuildAttributes$$THM_ISAv3M$S$PE$A:L22$X:L11$S22$IEEE1$IW$~IW$USESV6$~STKCKD$USESV7$~SHL$OTIME$ROPI$EBA8$MICROLIB$REQ8$PRES8$EABIv2 0x00000000   Number         0  anon$$obj.o ABSOLUTE
    __Vectors                                0x00000000   Data           4  startup_mkl25z4.o(RESET)
    .bss.os.evflags.cb$$Base                  - Undefined Weak Reference
    .bss.os.evflags.cb$$Limit                 - Undefined Weak Reference
    .bss.os.mempool.cb$$Base                  - Undefined Weak Reference
    .bss.os.mempool.cb$$Limit                 - Undefined Weak Reference
    .bss.os.mutex.cb$$Base                    - Undefined Weak Reference
    .bss.os.mutex.cb$$Limit                   - Undefined Weak Reference
    .bss.os.semaphore.cb$$Base                - Undefined Weak Reference
    .bss.os.semaphore.cb$$Limit               - Undefined Weak Reference
    .bss.os.timer.cb$$Base                    - Undefined Weak Reference
    .bss.os.timer.cb$$Limit                   - Undefined Weak Reference
    __cpp_initialize__aeabi_                  - Undefined Weak Reference
    __cxa_finalize                            - Undefined Weak Reference
    _clock_init                               - Undefined Weak Reference
    _microlib_exit                            - Undefined Weak Reference
    __Vectors_End                            0x000000c0   Data           0  startup_mkl25z4.o(RESET)
    __Vectors_Size                           0x000000c0   Number         0  startup_mkl25z4.o ABSOLUTE
    __main                                   0x000000c1   Thumb Code     0  entry.o(.ARM.Collect$$$$00000000)
    _main_stk                                0x000000c1   Thumb Code     0  entry2.o(.ARM.Collect$$$$00000001)
    _main_scatterload                        0x000000c5   Thumb Code     0  entry5.o(.ARM.Collect$$$$00000004)
    __main_after_scatterload                 0x000000c9   Thumb Code     0  entry5.o(.ARM.Collect$$$$00000004)
    _main_clock                              0x000000c9   Thumb Code     0  entry7b.o(.ARM.Collect$$$$00000008)
    _main_cpp_init                           0x000000c9   Thumb Code     0  entry8b.o(.ARM.Collect$$$$0000000A)
    _main_init                               0x000000c9   Thumb Code     0  entry9a.o(.ARM.Collect$$$$0000000B)
    __rt_final_cpp                           0x000000d1   Thumb Code     0  entry10a.o(.ARM.Collect$$$$0000000D)
    __rt_final_exit                          0x000000d1   Thumb Code     0  entry11a.o(.ARM.Collect$$$$0000000F)
    Reset_Handler                            0x000000d5   Thumb Code    12  startup_mkl25z4.o(.text)
    NMI_Handler                              0x000000e1   Thumb Code     2  startup_mkl25z4.o(.text)
    HardFault_Handler                        0x000000e3   Thumb Code     2  startup_mkl25z4.o(.text)
    ADC0_IRQHandler                          0x000000eb   Thumb Code     0  startup_mkl25z4.o(.text)
    CMP0_IRQHandler                          0x000000eb   Thumb Code     0  startup_mkl25z4.o(.text)
    DAC0_IRQHandler                          0x000000eb   Thumb Code     0  startup_mkl25z4.o(.text)
    DMA0_IRQHandler                          0x000000eb   Thumb Code     0  startup_mkl25z4.o(.text)
    DMA1_IRQHandler                          0x000000eb   Thumb Code     0  startup_mkl25z4.o(.text)
    DMA2_IRQHandler                          0x000000eb   Thumb Code     0  startup_mkl25z4.o(.text)
    DMA3_IRQHandler                          0x000000eb   Thumb Code     0  startup_mkl25z4.o(.text)
    DefaultISR                               0x000000eb   Thumb Code     0  startup_mkl25z4.o(.text)
    FTFA_IRQHandler                          0x000000eb   Thumb Code     0  startup_mkl25z4.o(.text)
    I2C0_IRQHandler                          0x000000eb   Thumb Code     0  startup_mkl25z4.o(.text)
    I2C1_IRQHandler                          0x000000eb   Thumb Code     0  startup_mkl25z4.o(.text)
    LLWU_IRQHandler                          0x000000eb   Thumb Code     0  startup_mkl25z4.o(.text)
    LPTMR0_IRQHandler                        0x000000eb   Thumb Code     0  startup_mkl25z4.o(.text)
    LVD_LVW_IRQHandler                       0x000000eb   Thumb Code     0  startup_mkl25z4.o(.text)
    MCG_IRQHandler                           0x000000eb   Thumb Code     0  startup_mkl25z4.o(.text)
    PIT_IRQHandler                           0x000000eb   Thumb Code     0  startup_mkl25z4.o(.text)
    PORTA_IRQHandler                         0x000000eb   Thumb Code     0  startup_mkl25z4.o(.text)
    PORTD_IRQHandler                         0x000000eb   Thumb Code     0  startup_mkl25z4.o(.text)
    RTC_IRQHandler                           0x000000eb   Thumb Code     0  startup_mkl25z4.o(.text)
    RTC_Seconds_IRQHandler                   0x000000eb   Thumb Code     0  startup_mkl25z4.o(.text)
    Reserved20_IRQHandler                    0x000000eb   Thumb Code     0  startup_mkl25z4.o(.text)
    Reserved39_IRQHandler                    0x000000eb   Thumb Code     0  startup_mkl25z4.o(.text)
    Reserved45_IRQHandler                    0x000000eb   Thumb Code     0  startup_mkl25z4.o(.text)
    SPI0_IRQHandler                          0x000000eb   Thumb Code     0  startup_mkl25z4.o(.text)
    SPI1_IRQHandler                          0x000000eb   Thumb Code     0  startup_mkl25z4.o(.text)
    TPM0_IRQHandler                          0x000000eb   Thumb Code     0  startup_mkl25z4.o(.text)
    TPM1_IRQHandler                          0x000000eb   Thumb Code     0  startup_mkl25z4.o(.text)
    TPM2_IRQHandler                          0x000000eb   Thumb Code     0  startup_mkl25z4.o(.text)
    TSI0_IRQHandler                          0x000000eb   Thumb Code     0  startup_mkl25z4.o(.text)
    UART0_IRQHandler                         0x000000eb   Thumb Code     0  startup_mkl25z4.o(.text)
    UART1_IRQHandler                         0x000000eb   Thumb Code     0  startup_mkl25z4.o(.text)
    USB0_IRQHandler                          0x000000eb   Thumb Code     0  startup_mkl25z4.o(.text)
    SVC_Handler                              0x000000fd   Thumb Code   132  irq_cm0.o(.text)
    PendSV_Handler                           0x00000181   Thumb Code    12  irq_cm0.o(.text)
    SysTick_Handler                          0x0000018d   Thumb Code    12  irq_cm0.o(.text)
    __aeabi_memcpy                           0x000001a1   Thumb Code    36  memcpya.o(.text)
    __aeabi_memcpy4                          0x000001a1   Thumb Code     0  memcpya.o(.text)
    __aeabi_memcpy8                          0x000001a1   Thumb Code     0  memcpya.o(.text)
    __aeabi_memset                           0x000001c5   Thumb Code    14  memseta.o(.text)
    __aeabi_memset4                          0x000001c5   Thumb Code     0  memseta.o(.text)
    __aeabi_memset8                          0x000001c5   Thumb Code     0  memseta.o(.text)
    __aeabi_memclr                           0x000001d3   Thumb Code     4  memseta.o(.text)
    __aeabi_memclr4                          0x000001d3   Thumb Code     0  memseta.o(.text)
    __aeabi_memclr8                          0x000001d3   Thumb Code     0  memseta.o(.text)
    _memset$wrapper                          0x000001d7   Thumb Code    18  memseta.o(.text)
    __aeabi_fmul                             0x000001e9   Thumb Code   122  fmul.o(.text)
    __aeabi_fdiv                             0x00000263   Thumb Code   124  fdiv.o(.text)
    __aeabi_i2f                              0x000002df   Thumb Code    22  fflti.o(.text)
    __aeabi_f2iz                             0x000002f5   Thumb Code    50  ffixi.o(.text)
    __aeabi_uidiv                            0x00000327   Thumb Code     0  uidiv_div0.o(.text)
    __aeabi_uidivmod                         0x00000327   Thumb Code    62  uidiv_div0.o(.text)
    __aeabi_idiv                             0x00000365   Thumb Code     0  idiv_div0.o(.text)
    __aeabi_idivmod$div0                     0x00000365   Thumb Code    74  idiv_div0.o(.text)
    __I$use$fp                               0x000003b5   Thumb Code     0  iusefp.o(.text)
    __scatterload                            0x000003b5   Thumb Code    28  init.o(.text)
    __scatterload_rt2                        0x000003b5   Thumb Code     0  init.o(.text)
    OS_Tick_GetIRQn                          0x000003f7   Thumb Code     6  os_systick.o(.text.OS_Tick_GetIRQn)
    osRtxKernelPreInit                       0x000003fd   Thumb Code     2  rtx_kernel.o(.text.osRtxKernelPreInit)
    __scatterload_null                       0x000003ff   Thumb Code     2  handlers.o(i.__scatterload_null)
    _float_round                             0x00000411   Thumb Code    16  fepilogue.o(.text)
    _float_epilogue                          0x00000421   Thumb Code   114  fepilogue.o(.text)
    __decompress                             0x00000493   Thumb Code     0  __dczerorl2.o(.text)
    __decompress1                            0x00000493   Thumb Code    86  __dczerorl2.o(.text)
    OS_Tick_AcknowledgeIRQ                   0x000005e5   Thumb Code     8  os_systick.o(.text.OS_Tick_AcknowledgeIRQ)
    OS_Tick_Enable                           0x000005ed   Thumb Code    36  os_systick.o(.text.OS_Tick_Enable)
    OS_Tick_Setup                            0x00000611   Thumb Code    72  os_systick.o(.text.OS_Tick_Setup)
    SystemCoreClockUpdate                    0x00000659   Thumb Code   508  system_mkl25z4.o(.text.SystemCoreClockUpdate)
    SystemInit                               0x00000869   Thumb Code   256  system_mkl25z4.o(.text.SystemInit)
    UART2_IRQHandler                         0x00000a55   Thumb Code    32  main.o(.text.UART2_IRQHandler)
    backward                                 0x00000b81   Thumb Code    32  motorcontrol.o(.text.backward)
    control                                  0x00000ba1   Thumb Code   512  main.o(.text.control)
    duty_cycle_calc                          0x00000dad   Thumb Code    36  audio.o(.text.duty_cycle_calc)
    end_sound_thread                         0x00000dd1   Thumb Code    28  main.o(.text.end_sound_thread)
    flashLEDFast                             0x00000df1   Thumb Code   336  led.o(.text.flashLEDFast)
    flashLedStationaryThread                 0x00000f45   Thumb Code    16  main.o(.text.flashLedStationaryThread)
    forward                                  0x00000f5d   Thumb Code    28  motorcontrol.o(.text.forward)
    freq_calc                                0x00000f7d   Thumb Code    20  audio.o(.text.freq_calc)
    initAudio                                0x00000f95   Thumb Code   108  audio.o(.text.initAudio)
    initBackLED                              0x0000100d   Thumb Code   260  led.o(.text.initBackLED)
    initFrontLED                             0x0000111d   Thumb Code   268  led.o(.text.initFrontLED)
    initLED                                  0x00001241   Thumb Code    84  led.o(.text.initLED)
    initMotor                                0x00001295   Thumb Code   228  motorcontrol.o(.text.initMotor)
    initUART2                                0x000013bd   Thumb Code   160  serial.o(.text.initUART2)
    left                                     0x00001489   Thumb Code    28  motorcontrol.o(.text.left)
    leftBackward                             0x000014a5   Thumb Code    28  motorcontrol.o(.text.leftBackward)
    leftForward                              0x000014c1   Thumb Code    28  motorcontrol.o(.text.leftForward)
    leftMotorMove                            0x000014e5   Thumb Code    68  motorcontrol.o(.text.leftMotorMove)
    main                                     0x00001531   Thumb Code   140  main.o(.text.main)
    offAllLED                                0x000015dd   Thumb Code    60  led.o(.text.offAllLED)
    osDelay                                  0x00001619   Thumb Code    40  rtx_delay.o(.text.osDelay)
    osEventFlagsClear                        0x00001641   Thumb Code    36  rtx_evflags.o(.text.osEventFlagsClear)
    osEventFlagsNew                          0x00001665   Thumb Code    36  rtx_evflags.o(.text.osEventFlagsNew)
    osEventFlagsSet                          0x00001689   Thumb Code    80  rtx_evflags.o(.text.osEventFlagsSet)
    osEventFlagsWait                         0x000016d9   Thumb Code    68  rtx_evflags.o(.text.osEventFlagsWait)
    osKernelInitialize                       0x0000171d   Thumb Code    40  rtx_kernel.o(.text.osKernelInitialize)
    osKernelStart                            0x00001745   Thumb Code    36  rtx_kernel.o(.text.osKernelStart)
    osMessageQueueGet                        0x00001769   Thumb Code   116  rtx_msgqueue.o(.text.osMessageQueueGet)
    osMessageQueueNew                        0x000017dd   Thumb Code    36  rtx_msgqueue.o(.text.osMessageQueueNew)
    osMessageQueuePut                        0x00001801   Thumb Code   120  rtx_msgqueue.o(.text.osMessageQueuePut)
    osRtxErrorNotify                         0x00001879   Thumb Code    64  rtx_config.o(.text.osRtxErrorNotify)
    osRtxIdleThread                          0x000018ed   Thumb Code     8  rtx_config.o(.text.osRtxIdleThread)
    osRtxMemoryAlloc                         0x000018f5   Thumb Code   124  rtx_memory.o(.text.osRtxMemoryAlloc)
    osRtxMemoryFree                          0x00001971   Thumb Code    78  rtx_memory.o(.text.osRtxMemoryFree)
    osRtxMemoryInit                          0x000019bf   Thumb Code    50  rtx_memory.o(.text.osRtxMemoryInit)
    osRtxMemoryPoolAlloc                     0x000019f1   Thumb Code    46  rtx_mempool.o(.text.osRtxMemoryPoolAlloc)
    osRtxMemoryPoolFree                      0x00001a1f   Thumb Code    58  rtx_mempool.o(.text.osRtxMemoryPoolFree)
    osRtxMemoryPoolInit                      0x00001a59   Thumb Code    62  rtx_mempool.o(.text.osRtxMemoryPoolInit)
    osRtxMutexOwnerRelease                   0x00001b53   Thumb Code    68  rtx_mutex.o(.text.osRtxMutexOwnerRelease)
    osRtxPendSV_Handler                      0x00001b99   Thumb Code   124  rtx_system.o(.text.osRtxPendSV_Handler)
    osRtxPostProcess                         0x00001c15   Thumb Code   104  rtx_system.o(.text.osRtxPostProcess)
    osRtxThreadDelayTick                     0x00001d6d   Thumb Code    52  rtx_thread.o(.text.osRtxThreadDelayTick)
    osRtxThreadDispatch                      0x00001da1   Thumb Code    76  rtx_thread.o(.text.osRtxThreadDispatch)
    osRtxThreadListGet                       0x00001e3d   Thumb Code    20  rtx_thread.o(.text.osRtxThreadListGet)
    osRtxThreadListPut                       0x00001e51   Thumb Code    44  rtx_thread.o(.text.osRtxThreadListPut)
    osRtxThreadListRemove                    0x00001e7d   Thumb Code    24  rtx_thread.o(.text.osRtxThreadListRemove)
    osRtxThreadReadyPut                      0x00001ebd   Thumb Code    20  rtx_thread.o(.text.osRtxThreadReadyPut)
    osRtxThreadRegPtr                        0x00001ed1   Thumb Code     6  rtx_thread.o(.text.osRtxThreadRegPtr)
    osRtxThreadStackCheck                    0x00001ed9   Thumb Code    40  rtx_thread.o(.text.osRtxThreadStackCheck)
    osRtxThreadStartup                       0x00001f01   Thumb Code    56  rtx_thread.o(.text.osRtxThreadStartup)
    osRtxThreadSwitch                        0x00001f39   Thumb Code    20  rtx_thread.o(.text.osRtxThreadSwitch)
    osRtxThreadWaitEnter                     0x00001f4d   Thumb Code    60  rtx_thread.o(.text.osRtxThreadWaitEnter)
    osRtxThreadWaitExit                      0x00001f89   Thumb Code    34  rtx_thread.o(.text.osRtxThreadWaitExit)
    osRtxTick_Handler                        0x00001fad   Thumb Code   112  rtx_system.o(.text.osRtxTick_Handler)
    osRtxTimerThread                         0x0000201d   Thumb Code    60  rtx_timer.o(.text.osRtxTimerThread)
    osThreadExit                             0x000020b9   Thumb Code    12  rtx_thread.o(.text.osThreadExit)
    osThreadNew                              0x000020c5   Thumb Code    36  rtx_thread.o(.text.osThreadNew)
    playEndAudio                             0x000020e9   Thumb Code   140  audio.o(.text.playEndAudio)
    pwm_cal                                  0x00002179   Thumb Code    28  motorcontrol.o(.text.pwm_cal)
    right                                    0x00002199   Thumb Code    28  motorcontrol.o(.text.right)
    rightBackward                            0x000021b5   Thumb Code    28  motorcontrol.o(.text.rightBackward)
    rightForward                             0x000021d1   Thumb Code    28  motorcontrol.o(.text.rightForward)
    rightMotorMove                           0x000021f5   Thumb Code    68  motorcontrol.o(.text.rightMotorMove)
    run_sound_thread                         0x00002241   Thumb Code   156  main.o(.text.run_sound_thread)
    runningLED                               0x000022e9   Thumb Code   272  led.o(.text.runningLED)
    runningLedThread                         0x000023fd   Thumb Code    16  main.o(.text.runningLedThread)
    setLEDOutput                             0x00002415   Thumb Code    68  led.o(.text.setLEDOutput)
    stop                                     0x00002459   Thumb Code    28  motorcontrol.o(.text.stop)
    stopSound                                0x00002475   Thumb Code    24  audio.o(.text.stopSound)
    __scatterload_copy                       0x00002dc1   Thumb Code    14  handlers.o(i.__scatterload_copy)
    __scatterload_zeroinit                   0x00002dcf   Thumb Code    14  handlers.o(i.__scatterload_zeroinit)
    osRtxConfig                              0x00002ddc   Data         104  rtx_lib.o(.rodata)
    os_cb_sections                           0x00002e44   Data          56  rtx_lib.o(.rodata)
    flashled_attr1                           0x00002e7c   Data          36  main.o(.rodata.flashled_attr1)
    osRtxUserSVC                             0x00002ea0   Data           4  rtx_lib.o(.rodata.osRtxUserSVC)
    runningled_attr                          0x00002f04   Data          36  main.o(.rodata.runningled_attr)
    Region$$Table$$Base                      0x00002f34   Number         0  anon$$obj.o(Region$$Table)
    Region$$Table$$Limit                     0x00002f54   Number         0  anon$$obj.o(Region$$Table)
    SystemCoreClock                          0x1ffff000   Data           4  system_mkl25z4.o(.data.SystemCoreClock)
    end_song                                 0x1ffff004   Data         104  audio.o(.data.end_song)
    osRtxInfo                                0x1ffff06c   Data         164  rtx_kernel.o(.data.os)
    run_song                                 0x1ffff110   Data         704  main.o(.data.run_song)
    flagEndingSound                          0x1ffff3d4   Data           4  main.o(.bss.flagEndingSound)
    flagFinish                               0x1ffff3d8   Data           4  main.o(.bss.flagFinish)
    flagRunning                              0x1ffff3dc   Data           4  main.o(.bss.flagRunning)
    flagRunningSound                         0x1ffff3e0   Data           4  main.o(.bss.flagRunningSound)
    flagStation                              0x1ffff3e4   Data           4  main.o(.bss.flagStation)
    .bss.os.msgqueue.cb$$Base                0x20000628   Number         0  rtx_lib.o(.bss.os.msgqueue.cb)
    .bss.os.msgqueue.cb$$Limit               0x2000065c   Number         0  rtx_lib.o(.bss.os.msgqueue.cb)
    .bss.os.thread.cb$$Base                  0x200006ac   Number         0  rtx_lib.o(.bss.os.thread.cb)
    .bss.os.thread.cb$$Limit                 0x20000734   Number         0  rtx_lib.o(.bss.os.thread.cb)
    rx_data                                  0x20000b38   Data           1  main.o(.bss.rx_data)
    __initial_sp                             0x20000c40   Data           0  startup_mkl25z4.o(STACK)



==============================================================================

Memory Map of the image

  Image Entry point : 0x000000d5

  Load Region LR_1 (Base: 0x00000000, Size: 0x00003324, Max: 0xffffffff, ABSOLUTE, COMPRESSED[0x0000301c])

    Execution Region ER_RO (Exec base: 0x00000000, Load base: 0x00000000, Size: 0x00002f54, Max: 0xffffffff, ABSOLUTE)

    Exec Addr    Load Addr    Size         Type   Attr      Idx    E Section Name        Object

    0x00000000   0x00000000   0x000000c0   Data   RO          174    RESET               startup_mkl25z4.o
    0x000000c0   0x000000c0   0x00000000   Code   RO          701  * .ARM.Collect$$$$00000000  mc_p.l(entry.o)
    0x000000c0   0x000000c0   0x00000004   Code   RO          724    .ARM.Collect$$$$00000001  mc_p.l(entry2.o)
    0x000000c4   0x000000c4   0x00000004   Code   RO          727    .ARM.Collect$$$$00000004  mc_p.l(entry5.o)
    0x000000c8   0x000000c8   0x00000000   Code   RO          729    .ARM.Collect$$$$00000008  mc_p.l(entry7b.o)
    0x000000c8   0x000000c8   0x00000000   Code   RO          731    .ARM.Collect$$$$0000000A  mc_p.l(entry8b.o)
    0x000000c8   0x000000c8   0x00000008   Code   RO          732    .ARM.Collect$$$$0000000B  mc_p.l(entry9a.o)
    0x000000d0   0x000000d0   0x00000000   Code   RO          734    .ARM.Collect$$$$0000000D  mc_p.l(entry10a.o)
    0x000000d0   0x000000d0   0x00000000   Code   RO          736    .ARM.Collect$$$$0000000F  mc_p.l(entry11a.o)
    0x000000d0   0x000000d0   0x00000004   Code   RO          725    .ARM.Collect$$$$00002712  mc_p.l(entry2.o)
    0x000000d4   0x000000d4   0x00000028   Code   RO          176  * .text               startup_mkl25z4.o
    0x000000fc   0x000000fc   0x000000a4   Code   RO          453    .text               RTX_CM0.lib(irq_cm0.o)
    0x000001a0   0x000001a0   0x00000024   Code   RO          710    .text               mc_p.l(memcpya.o)
    0x000001c4   0x000001c4   0x00000024   Code   RO          712    .text               mc_p.l(memseta.o)
    0x000001e8   0x000001e8   0x0000007a   Code   RO          716    .text               mf_p.l(fmul.o)
    0x00000262   0x00000262   0x0000007c   Code   RO          718    .text               mf_p.l(fdiv.o)
    0x000002de   0x000002de   0x00000016   Code   RO          720    .text               mf_p.l(fflti.o)
    0x000002f4   0x000002f4   0x00000032   Code   RO          722    .text               mf_p.l(ffixi.o)
    0x00000326   0x00000326   0x0000003e   Code   RO          740    .text               mc_p.l(uidiv_div0.o)
    0x00000364   0x00000364   0x00000050   Code   RO          742    .text               mc_p.l(idiv_div0.o)
    0x000003b4   0x000003b4   0x00000000   Code   RO          746    .text               mc_p.l(iusefp.o)
    0x000003b4   0x000003b4   0x00000024   Code   RO          749    .text               mc_p.l(init.o)
    0x000003d8   0x000003d8   0x0000001e   Code   RO          677    .text.MessageQueueRemove  RTX_CM0.lib(rtx_msgqueue.o)
    0x000003f6   0x000003f6   0x00000006   Code   RO          625    .text.OS_Tick_GetIRQn  RTX_CM0.lib(os_systick.o)
    0x000003fc   0x000003fc   0x00000002   Code   RO          197    .text.osRtxKernelPreInit  RTX_CM0.lib(rtx_kernel.o)
    0x000003fe   0x000003fe   0x00000002   Code   RO          754    i.__scatterload_null  mc_p.l(handlers.o)
    0x00000400   0x00000400   0x00000010   Code   RO          175    .ARM.__at_0x400     startup_mkl25z4.o
    0x00000410   0x00000410   0x00000082   Code   RO          747    .text               mf_p.l(fepilogue.o)
    0x00000492   0x00000492   0x00000056   Code   RO          759    .text               mc_p.l(__dczerorl2.o)
    0x000004e8   0x000004e8   0x0000004e   Code   RO          434    .text.EventFlagsCheck  RTX_CM0.lib(rtx_evflags.o)
    0x00000536   0x00000536   0x0000004c   Code   RO          685    .text.MessageQueueGet  RTX_CM0.lib(rtx_msgqueue.o)
    0x00000582   0x00000582   0x00000062   Code   RO          679    .text.MessageQueuePut  RTX_CM0.lib(rtx_msgqueue.o)
    0x000005e4   0x000005e4   0x00000008   Code   RO          623    .text.OS_Tick_AcknowledgeIRQ  RTX_CM0.lib(os_systick.o)
    0x000005ec   0x000005ec   0x00000024   Code   RO          619    .text.OS_Tick_Enable  RTX_CM0.lib(os_systick.o)
    0x00000610   0x00000610   0x00000048   Code   RO          617    .text.OS_Tick_Setup  RTX_CM0.lib(os_systick.o)
    0x00000658   0x00000658   0x00000210   Code   RO          187    .text.SystemCoreClockUpdate  system_mkl25z4.o
    0x00000868   0x00000868   0x00000150   Code   RO          185    .text.SystemInit    system_mkl25z4.o
    0x000009b8   0x000009b8   0x0000004e   Code   RO          342    .text.ThreadFlagsCheck  RTX_CM0.lib(rtx_thread.o)
    0x00000a06   0x00000a06   0x00000002   PAD
    0x00000a08   0x00000a08   0x0000004c   Code   RO          474    .text.TimerInsert   RTX_CM0.lib(rtx_timer.o)
    0x00000a54   0x00000a54   0x00000028   Code   RO           10    .text.UART2_IRQHandler  main.o
    0x00000a7c   0x00000a7c   0x00000028   Code   RO           12    .text.__NVIC_ClearPendingIRQ  main.o
    0x00000aa4   0x00000aa4   0x0000002c   Code   RO           90    .text.__NVIC_ClearPendingIRQ  serial.o
    0x00000ad0   0x00000ad0   0x0000002c   Code   RO           92    .text.__NVIC_EnableIRQ  serial.o
    0x00000afc   0x00000afc   0x00000084   Code   RO           88    .text.__NVIC_SetPriority  serial.o
    0x00000b80   0x00000b80   0x00000020   Code   RO           63    .text.backward      motorcontrol.o
    0x00000ba0   0x00000ba0   0x0000020c   Code   RO           22    .text.control       main.o
    0x00000dac   0x00000dac   0x00000024   Code   RO          103    .text.duty_cycle_calc  audio.o
    0x00000dd0   0x00000dd0   0x00000020   Code   RO           20    .text.end_sound_thread  main.o
    0x00000df0   0x00000df0   0x00000154   Code   RO          129    .text.flashLEDFast  led.o
    0x00000f44   0x00000f44   0x00000018   Code   RO            4    .text.flashLedStationaryThread  main.o
    0x00000f5c   0x00000f5c   0x00000020   Code   RO           61    .text.forward       motorcontrol.o
    0x00000f7c   0x00000f7c   0x00000018   Code   RO          101    .text.freq_calc     audio.o
    0x00000f94   0x00000f94   0x00000078   Code   RO          105    .text.initAudio     audio.o
    0x0000100c   0x0000100c   0x00000110   Code   RO          125    .text.initBackLED   led.o
    0x0000111c   0x0000111c   0x00000124   Code   RO          123    .text.initFrontLED  led.o
    0x00001240   0x00001240   0x00000054   Code   RO          119    .text.initLED       led.o
    0x00001294   0x00001294   0x00000128   Code   RO           55    .text.initMotor     motorcontrol.o
    0x000013bc   0x000013bc   0x000000cc   Code   RO           86    .text.initUART2     serial.o
    0x00001488   0x00001488   0x0000001c   Code   RO           65    .text.left          motorcontrol.o
    0x000014a4   0x000014a4   0x0000001c   Code   RO           77    .text.leftBackward  motorcontrol.o
    0x000014c0   0x000014c0   0x00000024   Code   RO           75    .text.leftForward   motorcontrol.o
    0x000014e4   0x000014e4   0x0000004c   Code   RO           59    .text.leftMotorMove  motorcontrol.o
    0x00001530   0x00001530   0x000000ac   Code   RO           26    .text.main          main.o
    0x000015dc   0x000015dc   0x0000003c   Code   RO          127    .text.offAllLED     led.o
    0x00001618   0x00001618   0x00000028   Code   RO          395    .text.osDelay       RTX_CM0.lib(rtx_delay.o)
    0x00001640   0x00001640   0x00000024   Code   RO          418    .text.osEventFlagsClear  RTX_CM0.lib(rtx_evflags.o)
    0x00001664   0x00001664   0x00000024   Code   RO          412    .text.osEventFlagsNew  RTX_CM0.lib(rtx_evflags.o)
    0x00001688   0x00001688   0x00000050   Code   RO          416    .text.osEventFlagsSet  RTX_CM0.lib(rtx_evflags.o)
    0x000016d8   0x000016d8   0x00000044   Code   RO          426    .text.osEventFlagsWait  RTX_CM0.lib(rtx_evflags.o)
    0x0000171c   0x0000171c   0x00000028   Code   RO          199    .text.osKernelInitialize  RTX_CM0.lib(rtx_kernel.o)
    0x00001744   0x00001744   0x00000024   Code   RO          209    .text.osKernelStart  RTX_CM0.lib(rtx_kernel.o)
    0x00001768   0x00001768   0x00000074   Code   RO          651    .text.osMessageQueueGet  RTX_CM0.lib(rtx_msgqueue.o)
    0x000017dc   0x000017dc   0x00000024   Code   RO          645    .text.osMessageQueueNew  RTX_CM0.lib(rtx_msgqueue.o)
    0x00001800   0x00001800   0x00000078   Code   RO          649    .text.osMessageQueuePut  RTX_CM0.lib(rtx_msgqueue.o)
    0x00001878   0x00001878   0x00000040   Code   RO          164    .text.osRtxErrorNotify  rtx_config.o
    0x000018b8   0x000018b8   0x00000034   Code   RO          432    .text.osRtxEventFlagsPostProcess  RTX_CM0.lib(rtx_evflags.o)
    0x000018ec   0x000018ec   0x00000008   Code   RO          162    .text.osRtxIdleThread  rtx_config.o
    0x000018f4   0x000018f4   0x0000007c   Code   RO          536    .text.osRtxMemoryAlloc  RTX_CM0.lib(rtx_memory.o)
    0x00001970   0x00001970   0x0000004e   Code   RO          538    .text.osRtxMemoryFree  RTX_CM0.lib(rtx_memory.o)
    0x000019be   0x000019be   0x00000032   Code   RO          534    .text.osRtxMemoryInit  RTX_CM0.lib(rtx_memory.o)
    0x000019f0   0x000019f0   0x0000002e   Code   RO          551    .text.osRtxMemoryPoolAlloc  RTX_CM0.lib(rtx_mempool.o)
    0x00001a1e   0x00001a1e   0x0000003a   Code   RO          553    .text.osRtxMemoryPoolFree  RTX_CM0.lib(rtx_mempool.o)
    0x00001a58   0x00001a58   0x0000003e   Code   RO          549    .text.osRtxMemoryPoolInit  RTX_CM0.lib(rtx_mempool.o)
    0x00001a96   0x00001a96   0x000000bc   Code   RO          675    .text.osRtxMessageQueuePostProcess  RTX_CM0.lib(rtx_msgqueue.o)
    0x00001b52   0x00001b52   0x00000044   Code   RO          499    .text.osRtxMutexOwnerRelease  RTX_CM0.lib(rtx_mutex.o)
    0x00001b96   0x00001b96   0x00000002   PAD
    0x00001b98   0x00001b98   0x0000007c   Code   RO          604    .text.osRtxPendSV_Handler  RTX_CM0.lib(rtx_system.o)
    0x00001c14   0x00001c14   0x00000068   Code   RO          606    .text.osRtxPostProcess  RTX_CM0.lib(rtx_system.o)
    0x00001c7c   0x00001c7c   0x00000034   Code   RO          282    .text.osRtxThreadBlock  RTX_CM0.lib(rtx_thread.o)
    0x00001cb0   0x00001cb0   0x0000007c   Code   RO          290    .text.osRtxThreadDelayInsert  RTX_CM0.lib(rtx_thread.o)
    0x00001d2c   0x00001d2c   0x00000040   Code   RO          286    .text.osRtxThreadDelayRemove  RTX_CM0.lib(rtx_thread.o)
    0x00001d6c   0x00001d6c   0x00000034   Code   RO          272    .text.osRtxThreadDelayTick  RTX_CM0.lib(rtx_thread.o)
    0x00001da0   0x00001da0   0x0000004c   Code   RO          280    .text.osRtxThreadDispatch  RTX_CM0.lib(rtx_thread.o)
    0x00001dec   0x00001dec   0x00000050   Code   RO          366    .text.osRtxThreadFree  RTX_CM0.lib(rtx_thread.o)
    0x00001e3c   0x00001e3c   0x00000014   Code   RO          264    .text.osRtxThreadListGet  RTX_CM0.lib(rtx_thread.o)
    0x00001e50   0x00001e50   0x0000002c   Code   RO          262    .text.osRtxThreadListPut  RTX_CM0.lib(rtx_thread.o)
    0x00001e7c   0x00001e7c   0x00000018   Code   RO          268    .text.osRtxThreadListRemove  RTX_CM0.lib(rtx_thread.o)
    0x00001e94   0x00001e94   0x00000026   Code   RO          340    .text.osRtxThreadPostProcess  RTX_CM0.lib(rtx_thread.o)
    0x00001eba   0x00001eba   0x00000002   PAD
    0x00001ebc   0x00001ebc   0x00000014   Code   RO          270    .text.osRtxThreadReadyPut  RTX_CM0.lib(rtx_thread.o)
    0x00001ed0   0x00001ed0   0x00000006   Code   RO          274    .text.osRtxThreadRegPtr  RTX_CM0.lib(rtx_thread.o)
    0x00001ed6   0x00001ed6   0x00000002   PAD
    0x00001ed8   0x00001ed8   0x00000028   Code   RO          278    .text.osRtxThreadStackCheck  RTX_CM0.lib(rtx_thread.o)
    0x00001f00   0x00001f00   0x00000038   Code   RO          292    .text.osRtxThreadStartup  RTX_CM0.lib(rtx_thread.o)
    0x00001f38   0x00001f38   0x00000014   Code   RO          276    .text.osRtxThreadSwitch  RTX_CM0.lib(rtx_thread.o)
    0x00001f4c   0x00001f4c   0x0000003c   Code   RO          288    .text.osRtxThreadWaitEnter  RTX_CM0.lib(rtx_thread.o)
    0x00001f88   0x00001f88   0x00000022   Code   RO          284    .text.osRtxThreadWaitExit  RTX_CM0.lib(rtx_thread.o)
    0x00001faa   0x00001faa   0x00000002   PAD
    0x00001fac   0x00001fac   0x00000070   Code   RO          602    .text.osRtxTick_Handler  RTX_CM0.lib(rtx_system.o)
    0x0000201c   0x0000201c   0x0000003c   Code   RO          458    .text.osRtxTimerThread  RTX_CM0.lib(rtx_timer.o)
    0x00002058   0x00002058   0x00000060   Code   RO          460    .text.osRtxTimerTick  RTX_CM0.lib(rtx_timer.o)
    0x000020b8   0x000020b8   0x0000000c   Code   RO          324    .text.osThreadExit  RTX_CM0.lib(rtx_thread.o)
    0x000020c4   0x000020c4   0x00000024   Code   RO          296    .text.osThreadNew   RTX_CM0.lib(rtx_thread.o)
    0x000020e8   0x000020e8   0x00000090   Code   RO          107    .text.playEndAudio  audio.o
    0x00002178   0x00002178   0x00000020   Code   RO           51    .text.pwm_cal       motorcontrol.o
    0x00002198   0x00002198   0x0000001c   Code   RO           67    .text.right         motorcontrol.o
    0x000021b4   0x000021b4   0x0000001c   Code   RO           73    .text.rightBackward  motorcontrol.o
    0x000021d0   0x000021d0   0x00000024   Code   RO           71    .text.rightForward  motorcontrol.o
    0x000021f4   0x000021f4   0x0000004c   Code   RO           57    .text.rightMotorMove  motorcontrol.o
    0x00002240   0x00002240   0x000000a8   Code   RO           14    .text.run_sound_thread  main.o
    0x000022e8   0x000022e8   0x00000114   Code   RO          135    .text.runningLED    led.o
    0x000023fc   0x000023fc   0x00000018   Code   RO            2    .text.runningLedThread  main.o
    0x00002414   0x00002414   0x00000044   Code   RO          121    .text.setLEDOutput  led.o
    0x00002458   0x00002458   0x0000001c   Code   RO           69    .text.stop          motorcontrol.o
    0x00002474   0x00002474   0x00000020   Code   RO          109    .text.stopSound     audio.o
    0x00002494   0x00002494   0x00000012   Code   RO          399    .text.svcRtxDelay   RTX_CM0.lib(rtx_delay.o)
    0x000024a6   0x000024a6   0x00000032   Code   RO          420    .text.svcRtxEventFlagsClear  RTX_CM0.lib(rtx_evflags.o)
    0x000024d8   0x000024d8   0x00000070   Code   RO          430    .text.svcRtxEventFlagsNew  RTX_CM0.lib(rtx_evflags.o)
    0x00002548   0x00002548   0x0000007c   Code   RO          438    .text.svcRtxEventFlagsSet  RTX_CM0.lib(rtx_evflags.o)
    0x000025c4   0x000025c4   0x00000060   Code   RO          440    .text.svcRtxEventFlagsWait  RTX_CM0.lib(rtx_evflags.o)
    0x00002624   0x00002624   0x00000140   Code   RO          237    .text.svcRtxKernelInitialize  RTX_CM0.lib(rtx_kernel.o)
    0x00002764   0x00002764   0x00000080   Code   RO          239    .text.svcRtxKernelStart  RTX_CM0.lib(rtx_kernel.o)
    0x000027e4   0x000027e4   0x000000e8   Code   RO          687    .text.svcRtxMessageQueueGet  RTX_CM0.lib(rtx_msgqueue.o)
    0x000028cc   0x000028cc   0x000001e4   Code   RO          673    .text.svcRtxMessageQueueNew  RTX_CM0.lib(rtx_msgqueue.o)
    0x00002ab0   0x00002ab0   0x000000b8   Code   RO          683    .text.svcRtxMessageQueuePut  RTX_CM0.lib(rtx_msgqueue.o)
    0x00002b68   0x00002b68   0x0000006c   Code   RO          370    .text.svcRtxThreadExit  RTX_CM0.lib(rtx_thread.o)
    0x00002bd4   0x00002bd4   0x000001ec   Code   RO          294    .text.svcRtxThreadNew  RTX_CM0.lib(rtx_thread.o)
    0x00002dc0   0x00002dc0   0x0000000e   Code   RO          753    i.__scatterload_copy  mc_p.l(handlers.o)
    0x00002dce   0x00002dce   0x0000000e   Code   RO          755    i.__scatterload_zeroinit  mc_p.l(handlers.o)
    0x00002ddc   0x00002ddc   0x00000068   Data   RO          149    .rodata             rtx_lib.o
    0x00002e44   0x00002e44   0x00000038   Data   RO          152    .rodata             rtx_lib.o
    0x00002e7c   0x00002e7c   0x00000024   Data   RO           31    .rodata.flashled_attr1  main.o
    0x00002ea0   0x00002ea0   0x00000004   Data   RO          151    .rodata.osRtxUserSVC  rtx_lib.o
    0x00002ea4   0x00002ea4   0x00000024   Data   RO          146    .rodata.os_idle_thread_attr  rtx_lib.o
    0x00002ec8   0x00002ec8   0x00000018   Data   RO          148    .rodata.os_timer_mq_attr  rtx_lib.o
    0x00002ee0   0x00002ee0   0x00000024   Data   RO          147    .rodata.os_timer_thread_attr  rtx_lib.o
    0x00002f04   0x00002f04   0x00000024   Data   RO           29    .rodata.runningled_attr  main.o
    0x00002f28   0x00002f28   0x0000000b   Data   RO          251    .rodata.str1.4      RTX_CM0.lib(rtx_kernel.o)
    0x00002f33   0x00002f33   0x00000001   PAD
    0x00002f34   0x00002f34   0x00000020   Data   RO          752    Region$$Table       anon$$obj.o


    Execution Region ER_RW (Exec base: 0x1ffff000, Load base: 0x00002f54, Size: 0x000003d0, Max: 0xffffffff, ABSOLUTE, COMPRESSED[0x000000c8])

    Exec Addr    Load Addr    Size         Type   Attr      Idx    E Section Name        Object

    0x1ffff000   COMPRESSED   0x00000004   Data   RW          189    .data.SystemCoreClock  system_mkl25z4.o
    0x1ffff004   COMPRESSED   0x00000068   Data   RW          111    .data.end_song      audio.o
    0x1ffff06c   COMPRESSED   0x000000a4   Data   RW          252    .data.os            RTX_CM0.lib(rtx_kernel.o)
    0x1ffff110   COMPRESSED   0x000002c0   Data   RW           36    .data.run_song      main.o


    Execution Region ER_ZI (Exec base: 0x1ffff3d0, Load base: 0x0000301c, Size: 0x00001870, Max: 0xffffffff, ABSOLUTE)

    Exec Addr    Load Addr    Size         Type   Attr      Idx    E Section Name        Object

    0x1ffff3d0        -       0x00000001   Zero   RW          635    .bss.PendST         RTX_CM0.lib(os_systick.o)
    0x1ffff3d1   0x0000301c   0x00000003   PAD
    0x1ffff3d4        -       0x00000004   Zero   RW           39    .bss.flagEndingSound  main.o
    0x1ffff3d8        -       0x00000004   Zero   RW           42    .bss.flagFinish     main.o
    0x1ffff3dc        -       0x00000004   Zero   RW           40    .bss.flagRunning    main.o
    0x1ffff3e0        -       0x00000004   Zero   RW           38    .bss.flagRunningSound  main.o
    0x1ffff3e4        -       0x00000004   Zero   RW           41    .bss.flagStation    main.o
    0x1ffff3e8        -       0x00000200   Zero   RW           30    .bss.flashled_stk1  main.o
    0x1ffff5e8        -       0x00001040   Zero   RW          145    .bss.os             rtx_lib.o
    0x20000628        -       0x00000034   Zero   RW          155    .bss.os.msgqueue.cb  rtx_lib.o
    0x2000065c        -       0x00000050   Zero   RW          156    .bss.os.msgqueue.mem  rtx_lib.o
    0x200006ac        -       0x00000088   Zero   RW          153    .bss.os.thread.cb   rtx_lib.o
    0x20000734   0x0000301c   0x00000004   PAD
    0x20000738        -       0x00000200   Zero   RW          154    .bss.os.thread.stack  rtx_lib.o
    0x20000938        -       0x00000200   Zero   RW           28    .bss.runningled_stk  main.o
    0x20000b38        -       0x00000001   Zero   RW           37    .bss.rx_data        main.o
    0x20000b39   0x0000301c   0x00000007   PAD
    0x20000b40        -       0x00000100   Zero   RW          172    STACK               startup_mkl25z4.o


==============================================================================

Image component sizes


      Code (inc. data)   RO Data    RW Data    ZI Data      Debug   Object Name

       356         28          0        104          0       2684   audio.o
      1392         44          0          0          0       4497   led.o
      1024         84         72        704       1045       6888   main.o
       756        108          0          0          0       3494   motorcontrol.o
        72         20          0          0          0        722   rtx_config.o
         0          0        260          0       4940       5489   rtx_lib.o
       424         60          0          0          0       3873   serial.o
        56         30        192          0        256        876   startup_mkl25z4.o
       864        100          0          4          0       3324   system_mkl25z4.o

    ----------------------------------------------------------------------
      4944        474        556        812       6252      31847   Object Totals
         0          0         32          0          0          0   (incl. Generated)
         0          0          0          0         11          0   (incl. Padding)

    ----------------------------------------------------------------------

      Code (inc. data)   RO Data    RW Data    ZI Data      Debug   Library Member Name

       164          8          0          0          0        496   irq_cm0.o
       122         16          0          0          1       2766   os_systick.o
        58          4          0          0          0       2753   rtx_delay.o
       732         20          0          0          0      12348   rtx_evflags.o
       526         24         11        164          0      16105   rtx_kernel.o
       252          0          0          0          0       2564   rtx_memory.o
       166          0          0          0          0      14282   rtx_mempool.o
      1564         40          0          0          0      17889   rtx_msgqueue.o
        68          0          0          0          0       9201   rtx_mutex.o
       340         14          0          0          0       4635   rtx_system.o
      1536         56          0          0          0      30867   rtx_thread.o
       232         20          0          0          0      10018   rtx_timer.o
        86          0          0          0          0          0   __dczerorl2.o
         0          0          0          0          0          0   entry.o
         0          0          0          0          0          0   entry10a.o
         0          0          0          0          0          0   entry11a.o
         8          4          0          0          0          0   entry2.o
         4          0          0          0          0          0   entry5.o
         0          0          0          0          0          0   entry7b.o
         0          0          0          0          0          0   entry8b.o
         8          4          0          0          0          0   entry9a.o
        30          0          0          0          0          0   handlers.o
        80          6          0          0          0         72   idiv_div0.o
        36          8          0          0          0         68   init.o
         0          0          0          0          0          0   iusefp.o
        36          0          0          0          0         60   memcpya.o
        36          0          0          0          0        100   memseta.o
        62          0          0          0          0         72   uidiv_div0.o
       124          0          0          0          0         72   fdiv.o
       130          0          0          0          0        144   fepilogue.o
        50          0          0          0          0         60   ffixi.o
        22          0          0          0          0         68   fflti.o
       122          0          0          0          0         72   fmul.o

    ----------------------------------------------------------------------
      6604        224         12        164          4     124712   Library Totals
        10          0          1          0          3          0   (incl. Padding)

    ----------------------------------------------------------------------

      Code (inc. data)   RO Data    RW Data    ZI Data      Debug   Library Name

      5760        202         11        164          1     123924   RTX_CM0.lib
       386         22          0          0          0        372   mc_p.l
       448          0          0          0          0        416   mf_p.l

    ----------------------------------------------------------------------
      6604        224         12        164          4     124712   Library Totals

    ----------------------------------------------------------------------

==============================================================================


      Code (inc. data)   RO Data    RW Data    ZI Data      Debug   

     11548        698        568        976       6256     156143   Grand Totals
     11548        698        568        200       6256     156143   ELF Image Totals (compressed)
     11548        698        568        200          0          0   ROM Totals

==============================================================================

    Total RO  Size (Code + RO Data)                12116 (  11.83kB)
    Total RW  Size (RW Data + ZI Data)              7232 (   7.06kB)
    Total ROM Size (Code + RO Data + RW Data)      12316 (  12.03kB)

==============================================================================

